/home/adamg/STApps/GS_Audio_N6/STM32N6-Audio-Low-Latency2/STM32N6_Audio_Model_Zoo_Deployable/Projects/GS/FSBL/Src/main.c:712:13:MX_GPIO_Init	64	static
/home/adamg/STApps/GS_Audio_N6/STM32N6-Audio-Low-Latency2/STM32N6_Audio_Model_Zoo_Deployable/Projects/GS/FSBL/Src/main.c:328:13:MX_GPDMA1_Init	16	static
/home/adamg/STApps/GS_Audio_N6/STM32N6-Audio-Low-Latency2/STM32N6_Audio_Model_Zoo_Deployable/Projects/GS/FSBL/Src/main.c:754:6:Error_Handler	0	static,ignoring_inline_asm
/home/adamg/STApps/GS_Audio_N6/STM32N6-Audio-Low-Latency2/STM32N6_Audio_Model_Zoo_Deployable/Projects/GS/FSBL/Src/main.c:358:13:MX_MDF1_Init	8	static
/home/adamg/STApps/GS_Audio_N6/STM32N6-Audio-Low-Latency2/STM32N6_Audio_Model_Zoo_Deployable/Projects/GS/FSBL/Src/main.c:575:13:MX_TIM6_Init	24	static
/home/adamg/STApps/GS_Audio_N6/STM32N6-Audio-Low-Latency2/STM32N6_Audio_Model_Zoo_Deployable/Projects/GS/FSBL/Src/main.c:522:13:MX_SAI1_Init	8	static
/home/adamg/STApps/GS_Audio_N6/STM32N6-Audio-Low-Latency2/STM32N6_Audio_Model_Zoo_Deployable/Projects/GS/FSBL/Src/main.c:613:13:MX_USART1_UART_Init	8	static
/home/adamg/STApps/GS_Audio_N6/STM32N6-Audio-Low-Latency2/STM32N6_Audio_Model_Zoo_Deployable/Projects/GS/FSBL/Src/main.c:302:13:MX_CACHEAXI_Init	8	static
/home/adamg/STApps/GS_Audio_N6/STM32N6-Audio-Low-Latency2/STM32N6_Audio_Model_Zoo_Deployable/Projects/GS/FSBL/Src/main.c:420:13:MX_RAMCFG_Init	8	static
/home/adamg/STApps/GS_Audio_N6/STM32N6-Audio-Low-Latency2/STM32N6_Audio_Model_Zoo_Deployable/Projects/GS/FSBL/Src/main.c:661:13:MX_XSPI2_Init	24	static
/home/adamg/STApps/GS_Audio_N6/STM32N6-Audio-Low-Latency2/STM32N6_Audio_Model_Zoo_Deployable/Projects/GS/FSBL/Src/main.c:473:15:SystemIsolation_Config	16	static
/home/adamg/STApps/GS_Audio_N6/STM32N6-Audio-Low-Latency2/STM32N6_Audio_Model_Zoo_Deployable/Projects/GS/FSBL/Src/main.c:170:6:SystemClock_Config	224	static
/home/adamg/STApps/GS_Audio_N6/STM32N6-Audio-Low-Latency2/STM32N6_Audio_Model_Zoo_Deployable/Projects/GS/FSBL/Src/main.c:283:6:PeriphCommonClock_Config	408	static
/home/adamg/STApps/GS_Audio_N6/STM32N6-Audio-Low-Latency2/STM32N6_Audio_Model_Zoo_Deployable/Projects/GS/FSBL/Src/main.c:100:5:main	8	static,ignoring_inline_asm
