../Middlewares/ST/AI/Npu/ll_aton/ll_sw_float.c:47:12:helper_emit_shape_index_axis	0	static
../Middlewares/ST/AI/Npu/ll_aton/ll_sw_float.c:69:6:ll_sw_forward_conv	544	static
../Middlewares/ST/AI/Npu/ll_aton/ll_sw_float.c:146:6:ll_sw_forward_gemm	440	static
../Middlewares/ST/AI/Npu/ll_aton/ll_sw_float.c:201:6:ll_sw_forward_matmul	352	static
../Middlewares/ST/AI/Npu/ll_aton/ll_sw_float.c:245:6:ll_sw_forward_resize	424	static
../Middlewares/ST/AI/Npu/ll_aton/ll_sw_float.c:318:6:ll_sw_forward_softmax	352	static
../Middlewares/ST/AI/Npu/ll_aton/ll_sw_float.c:369:6:ll_sw_forward_activ	456	static
../Middlewares/ST/AI/Npu/ll_aton/ll_sw_float.c:682:6:ll_sw_forward_arith	608	static
../Middlewares/ST/AI/Npu/ll_aton/ll_sw_float.c:842:6:ll_sw_forward_pool	312	static
../Middlewares/ST/AI/Npu/ll_aton/ll_sw_float.c:892:6:ll_sw_forward_global_pool	312	static
../Middlewares/ST/AI/Npu/ll_aton/ll_sw_float.c:939:6:ll_sw_forward_argmax	272	static
../Middlewares/ST/AI/Npu/ll_aton/ll_sw_float.c:972:6:ll_sw_forward_gather	360	static
../Middlewares/ST/AI/Npu/ll_aton/ll_sw_float.c:1015:6:ll_sw_forward_argmin	272	static
../Middlewares/ST/AI/Npu/ll_aton/ll_sw_float.c:1048:6:ll_sw_forward_reduce	296	static
../Middlewares/ST/AI/Npu/ll_aton/ll_sw_float.c:1124:6:ll_sw_forward_bn	520	static
../Middlewares/ST/AI/Npu/ll_aton/ll_sw_float.c:1212:6:ll_sw_forward_instance_normalization	432	static
../Middlewares/ST/AI/Npu/ll_aton/ll_sw_float.c:1266:6:ll_sw_forward_lpnormalization	280	static
../Middlewares/ST/AI/Npu/ll_aton/ll_sw_float.c:1302:6:ll_sw_forward_sign	272	static
../Middlewares/ST/AI/Npu/ll_aton/ll_sw_float.c:1337:6:ll_sw_forward_lrn	280	static
../Middlewares/ST/AI/Npu/ll_aton/ll_sw_float.c:1378:6:ll_sw_forward_tile	296	static
../Middlewares/ST/AI/Npu/ll_aton/ll_sw_float.c:1418:6:ll_sw_forward_concat	520	static
