/home/adamg/STApps/GS_Audio_N6/STM32N6-GettingStarted-Audio-main/Drivers/CMSIS/DSP/Source/BasicMathFunctions/arm_abs_f32.c:68:6:arm_abs_f32	224	static
/home/adamg/STApps/GS_Audio_N6/STM32N6-GettingStarted-Audio-main/Drivers/CMSIS/DSP/Source/BasicMathFunctions/arm_abs_f64.c:49:6:arm_abs_f64	32	static
/home/adamg/STApps/GS_Audio_N6/STM32N6-GettingStarted-Audio-main/Drivers/CMSIS/DSP/Source/BasicMathFunctions/arm_abs_q15.c:56:6:arm_abs_q15	208	static
/home/adamg/STApps/GS_Audio_N6/STM32N6-GettingStarted-Audio-main/Drivers/CMSIS/DSP/Source/BasicMathFunctions/arm_abs_q31.c:56:6:arm_abs_q31	208	static
/home/adamg/STApps/GS_Audio_N6/STM32N6-GettingStarted-Audio-main/Drivers/CMSIS/DSP/Source/BasicMathFunctions/arm_abs_q7.c:58:6:arm_abs_q7	216	static
/home/adamg/STApps/GS_Audio_N6/STM32N6-GettingStarted-Audio-main/Drivers/CMSIS/DSP/Source/BasicMathFunctions/arm_add_f32.c:65:6:arm_add_f32	320	static
/home/adamg/STApps/GS_Audio_N6/STM32N6-GettingStarted-Audio-main/Drivers/CMSIS/DSP/Source/BasicMathFunctions/arm_add_f64.c:49:6:arm_add_f64	32	static
/home/adamg/STApps/GS_Audio_N6/STM32N6-GettingStarted-Audio-main/Drivers/CMSIS/DSP/Source/BasicMathFunctions/arm_add_q15.c:57:6:arm_add_q15	304	static
/home/adamg/STApps/GS_Audio_N6/STM32N6-GettingStarted-Audio-main/Drivers/CMSIS/DSP/Source/BasicMathFunctions/arm_add_q31.c:57:6:arm_add_q31	304	static
/home/adamg/STApps/GS_Audio_N6/STM32N6-GettingStarted-Audio-main/Drivers/CMSIS/DSP/Source/BasicMathFunctions/arm_add_q7.c:58:6:arm_add_q7	312	static
/home/adamg/STApps/GS_Audio_N6/STM32N6-GettingStarted-Audio-main/Drivers/CMSIS/DSP/Source/BasicMathFunctions/arm_and_u16.c:57:6:arm_and_u16	240	static
/home/adamg/STApps/GS_Audio_N6/STM32N6-GettingStarted-Audio-main/Drivers/CMSIS/DSP/Source/BasicMathFunctions/arm_and_u32.c:49:6:arm_and_u32	240	static
/home/adamg/STApps/GS_Audio_N6/STM32N6-GettingStarted-Audio-main/Drivers/CMSIS/DSP/Source/BasicMathFunctions/arm_and_u8.c:50:6:arm_and_u8	248	static
/home/adamg/STApps/GS_Audio_N6/STM32N6-GettingStarted-Audio-main/Drivers/CMSIS/DSP/Source/BasicMathFunctions/arm_dot_prod_f32.c:67:6:arm_dot_prod_f32	464	static
/home/adamg/STApps/GS_Audio_N6/STM32N6-GettingStarted-Audio-main/Drivers/CMSIS/DSP/Source/BasicMathFunctions/arm_dot_prod_f64.c:49:6:arm_dot_prod_f64	40	static
/home/adamg/STApps/GS_Audio_N6/STM32N6-GettingStarted-Audio-main/Drivers/CMSIS/DSP/Source/BasicMathFunctions/arm_dot_prod_q15.c:59:6:arm_dot_prod_q15	264	static
/home/adamg/STApps/GS_Audio_N6/STM32N6-GettingStarted-Audio-main/Drivers/CMSIS/DSP/Source/BasicMathFunctions/arm_dot_prod_q31.c:61:6:arm_dot_prod_q31	280	static
/home/adamg/STApps/GS_Audio_N6/STM32N6-GettingStarted-Audio-main/Drivers/CMSIS/DSP/Source/BasicMathFunctions/arm_dot_prod_q7.c:60:6:arm_dot_prod_q7	256	static
/home/adamg/STApps/GS_Audio_N6/STM32N6-GettingStarted-Audio-main/Drivers/CMSIS/DSP/Source/BasicMathFunctions/arm_mult_f32.c:65:6:arm_mult_f32	320	static
/home/adamg/STApps/GS_Audio_N6/STM32N6-GettingStarted-Audio-main/Drivers/CMSIS/DSP/Source/BasicMathFunctions/arm_mult_f64.c:49:6:arm_mult_f64	32	static
/home/adamg/STApps/GS_Audio_N6/STM32N6-GettingStarted-Audio-main/Drivers/CMSIS/DSP/Source/BasicMathFunctions/arm_mult_q15.c:56:6:arm_mult_q15	304	static
/home/adamg/STApps/GS_Audio_N6/STM32N6-GettingStarted-Audio-main/Drivers/CMSIS/DSP/Source/BasicMathFunctions/arm_mult_q31.c:56:6:arm_mult_q31	304	static
/home/adamg/STApps/GS_Audio_N6/STM32N6-GettingStarted-Audio-main/Drivers/CMSIS/DSP/Source/BasicMathFunctions/arm_mult_q7.c:56:6:arm_mult_q7	312	static
/home/adamg/STApps/GS_Audio_N6/STM32N6-GettingStarted-Audio-main/Drivers/CMSIS/DSP/Source/BasicMathFunctions/arm_negate_f32.c:66:6:arm_negate_f32	224	static
/home/adamg/STApps/GS_Audio_N6/STM32N6-GettingStarted-Audio-main/Drivers/CMSIS/DSP/Source/BasicMathFunctions/arm_negate_f64.c:48:6:arm_negate_f64	32	static
/home/adamg/STApps/GS_Audio_N6/STM32N6-GettingStarted-Audio-main/Drivers/CMSIS/DSP/Source/BasicMathFunctions/arm_negate_q15.c:57:6:arm_negate_q15	208	static
/home/adamg/STApps/GS_Audio_N6/STM32N6-GettingStarted-Audio-main/Drivers/CMSIS/DSP/Source/BasicMathFunctions/arm_negate_q31.c:56:6:arm_negate_q31	208	static
/home/adamg/STApps/GS_Audio_N6/STM32N6-GettingStarted-Audio-main/Drivers/CMSIS/DSP/Source/BasicMathFunctions/arm_negate_q7.c:55:6:arm_negate_q7	216	static
/home/adamg/STApps/GS_Audio_N6/STM32N6-GettingStarted-Audio-main/Drivers/CMSIS/DSP/Source/BasicMathFunctions/arm_not_u16.c:56:6:arm_not_u16	176	static
/home/adamg/STApps/GS_Audio_N6/STM32N6-GettingStarted-Audio-main/Drivers/CMSIS/DSP/Source/BasicMathFunctions/arm_not_u32.c:48:6:arm_not_u32	176	static
/home/adamg/STApps/GS_Audio_N6/STM32N6-GettingStarted-Audio-main/Drivers/CMSIS/DSP/Source/BasicMathFunctions/arm_not_u8.c:48:6:arm_not_u8	184	static
/home/adamg/STApps/GS_Audio_N6/STM32N6-GettingStarted-Audio-main/Drivers/CMSIS/DSP/Source/BasicMathFunctions/arm_offset_f32.c:67:6:arm_offset_f32	256	static
/home/adamg/STApps/GS_Audio_N6/STM32N6-GettingStarted-Audio-main/Drivers/CMSIS/DSP/Source/BasicMathFunctions/arm_offset_f64.c:49:6:arm_offset_f64	40	static
/home/adamg/STApps/GS_Audio_N6/STM32N6-GettingStarted-Audio-main/Drivers/CMSIS/DSP/Source/BasicMathFunctions/arm_offset_q15.c:56:6:arm_offset_q15	240	static
/home/adamg/STApps/GS_Audio_N6/STM32N6-GettingStarted-Audio-main/Drivers/CMSIS/DSP/Source/BasicMathFunctions/arm_offset_q31.c:57:6:arm_offset_q31	240	static
/home/adamg/STApps/GS_Audio_N6/STM32N6-GettingStarted-Audio-main/Drivers/CMSIS/DSP/Source/BasicMathFunctions/arm_offset_q7.c:56:6:arm_offset_q7	248	static
/home/adamg/STApps/GS_Audio_N6/STM32N6-GettingStarted-Audio-main/Drivers/CMSIS/DSP/Source/BasicMathFunctions/arm_or_u16.c:57:6:arm_or_u16	240	static
/home/adamg/STApps/GS_Audio_N6/STM32N6-GettingStarted-Audio-main/Drivers/CMSIS/DSP/Source/BasicMathFunctions/arm_or_u32.c:49:6:arm_or_u32	240	static
/home/adamg/STApps/GS_Audio_N6/STM32N6-GettingStarted-Audio-main/Drivers/CMSIS/DSP/Source/BasicMathFunctions/arm_or_u8.c:49:6:arm_or_u8	248	static
/home/adamg/STApps/GS_Audio_N6/STM32N6-GettingStarted-Audio-main/Drivers/CMSIS/DSP/Source/BasicMathFunctions/arm_scale_f32.c:80:6:arm_scale_f32	256	static
/home/adamg/STApps/GS_Audio_N6/STM32N6-GettingStarted-Audio-main/Drivers/CMSIS/DSP/Source/BasicMathFunctions/arm_scale_f64.c:49:6:arm_scale_f64	40	static
/home/adamg/STApps/GS_Audio_N6/STM32N6-GettingStarted-Audio-main/Drivers/CMSIS/DSP/Source/BasicMathFunctions/arm_scale_q15.c:58:6:arm_scale_q15	384	static
/home/adamg/STApps/GS_Audio_N6/STM32N6-GettingStarted-Audio-main/Drivers/CMSIS/DSP/Source/BasicMathFunctions/arm_scale_q31.c:58:6:arm_scale_q31	384	static
/home/adamg/STApps/GS_Audio_N6/STM32N6-GettingStarted-Audio-main/Drivers/CMSIS/DSP/Source/BasicMathFunctions/arm_scale_q7.c:59:6:arm_scale_q7	392	static
/home/adamg/STApps/GS_Audio_N6/STM32N6-GettingStarted-Audio-main/Drivers/CMSIS/DSP/Source/BasicMathFunctions/arm_shift_q15.c:57:6:arm_shift_q15	240	static
/home/adamg/STApps/GS_Audio_N6/STM32N6-GettingStarted-Audio-main/Drivers/CMSIS/DSP/Source/BasicMathFunctions/arm_shift_q31.c:74:6:arm_shift_q31	240	static
/home/adamg/STApps/GS_Audio_N6/STM32N6-GettingStarted-Audio-main/Drivers/CMSIS/DSP/Source/BasicMathFunctions/arm_shift_q7.c:59:6:arm_shift_q7	248	static
/home/adamg/STApps/GS_Audio_N6/STM32N6-GettingStarted-Audio-main/Drivers/CMSIS/DSP/Source/BasicMathFunctions/arm_sub_f32.c:65:6:arm_sub_f32	320	static
/home/adamg/STApps/GS_Audio_N6/STM32N6-GettingStarted-Audio-main/Drivers/CMSIS/DSP/Source/BasicMathFunctions/arm_sub_f64.c:49:6:arm_sub_f64	32	static
/home/adamg/STApps/GS_Audio_N6/STM32N6-GettingStarted-Audio-main/Drivers/CMSIS/DSP/Source/BasicMathFunctions/arm_sub_q15.c:57:6:arm_sub_q15	304	static
/home/adamg/STApps/GS_Audio_N6/STM32N6-GettingStarted-Audio-main/Drivers/CMSIS/DSP/Source/BasicMathFunctions/arm_sub_q31.c:57:6:arm_sub_q31	304	static
/home/adamg/STApps/GS_Audio_N6/STM32N6-GettingStarted-Audio-main/Drivers/CMSIS/DSP/Source/BasicMathFunctions/arm_sub_q7.c:56:6:arm_sub_q7	312	static
/home/adamg/STApps/GS_Audio_N6/STM32N6-GettingStarted-Audio-main/Drivers/CMSIS/DSP/Source/BasicMathFunctions/arm_xor_u16.c:57:6:arm_xor_u16	240	static
/home/adamg/STApps/GS_Audio_N6/STM32N6-GettingStarted-Audio-main/Drivers/CMSIS/DSP/Source/BasicMathFunctions/arm_xor_u32.c:49:6:arm_xor_u32	240	static
/home/adamg/STApps/GS_Audio_N6/STM32N6-GettingStarted-Audio-main/Drivers/CMSIS/DSP/Source/BasicMathFunctions/arm_xor_u8.c:49:6:arm_xor_u8	248	static
/home/adamg/STApps/GS_Audio_N6/STM32N6-GettingStarted-Audio-main/Drivers/CMSIS/DSP/Source/BasicMathFunctions/arm_clip_f32.c:63:6:arm_clip_f32	824	static
/home/adamg/STApps/GS_Audio_N6/STM32N6-GettingStarted-Audio-main/Drivers/CMSIS/DSP/Source/BasicMathFunctions/arm_clip_q31.c:53:6:arm_clip_q31	816	static
/home/adamg/STApps/GS_Audio_N6/STM32N6-GettingStarted-Audio-main/Drivers/CMSIS/DSP/Source/BasicMathFunctions/arm_clip_q15.c:53:6:arm_clip_q15	816	static
/home/adamg/STApps/GS_Audio_N6/STM32N6-GettingStarted-Audio-main/Drivers/CMSIS/DSP/Source/BasicMathFunctions/arm_clip_q7.c:53:6:arm_clip_q7	824	static
