../../../../Drivers/CMSIS/DSP/Include/dsp/utils.h:156:23:arm_norm_64_to_32u	48	static
../../../../Drivers/CMSIS/DSP/Include/dsp/utils.h:208:23:arm_div_q63_to_q31	64	static
../../../../Drivers/CMSIS/DSP/Include/arm_vec_math.h:79:25:vrecip_hiprec_f32	328	static
../../../../Drivers/CMSIS/DSP/Include/arm_vec_math.h:115:25:vdiv_f32	112	static
../../../../Drivers/CMSIS/DSP/Include/arm_vec_math.h:128:25:vtaylor_polyq_f32	784	static
../../../../Drivers/CMSIS/DSP/Include/arm_vec_math.h:143:25:vmant_exp_f32	64	static
../../../../Drivers/CMSIS/DSP/Include/arm_vec_math.h:160:25:vlogq_f32	960	static
../../../../Drivers/CMSIS/DSP/Include/arm_vec_math.h:220:25:vexpq_f32	312	static
/home/adamg/STApps/GS_Audio_N6/STM32N6-GettingStarted-Audio-main/Drivers/CMSIS/DSP/Source/StatisticsFunctions/arm_entropy_f32.c:54:11:arm_entropy_f32	336	static
/home/adamg/STApps/GS_Audio_N6/STM32N6-GettingStarted-Audio-main/Drivers/CMSIS/DSP/Source/StatisticsFunctions/arm_entropy_f64.c:47:11:arm_entropy_f64	40	static
/home/adamg/STApps/GS_Audio_N6/STM32N6-GettingStarted-Audio-main/Drivers/CMSIS/DSP/Source/StatisticsFunctions/arm_kullback_leibler_f32.c:60:11:arm_kullback_leibler_f32	376	static
/home/adamg/STApps/GS_Audio_N6/STM32N6-GettingStarted-Audio-main/Drivers/CMSIS/DSP/Source/StatisticsFunctions/arm_kullback_leibler_f64.c:48:11:arm_kullback_leibler_f64	64	static
/home/adamg/STApps/GS_Audio_N6/STM32N6-GettingStarted-Audio-main/Drivers/CMSIS/DSP/Source/StatisticsFunctions/arm_logsumexp_dot_prod_f32.c:54:11:arm_logsumexp_dot_prod_f32	32	static
/home/adamg/STApps/GS_Audio_N6/STM32N6-GettingStarted-Audio-main/Drivers/CMSIS/DSP/Source/StatisticsFunctions/arm_logsumexp_f32.c:69:11:arm_logsumexp_f32	312	static
/home/adamg/STApps/GS_Audio_N6/STM32N6-GettingStarted-Audio-main/Drivers/CMSIS/DSP/Source/StatisticsFunctions/arm_max_f32.c:61:6:arm_max_f32	584	static
/home/adamg/STApps/GS_Audio_N6/STM32N6-GettingStarted-Audio-main/Drivers/CMSIS/DSP/Source/StatisticsFunctions/arm_max_f64.c:48:6:arm_max_f64	48	static
/home/adamg/STApps/GS_Audio_N6/STM32N6-GettingStarted-Audio-main/Drivers/CMSIS/DSP/Source/StatisticsFunctions/arm_max_q15.c:52:6:arm_max_q15	600	static
/home/adamg/STApps/GS_Audio_N6/STM32N6-GettingStarted-Audio-main/Drivers/CMSIS/DSP/Source/StatisticsFunctions/arm_max_q31.c:52:6:arm_max_q31	608	static
/home/adamg/STApps/GS_Audio_N6/STM32N6-GettingStarted-Audio-main/Drivers/CMSIS/DSP/Source/StatisticsFunctions/arm_max_q7.c:52:13:arm_small_blk_max_q7	576	static
/home/adamg/STApps/GS_Audio_N6/STM32N6-GettingStarted-Audio-main/Drivers/CMSIS/DSP/Source/StatisticsFunctions/arm_max_q7.c:101:6:arm_max_q7	56	static
/home/adamg/STApps/GS_Audio_N6/STM32N6-GettingStarted-Audio-main/Drivers/CMSIS/DSP/Source/StatisticsFunctions/arm_max_no_idx_f32.c:54:6:arm_max_no_idx_f32	192	static
/home/adamg/STApps/GS_Audio_N6/STM32N6-GettingStarted-Audio-main/Drivers/CMSIS/DSP/Source/StatisticsFunctions/arm_max_no_idx_f64.c:48:6:arm_max_no_idx_f64	40	static
/home/adamg/STApps/GS_Audio_N6/STM32N6-GettingStarted-Audio-main/Drivers/CMSIS/DSP/Source/StatisticsFunctions/arm_max_no_idx_q31.c:53:6:arm_max_no_idx_q31	312	static
/home/adamg/STApps/GS_Audio_N6/STM32N6-GettingStarted-Audio-main/Drivers/CMSIS/DSP/Source/StatisticsFunctions/arm_max_no_idx_q15.c:53:6:arm_max_no_idx_q15	312	static
/home/adamg/STApps/GS_Audio_N6/STM32N6-GettingStarted-Audio-main/Drivers/CMSIS/DSP/Source/StatisticsFunctions/arm_max_no_idx_q7.c:53:6:arm_max_no_idx_q7	312	static
/home/adamg/STApps/GS_Audio_N6/STM32N6-GettingStarted-Audio-main/Drivers/CMSIS/DSP/Source/StatisticsFunctions/arm_mean_f32.c:52:6:arm_mean_f32	272	static
/home/adamg/STApps/GS_Audio_N6/STM32N6-GettingStarted-Audio-main/Drivers/CMSIS/DSP/Source/StatisticsFunctions/arm_mean_f64.c:48:6:arm_mean_f64	40	static
/home/adamg/STApps/GS_Audio_N6/STM32N6-GettingStarted-Audio-main/Drivers/CMSIS/DSP/Source/StatisticsFunctions/arm_mean_q15.c:57:6:arm_mean_q15	104	static
/home/adamg/STApps/GS_Audio_N6/STM32N6-GettingStarted-Audio-main/Drivers/CMSIS/DSP/Source/StatisticsFunctions/arm_mean_q31.c:56:6:arm_mean_q31	128	static
/home/adamg/STApps/GS_Audio_N6/STM32N6-GettingStarted-Audio-main/Drivers/CMSIS/DSP/Source/StatisticsFunctions/arm_mean_q7.c:58:6:arm_mean_q7	104	static
/home/adamg/STApps/GS_Audio_N6/STM32N6-GettingStarted-Audio-main/Drivers/CMSIS/DSP/Source/StatisticsFunctions/arm_min_f32.c:64:6:arm_min_f32	544	static
/home/adamg/STApps/GS_Audio_N6/STM32N6-GettingStarted-Audio-main/Drivers/CMSIS/DSP/Source/StatisticsFunctions/arm_min_f64.c:48:6:arm_min_f64	48	static
/home/adamg/STApps/GS_Audio_N6/STM32N6-GettingStarted-Audio-main/Drivers/CMSIS/DSP/Source/StatisticsFunctions/arm_min_q15.c:53:6:arm_min_q15	600	static
/home/adamg/STApps/GS_Audio_N6/STM32N6-GettingStarted-Audio-main/Drivers/CMSIS/DSP/Source/StatisticsFunctions/arm_min_q31.c:53:6:arm_min_q31	608	static
/home/adamg/STApps/GS_Audio_N6/STM32N6-GettingStarted-Audio-main/Drivers/CMSIS/DSP/Source/StatisticsFunctions/arm_min_q7.c:53:13:arm_small_blk_min_q7	544	static
/home/adamg/STApps/GS_Audio_N6/STM32N6-GettingStarted-Audio-main/Drivers/CMSIS/DSP/Source/StatisticsFunctions/arm_min_q7.c:130:6:arm_min_q7	48	static
/home/adamg/STApps/GS_Audio_N6/STM32N6-GettingStarted-Audio-main/Drivers/CMSIS/DSP/Source/StatisticsFunctions/arm_min_no_idx_f32.c:54:6:arm_min_no_idx_f32	192	static
/home/adamg/STApps/GS_Audio_N6/STM32N6-GettingStarted-Audio-main/Drivers/CMSIS/DSP/Source/StatisticsFunctions/arm_min_no_idx_f64.c:48:6:arm_min_no_idx_f64	40	static
/home/adamg/STApps/GS_Audio_N6/STM32N6-GettingStarted-Audio-main/Drivers/CMSIS/DSP/Source/StatisticsFunctions/arm_min_no_idx_q31.c:52:6:arm_min_no_idx_q31	312	static
/home/adamg/STApps/GS_Audio_N6/STM32N6-GettingStarted-Audio-main/Drivers/CMSIS/DSP/Source/StatisticsFunctions/arm_min_no_idx_q15.c:53:6:arm_min_no_idx_q15	312	static
/home/adamg/STApps/GS_Audio_N6/STM32N6-GettingStarted-Audio-main/Drivers/CMSIS/DSP/Source/StatisticsFunctions/arm_min_no_idx_q7.c:52:6:arm_min_no_idx_q7	312	static
/home/adamg/STApps/GS_Audio_N6/STM32N6-GettingStarted-Audio-main/Drivers/CMSIS/DSP/Source/StatisticsFunctions/arm_power_f32.c:68:6:arm_power_f32	336	static
/home/adamg/STApps/GS_Audio_N6/STM32N6-GettingStarted-Audio-main/Drivers/CMSIS/DSP/Source/StatisticsFunctions/arm_power_f64.c:47:6:arm_power_f64	48	static
/home/adamg/STApps/GS_Audio_N6/STM32N6-GettingStarted-Audio-main/Drivers/CMSIS/DSP/Source/StatisticsFunctions/arm_power_q15.c:58:6:arm_power_q15	168	static
/home/adamg/STApps/GS_Audio_N6/STM32N6-GettingStarted-Audio-main/Drivers/CMSIS/DSP/Source/StatisticsFunctions/arm_power_q31.c:58:6:arm_power_q31	200	static
/home/adamg/STApps/GS_Audio_N6/STM32N6-GettingStarted-Audio-main/Drivers/CMSIS/DSP/Source/StatisticsFunctions/arm_power_q7.c:57:6:arm_power_q7	144	static
/home/adamg/STApps/GS_Audio_N6/STM32N6-GettingStarted-Audio-main/Drivers/CMSIS/DSP/Source/StatisticsFunctions/arm_rms_f32.c:62:6:arm_rms_f32	40	static
/home/adamg/STApps/GS_Audio_N6/STM32N6-GettingStarted-Audio-main/Drivers/CMSIS/DSP/Source/StatisticsFunctions/arm_rms_q15.c:58:6:arm_rms_q15	56	static,ignoring_inline_asm
/home/adamg/STApps/GS_Audio_N6/STM32N6-GettingStarted-Audio-main/Drivers/CMSIS/DSP/Source/StatisticsFunctions/arm_rms_q31.c:61:6:arm_rms_q31	56	static
/home/adamg/STApps/GS_Audio_N6/STM32N6-GettingStarted-Audio-main/Drivers/CMSIS/DSP/Source/StatisticsFunctions/arm_std_f32.c:71:6:arm_std_f32	40	static
/home/adamg/STApps/GS_Audio_N6/STM32N6-GettingStarted-Audio-main/Drivers/CMSIS/DSP/Source/StatisticsFunctions/arm_std_f64.c:47:6:arm_std_f64	32	static
/home/adamg/STApps/GS_Audio_N6/STM32N6-GettingStarted-Audio-main/Drivers/CMSIS/DSP/Source/StatisticsFunctions/arm_std_q15.c:58:6:arm_std_q15	32	static
/home/adamg/STApps/GS_Audio_N6/STM32N6-GettingStarted-Audio-main/Drivers/CMSIS/DSP/Source/StatisticsFunctions/arm_std_q31.c:61:6:arm_std_q31	32	static
/home/adamg/STApps/GS_Audio_N6/STM32N6-GettingStarted-Audio-main/Drivers/CMSIS/DSP/Source/StatisticsFunctions/arm_var_f32.c:66:6:arm_var_f32	376	static
/home/adamg/STApps/GS_Audio_N6/STM32N6-GettingStarted-Audio-main/Drivers/CMSIS/DSP/Source/StatisticsFunctions/arm_var_f64.c:47:6:arm_var_f64	72	static
/home/adamg/STApps/GS_Audio_N6/STM32N6-GettingStarted-Audio-main/Drivers/CMSIS/DSP/Source/StatisticsFunctions/arm_var_q15.c:58:6:arm_var_q15	240	static,ignoring_inline_asm
/home/adamg/STApps/GS_Audio_N6/STM32N6-GettingStarted-Audio-main/Drivers/CMSIS/DSP/Source/StatisticsFunctions/arm_var_q31.c:61:6:arm_var_q31	352	static
/home/adamg/STApps/GS_Audio_N6/STM32N6-GettingStarted-Audio-main/Drivers/CMSIS/DSP/Source/StatisticsFunctions/arm_absmax_f32.c:63:6:arm_absmax_f32	696	static,ignoring_inline_asm
/home/adamg/STApps/GS_Audio_N6/STM32N6-GettingStarted-Audio-main/Drivers/CMSIS/DSP/Source/StatisticsFunctions/arm_absmax_f64.c:48:6:arm_absmax_f64	48	static
/home/adamg/STApps/GS_Audio_N6/STM32N6-GettingStarted-Audio-main/Drivers/CMSIS/DSP/Source/StatisticsFunctions/arm_absmax_q15.c:52:6:arm_absmax_q15	632	static
/home/adamg/STApps/GS_Audio_N6/STM32N6-GettingStarted-Audio-main/Drivers/CMSIS/DSP/Source/StatisticsFunctions/arm_absmax_q31.c:52:6:arm_absmax_q31	640	static
/home/adamg/STApps/GS_Audio_N6/STM32N6-GettingStarted-Audio-main/Drivers/CMSIS/DSP/Source/StatisticsFunctions/arm_absmax_q7.c:56:13:arm_small_blk_absmax_q7	608	static
/home/adamg/STApps/GS_Audio_N6/STM32N6-GettingStarted-Audio-main/Drivers/CMSIS/DSP/Source/StatisticsFunctions/arm_absmax_q7.c:107:6:arm_absmax_q7	48	static
/home/adamg/STApps/GS_Audio_N6/STM32N6-GettingStarted-Audio-main/Drivers/CMSIS/DSP/Source/StatisticsFunctions/arm_absmin_f32.c:65:6:arm_absmin_f32	840	static
/home/adamg/STApps/GS_Audio_N6/STM32N6-GettingStarted-Audio-main/Drivers/CMSIS/DSP/Source/StatisticsFunctions/arm_absmin_f64.c:48:6:arm_absmin_f64	48	static
/home/adamg/STApps/GS_Audio_N6/STM32N6-GettingStarted-Audio-main/Drivers/CMSIS/DSP/Source/StatisticsFunctions/arm_absmin_q15.c:53:6:arm_absmin_q15	872	static
/home/adamg/STApps/GS_Audio_N6/STM32N6-GettingStarted-Audio-main/Drivers/CMSIS/DSP/Source/StatisticsFunctions/arm_absmin_q31.c:54:6:arm_absmin_q31	872	static
/home/adamg/STApps/GS_Audio_N6/STM32N6-GettingStarted-Audio-main/Drivers/CMSIS/DSP/Source/StatisticsFunctions/arm_absmin_q7.c:56:13:arm_small_blk_absmin_q7	784	static
/home/adamg/STApps/GS_Audio_N6/STM32N6-GettingStarted-Audio-main/Drivers/CMSIS/DSP/Source/StatisticsFunctions/arm_absmin_q7.c:135:6:arm_absmin_q7	48	static
/home/adamg/STApps/GS_Audio_N6/STM32N6-GettingStarted-Audio-main/Drivers/CMSIS/DSP/Source/StatisticsFunctions/arm_absmax_no_idx_f32.c:55:6:arm_absmax_no_idx_f32	280	static
/home/adamg/STApps/GS_Audio_N6/STM32N6-GettingStarted-Audio-main/Drivers/CMSIS/DSP/Source/StatisticsFunctions/arm_absmax_no_idx_f64.c:47:6:arm_absmax_no_idx_f64	48	static
/home/adamg/STApps/GS_Audio_N6/STM32N6-GettingStarted-Audio-main/Drivers/CMSIS/DSP/Source/StatisticsFunctions/arm_absmax_no_idx_q15.c:51:6:arm_absmax_no_idx_q15	280	static
/home/adamg/STApps/GS_Audio_N6/STM32N6-GettingStarted-Audio-main/Drivers/CMSIS/DSP/Source/StatisticsFunctions/arm_absmax_no_idx_q31.c:51:6:arm_absmax_no_idx_q31	280	static
/home/adamg/STApps/GS_Audio_N6/STM32N6-GettingStarted-Audio-main/Drivers/CMSIS/DSP/Source/StatisticsFunctions/arm_absmax_no_idx_q7.c:55:6:arm_absmax_no_idx_q7	280	static
/home/adamg/STApps/GS_Audio_N6/STM32N6-GettingStarted-Audio-main/Drivers/CMSIS/DSP/Source/StatisticsFunctions/arm_absmin_no_idx_f32.c:57:6:arm_absmin_no_idx_f32	280	static
/home/adamg/STApps/GS_Audio_N6/STM32N6-GettingStarted-Audio-main/Drivers/CMSIS/DSP/Source/StatisticsFunctions/arm_absmin_no_idx_f64.c:47:6:arm_absmin_no_idx_f64	48	static
/home/adamg/STApps/GS_Audio_N6/STM32N6-GettingStarted-Audio-main/Drivers/CMSIS/DSP/Source/StatisticsFunctions/arm_absmin_no_idx_q15.c:52:6:arm_absmin_no_idx_q15	280	static
/home/adamg/STApps/GS_Audio_N6/STM32N6-GettingStarted-Audio-main/Drivers/CMSIS/DSP/Source/StatisticsFunctions/arm_absmin_no_idx_q31.c:53:6:arm_absmin_no_idx_q31	280	static
/home/adamg/STApps/GS_Audio_N6/STM32N6-GettingStarted-Audio-main/Drivers/CMSIS/DSP/Source/StatisticsFunctions/arm_absmin_no_idx_q7.c:55:6:arm_absmin_no_idx_q7	280	static
/home/adamg/STApps/GS_Audio_N6/STM32N6-GettingStarted-Audio-main/Drivers/CMSIS/DSP/Source/StatisticsFunctions/arm_mse_q7.c:56:6:arm_mse_q7	528	static,ignoring_inline_asm
/home/adamg/STApps/GS_Audio_N6/STM32N6-GettingStarted-Audio-main/Drivers/CMSIS/DSP/Source/StatisticsFunctions/arm_mse_q15.c:50:6:arm_mse_q15	552	static,ignoring_inline_asm
/home/adamg/STApps/GS_Audio_N6/STM32N6-GettingStarted-Audio-main/Drivers/CMSIS/DSP/Source/StatisticsFunctions/arm_mse_q31.c:50:6:arm_mse_q31	544	static
/home/adamg/STApps/GS_Audio_N6/STM32N6-GettingStarted-Audio-main/Drivers/CMSIS/DSP/Source/StatisticsFunctions/arm_mse_f32.c:54:6:arm_mse_f32	600	static
/home/adamg/STApps/GS_Audio_N6/STM32N6-GettingStarted-Audio-main/Drivers/CMSIS/DSP/Source/StatisticsFunctions/arm_mse_f64.c:53:6:arm_mse_f64	56	static
