/home/adamg/STApps/GS_Audio_N6/STM32N6-Audio-Low-Latency2/STM32N6_Audio_Model_Zoo_Deployable/Projects/X-CUBE-AI/atonn/ai_wrapper_ATON.c:62:35:_get_nn_instance	0	static
/home/adamg/STApps/GS_Audio_N6/STM32N6-Audio-Low-Latency2/STM32N6_Audio_Model_Zoo_Deployable/Projects/X-CUBE-AI/atonn/ai_wrapper_ATON.c:90:17:_get_used_size_from_region	16	static
/home/adamg/STApps/GS_Audio_N6/STM32N6-Audio-Low-Latency2/STM32N6_Audio_Model_Zoo_Deployable/Projects/X-CUBE-AI/atonn/ai_wrapper_ATON.c:129:17:_get_nn_activations_size	24	static
/home/adamg/STApps/GS_Audio_N6/STM32N6-Audio-Low-Latency2/STM32N6_Audio_Model_Zoo_Deployable/Projects/X-CUBE-AI/atonn/ai_wrapper_ATON.c:168:17:_get_nn_epochs_num	8	static
/home/adamg/STApps/GS_Audio_N6/STM32N6-Audio-Low-Latency2/STM32N6_Audio_Model_Zoo_Deployable/Projects/X-CUBE-AI/atonn/ai_wrapper_ATON.c:418:13:_npu_internal_reset	0	static
/home/adamg/STApps/GS_Audio_N6/STM32N6-Audio-Low-Latency2/STM32N6_Audio_Model_Zoo_Deployable/Projects/X-CUBE-AI/atonn/ai_wrapper_ATON.c:346:6:_rt_callback	8	static
/home/adamg/STApps/GS_Audio_N6/STM32N6-Audio-Low-Latency2/STM32N6_Audio_Model_Zoo_Deployable/Projects/X-CUBE-AI/atonn/ai_wrapper_ATON.c:450:13:_force_clean_cache_subsystem	8	static
/home/adamg/STApps/GS_Audio_N6/STM32N6-Audio-Low-Latency2/STM32N6_Audio_Model_Zoo_Deployable/Projects/X-CUBE-AI/atonn/ai_wrapper_ATON.c:259:13:_npu_counters_PRE_START	24	static
/home/adamg/STApps/GS_Audio_N6/STM32N6-Audio-Low-Latency2/STM32N6_Audio_Model_Zoo_Deployable/Projects/X-CUBE-AI/atonn/ai_wrapper_ATON.c:429:13:_prepare_input_buffers	16	static
/home/adamg/STApps/GS_Audio_N6/STM32N6-Audio-Low-Latency2/STM32N6_Audio_Model_Zoo_Deployable/Projects/X-CUBE-AI/atonn/ai_wrapper_ATON.c:49:10:get_ll_buffer_size	0	static
/home/adamg/STApps/GS_Audio_N6/STM32N6-Audio-Low-Latency2/STM32N6_Audio_Model_Zoo_Deployable/Projects/X-CUBE-AI/atonn/ai_wrapper_ATON.c:72:17:_get_nn_params_size	16	static
/home/adamg/STApps/GS_Audio_N6/STM32N6-Audio-Low-Latency2/STM32N6_Audio_Model_Zoo_Deployable/Projects/X-CUBE-AI/atonn/ai_wrapper_ATON.c:184:13:_populate_nn_info	16	static
/home/adamg/STApps/GS_Audio_N6/STM32N6-Audio-Low-Latency2/STM32N6_Audio_Model_Zoo_Deployable/Projects/X-CUBE-AI/atonn/ai_wrapper_ATON.c:54:10:get_ll_element_size	0	static
/home/adamg/STApps/GS_Audio_N6/STM32N6-Audio-Low-Latency2/STM32N6_Audio_Model_Zoo_Deployable/Projects/X-CUBE-AI/atonn/ai_wrapper_ATON.c:247:6:_dbg_stall_get	24	static
/home/adamg/STApps/GS_Audio_N6/STM32N6-Audio-Low-Latency2/STM32N6_Audio_Model_Zoo_Deployable/Projects/X-CUBE-AI/atonn/ai_wrapper_ATON.c:307:13:_npu_counters_PRE_END	16	static
/home/adamg/STApps/GS_Audio_N6/STM32N6-Audio-Low-Latency2/STM32N6_Audio_Model_Zoo_Deployable/Projects/X-CUBE-AI/atonn/ai_wrapper_ATON.c:361:13:_epoch_callback	16	static
/home/adamg/STApps/GS_Audio_N6/STM32N6-Audio-Low-Latency2/STM32N6_Audio_Model_Zoo_Deployable/Projects/X-CUBE-AI/atonn/ai_wrapper_ATON.c:474:5:npu_get_instance_by_index	8	static
/home/adamg/STApps/GS_Audio_N6/STM32N6-Audio-Low-Latency2/STM32N6_Audio_Model_Zoo_Deployable/Projects/X-CUBE-AI/atonn/ai_wrapper_ATON.c:495:5:npu_set_callback	0	static
/home/adamg/STApps/GS_Audio_N6/STM32N6-Audio-Low-Latency2/STM32N6_Audio_Model_Zoo_Deployable/Projects/X-CUBE-AI/atonn/ai_wrapper_ATON.c:513:5:npu_init	8	static
/home/adamg/STApps/GS_Audio_N6/STM32N6-Audio-Low-Latency2/STM32N6_Audio_Model_Zoo_Deployable/Projects/X-CUBE-AI/atonn/ai_wrapper_ATON.c:542:5:npu_run	32	static,ignoring_inline_asm
