../../../../Drivers/STM32N6xx_HAL_Driver/Inc/stm32n6xx_ll_bus.h:879:22:LL_AHB1_GRP1_EnableClock	24	static
../../../../Drivers/STM32N6xx_HAL_Driver/Inc/stm32n6xx_ll_bus.h:1009:22:LL_AHB2_GRP1_EnableClock	24	static
../../../../Drivers/STM32N6xx_HAL_Driver/Inc/stm32n6xx_ll_bus.h:1045:22:LL_AHB2_GRP1_DisableClock	16	static
../../../../Drivers/STM32N6xx_HAL_Driver/Inc/stm32n6xx_ll_bus.h:1407:22:LL_AHB4_GRP1_EnableClock	24	static
../../../../Drivers/STM32N6xx_HAL_Driver/Inc/stm32n6xx_ll_bus.h:2909:22:LL_APB2_GRP1_EnableClock	24	static
../../../../Drivers/STM32N6xx_HAL_Driver/Inc/stm32n6xx_ll_bus.h:2997:22:LL_APB2_GRP1_DisableClock	16	static
/home/adamg/STApps/GS_Audio_N6/STM32N6-GettingStarted-Audio-main/Projects/Common/Patch/stm32n6570_discovery_audio.c:317:9:BSP_AUDIO_OUT_Init	88	static
/home/adamg/STApps/GS_Audio_N6/STM32N6-GettingStarted-Audio-main/Projects/Common/Patch/stm32n6570_discovery_audio.c:478:9:BSP_AUDIO_OUT_DeInit	24	static
/home/adamg/STApps/GS_Audio_N6/STM32N6-GettingStarted-Audio-main/Projects/Common/Patch/stm32n6570_discovery_audio.c:535:9:BSP_AUDIO_OUT_Play	32	static
/home/adamg/STApps/GS_Audio_N6/STM32N6-GettingStarted-Audio-main/Projects/Common/Patch/stm32n6570_discovery_audio.c:584:9:BSP_AUDIO_OUT_Pause	24	static
/home/adamg/STApps/GS_Audio_N6/STM32N6-GettingStarted-Audio-main/Projects/Common/Patch/stm32n6570_discovery_audio.c:620:9:BSP_AUDIO_OUT_Resume	24	static
/home/adamg/STApps/GS_Audio_N6/STM32N6-GettingStarted-Audio-main/Projects/Common/Patch/stm32n6570_discovery_audio.c:656:9:BSP_AUDIO_OUT_Stop	24	static
/home/adamg/STApps/GS_Audio_N6/STM32N6-GettingStarted-Audio-main/Projects/Common/Patch/stm32n6570_discovery_audio.c:701:9:BSP_AUDIO_OUT_Mute	24	static
/home/adamg/STApps/GS_Audio_N6/STM32N6-GettingStarted-Audio-main/Projects/Common/Patch/stm32n6570_discovery_audio.c:741:9:BSP_AUDIO_OUT_UnMute	24	static
/home/adamg/STApps/GS_Audio_N6/STM32N6-GettingStarted-Audio-main/Projects/Common/Patch/stm32n6570_discovery_audio.c:782:9:BSP_AUDIO_OUT_IsMute	24	static
/home/adamg/STApps/GS_Audio_N6/STM32N6-GettingStarted-Audio-main/Projects/Common/Patch/stm32n6570_discovery_audio.c:809:9:BSP_AUDIO_OUT_SetVolume	24	static
/home/adamg/STApps/GS_Audio_N6/STM32N6-GettingStarted-Audio-main/Projects/Common/Patch/stm32n6570_discovery_audio.c:844:9:BSP_AUDIO_OUT_GetVolume	24	static
/home/adamg/STApps/GS_Audio_N6/STM32N6-GettingStarted-Audio-main/Projects/Common/Patch/stm32n6570_discovery_audio.c:871:9:BSP_AUDIO_OUT_SetSampleRate	24	static
/home/adamg/STApps/GS_Audio_N6/STM32N6-GettingStarted-Audio-main/Projects/Common/Patch/stm32n6570_discovery_audio.c:923:9:BSP_AUDIO_OUT_GetSampleRate	24	static
/home/adamg/STApps/GS_Audio_N6/STM32N6-GettingStarted-Audio-main/Projects/Common/Patch/stm32n6570_discovery_audio.c:950:9:BSP_AUDIO_OUT_SetDevice	24	static
/home/adamg/STApps/GS_Audio_N6/STM32N6-GettingStarted-Audio-main/Projects/Common/Patch/stm32n6570_discovery_audio.c:978:9:BSP_AUDIO_OUT_GetDevice	24	static
/home/adamg/STApps/GS_Audio_N6/STM32N6-GettingStarted-Audio-main/Projects/Common/Patch/stm32n6570_discovery_audio.c:1005:9:BSP_AUDIO_OUT_SetBitsPerSample	24	static
/home/adamg/STApps/GS_Audio_N6/STM32N6-GettingStarted-Audio-main/Projects/Common/Patch/stm32n6570_discovery_audio.c:1087:9:BSP_AUDIO_OUT_GetBitsPerSample	24	static
/home/adamg/STApps/GS_Audio_N6/STM32N6-GettingStarted-Audio-main/Projects/Common/Patch/stm32n6570_discovery_audio.c:1114:9:BSP_AUDIO_OUT_SetChannelsNbr	24	static
/home/adamg/STApps/GS_Audio_N6/STM32N6-GettingStarted-Audio-main/Projects/Common/Patch/stm32n6570_discovery_audio.c:1152:9:BSP_AUDIO_OUT_GetChannelsNbr	24	static
/home/adamg/STApps/GS_Audio_N6/STM32N6-GettingStarted-Audio-main/Projects/Common/Patch/stm32n6570_discovery_audio.c:1179:9:BSP_AUDIO_OUT_GetState	24	static
/home/adamg/STApps/GS_Audio_N6/STM32N6-GettingStarted-Audio-main/Projects/Common/Patch/stm32n6570_discovery_audio.c:1201:6:BSP_AUDIO_OUT_IRQHandler	16	static
/home/adamg/STApps/GS_Audio_N6/STM32N6-GettingStarted-Audio-main/Projects/Common/Patch/stm32n6570_discovery_audio.c:1284:13:BSP_AUDIO_OUT_TransferComplete_CallBack	16	static
/home/adamg/STApps/GS_Audio_N6/STM32N6-GettingStarted-Audio-main/Projects/Common/Patch/stm32n6570_discovery_audio.c:1295:13:BSP_AUDIO_OUT_HalfTransfer_CallBack	16	static
/home/adamg/STApps/GS_Audio_N6/STM32N6-GettingStarted-Audio-main/Projects/Common/Patch/stm32n6570_discovery_audio.c:1306:13:BSP_AUDIO_OUT_Error_CallBack	16	static
/home/adamg/STApps/GS_Audio_N6/STM32N6-GettingStarted-Audio-main/Projects/Common/Patch/stm32n6570_discovery_audio.c:1320:26:MX_SAI1_ClockConfig	576	static
/home/adamg/STApps/GS_Audio_N6/STM32N6-GettingStarted-Audio-main/Projects/Common/Patch/stm32n6570_discovery_audio.c:1381:26:MX_SAI1_Init	24	static
/home/adamg/STApps/GS_Audio_N6/STM32N6-GettingStarted-Audio-main/Projects/Common/Patch/stm32n6570_discovery_audio.c:1488:6:HAL_SAI_TxCpltCallback	16	static
/home/adamg/STApps/GS_Audio_N6/STM32N6-GettingStarted-Audio-main/Projects/Common/Patch/stm32n6570_discovery_audio.c:1501:6:HAL_SAI_TxHalfCpltCallback	16	static
/home/adamg/STApps/GS_Audio_N6/STM32N6-GettingStarted-Audio-main/Projects/Common/Patch/stm32n6570_discovery_audio.c:1514:6:HAL_SAI_ErrorCallback	16	static
/home/adamg/STApps/GS_Audio_N6/STM32N6-GettingStarted-Audio-main/Projects/Common/Patch/stm32n6570_discovery_audio.c:1540:9:BSP_AUDIO_IN_Init	104	static
/home/adamg/STApps/GS_Audio_N6/STM32N6-GettingStarted-Audio-main/Projects/Common/Patch/stm32n6570_discovery_audio.c:1808:9:BSP_AUDIO_IN_Init_bak	104	static
/home/adamg/STApps/GS_Audio_N6/STM32N6-GettingStarted-Audio-main/Projects/Common/Patch/stm32n6570_discovery_audio.c:2082:9:BSP_AUDIO_IN_DeInit	24	static
/home/adamg/STApps/GS_Audio_N6/STM32N6-GettingStarted-Audio-main/Projects/Common/Patch/stm32n6570_discovery_audio.c:2163:9:BSP_AUDIO_IN_Record	48	static
/home/adamg/STApps/GS_Audio_N6/STM32N6-GettingStarted-Audio-main/Projects/Common/Patch/stm32n6570_discovery_audio.c:2246:9:BSP_AUDIO_IN_Stop	24	static
/home/adamg/STApps/GS_Audio_N6/STM32N6-GettingStarted-Audio-main/Projects/Common/Patch/stm32n6570_discovery_audio.c:2310:9:BSP_AUDIO_IN_Pause	24	static
/home/adamg/STApps/GS_Audio_N6/STM32N6-GettingStarted-Audio-main/Projects/Common/Patch/stm32n6570_discovery_audio.c:2365:9:BSP_AUDIO_IN_Resume	32	static
/home/adamg/STApps/GS_Audio_N6/STM32N6-GettingStarted-Audio-main/Projects/Common/Patch/stm32n6570_discovery_audio.c:2426:9:BSP_AUDIO_IN_SetDevice	24	static
/home/adamg/STApps/GS_Audio_N6/STM32N6-GettingStarted-Audio-main/Projects/Common/Patch/stm32n6570_discovery_audio.c:2454:9:BSP_AUDIO_IN_GetDevice	24	static
/home/adamg/STApps/GS_Audio_N6/STM32N6-GettingStarted-Audio-main/Projects/Common/Patch/stm32n6570_discovery_audio.c:2481:9:BSP_AUDIO_IN_SetSampleRate	40	static
/home/adamg/STApps/GS_Audio_N6/STM32N6-GettingStarted-Audio-main/Projects/Common/Patch/stm32n6570_discovery_audio.c:2599:9:BSP_AUDIO_IN_GetSampleRate	24	static
/home/adamg/STApps/GS_Audio_N6/STM32N6-GettingStarted-Audio-main/Projects/Common/Patch/stm32n6570_discovery_audio.c:2628:9:BSP_AUDIO_IN_SetBitsPerSample	24	static
/home/adamg/STApps/GS_Audio_N6/STM32N6-GettingStarted-Audio-main/Projects/Common/Patch/stm32n6570_discovery_audio.c:2659:9:BSP_AUDIO_IN_GetBitsPerSample	24	static
/home/adamg/STApps/GS_Audio_N6/STM32N6-GettingStarted-Audio-main/Projects/Common/Patch/stm32n6570_discovery_audio.c:2686:9:BSP_AUDIO_IN_SetChannelsNbr	24	static
/home/adamg/STApps/GS_Audio_N6/STM32N6-GettingStarted-Audio-main/Projects/Common/Patch/stm32n6570_discovery_audio.c:2716:9:BSP_AUDIO_IN_GetChannelsNbr	24	static
/home/adamg/STApps/GS_Audio_N6/STM32N6-GettingStarted-Audio-main/Projects/Common/Patch/stm32n6570_discovery_audio.c:2743:9:BSP_AUDIO_IN_SetVolume	24	static
/home/adamg/STApps/GS_Audio_N6/STM32N6-GettingStarted-Audio-main/Projects/Common/Patch/stm32n6570_discovery_audio.c:2767:9:BSP_AUDIO_IN_GetVolume	24	static
/home/adamg/STApps/GS_Audio_N6/STM32N6-GettingStarted-Audio-main/Projects/Common/Patch/stm32n6570_discovery_audio.c:2791:9:BSP_AUDIO_IN_GetState	24	static
/home/adamg/STApps/GS_Audio_N6/STM32N6-GettingStarted-Audio-main/Projects/Common/Patch/stm32n6570_discovery_audio.c:2922:6:BSP_AUDIO_IN_IRQHandler	16	static
/home/adamg/STApps/GS_Audio_N6/STM32N6-GettingStarted-Audio-main/Projects/Common/Patch/stm32n6570_discovery_audio.c:2941:13:BSP_AUDIO_IN_TransferComplete_CallBack	16	static
/home/adamg/STApps/GS_Audio_N6/STM32N6-GettingStarted-Audio-main/Projects/Common/Patch/stm32n6570_discovery_audio.c:2955:13:BSP_AUDIO_IN_HalfTransfer_CallBack	16	static
/home/adamg/STApps/GS_Audio_N6/STM32N6-GettingStarted-Audio-main/Projects/Common/Patch/stm32n6570_discovery_audio.c:2969:13:BSP_AUDIO_IN_Error_CallBack	16	static
/home/adamg/STApps/GS_Audio_N6/STM32N6-GettingStarted-Audio-main/Projects/Common/Patch/stm32n6570_discovery_audio.c:2984:26:MX_MDF1_ClockConfig	576	static
/home/adamg/STApps/GS_Audio_N6/STM32N6-GettingStarted-Audio-main/Projects/Common/Patch/stm32n6570_discovery_audio.c:3053:26:MX_MDF1_Init	24	static
/home/adamg/STApps/GS_Audio_N6/STM32N6-GettingStarted-Audio-main/Projects/Common/Patch/stm32n6570_discovery_audio.c:3134:6:HAL_SAI_RxHalfCpltCallback	16	static
/home/adamg/STApps/GS_Audio_N6/STM32N6-GettingStarted-Audio-main/Projects/Common/Patch/stm32n6570_discovery_audio.c:3147:6:HAL_SAI_RxCpltCallback	16	static
/home/adamg/STApps/GS_Audio_N6/STM32N6-GettingStarted-Audio-main/Projects/Common/Patch/stm32n6570_discovery_audio.c:3224:6:HAL_MDF_AcqCpltCallback	32	static
/home/adamg/STApps/GS_Audio_N6/STM32N6-GettingStarted-Audio-main/Projects/Common/Patch/stm32n6570_discovery_audio.c:3249:6:HAL_MDF_AcqHalfCpltCallback	32	static
/home/adamg/STApps/GS_Audio_N6/STM32N6-GettingStarted-Audio-main/Projects/Common/Patch/stm32n6570_discovery_audio.c:3274:6:HAL_MDF_ErrorCallback	16	static
/home/adamg/STApps/GS_Audio_N6/STM32N6-GettingStarted-Audio-main/Projects/Common/Patch/stm32n6570_discovery_audio.c:3294:16:WM8904_Probe	40	static
/home/adamg/STApps/GS_Audio_N6/STM32N6-GettingStarted-Audio-main/Projects/Common/Patch/stm32n6570_discovery_audio.c:3415:13:SAI_MspInit	40	static
/home/adamg/STApps/GS_Audio_N6/STM32N6-GettingStarted-Audio-main/Projects/Common/Patch/stm32n6570_discovery_audio.c:3680:13:SAI_MspDeInit	16	static
/home/adamg/STApps/GS_Audio_N6/STM32N6-GettingStarted-Audio-main/Projects/Common/Patch/stm32n6570_discovery_audio.c:3735:13:MDF_MspInit	40	static
/home/adamg/STApps/GS_Audio_N6/STM32N6-GettingStarted-Audio-main/Projects/Common/Patch/stm32n6570_discovery_audio.c:3845:13:MDF_MspDeInit	16	static
