../../../../Drivers/CMSIS/Core/Include/pmu_armv8.h:198:22:ARM_PMU_Enable	4	static
../../../../Drivers/CMSIS/Core/Include/pmu_armv8.h:244:22:ARM_PMU_CNTR_Enable	16	static
/home/adamg/STApps/GS_Audio_N6/STM32N6-GettingStarted-Audio-main/Projects/X-CUBE-AI/ai_device_adaptor.c:54:17:get_IC_freq	24	static
/home/adamg/STApps/GS_Audio_N6/STM32N6-GettingStarted-Audio-main/Projects/X-CUBE-AI/ai_device_adaptor.c:86:13:get_system_freqs	112	static
/home/adamg/STApps/GS_Audio_N6/STM32N6-GettingStarted-Audio-main/Projects/X-CUBE-AI/ai_device_adaptor.c:122:6:port_hal_set_extra_conf	32	static
/home/adamg/STApps/GS_Audio_N6/STM32N6-GettingStarted-Audio-main/Projects/X-CUBE-AI/ai_device_adaptor.c:155:6:port_dwt_init_imp	8	static
