/home/adamg/STApps/GS_Audio_N6/STM32N6-Audio-Low-Latency2/STM32N6_Audio_Model_Zoo_Deployable/Projects/X-CUBE-AI/aiTestUtility.c:588:20:devIdToStr	0	static
/home/adamg/STApps/GS_Audio_N6/STM32N6-Audio-Low-Latency2/STM32N6_Audio_Model_Zoo_Deployable/Projects/X-CUBE-AI/ai_device_adaptor.h:307:22:port_io_get	8	static
/home/adamg/STApps/GS_Audio_N6/STM32N6-Audio-Low-Latency2/STM32N6_Audio_Model_Zoo_Deployable/Projects/X-CUBE-AI/aiTestUtility.c:144:6:ioRawGetUint8	8	static
/home/adamg/STApps/GS_Audio_N6/STM32N6-Audio-Low-Latency2/STM32N6_Audio_Model_Zoo_Deployable/Projects/X-CUBE-AI/aiTestUtility.c:201:6:ioRawWriteBuffer	8	static
/home/adamg/STApps/GS_Audio_N6/STM32N6-Audio-Low-Latency2/STM32N6_Audio_Model_Zoo_Deployable/Projects/X-CUBE-AI/aiTestUtility.c:206:6:ioRawReadBuffer	8	static
/home/adamg/STApps/GS_Audio_N6/STM32N6-Audio-Low-Latency2/STM32N6_Audio_Model_Zoo_Deployable/Projects/X-CUBE-AI/aiTestUtility.c:211:6:ioRawDisableLLWrite	0	static
/home/adamg/STApps/GS_Audio_N6/STM32N6-Audio-Low-Latency2/STM32N6_Audio_Model_Zoo_Deployable/Projects/X-CUBE-AI/aiTestUtility.c:224:5:_write	8	static
/home/adamg/STApps/GS_Audio_N6/STM32N6-Audio-Low-Latency2/STM32N6_Audio_Model_Zoo_Deployable/Projects/X-CUBE-AI/aiTestUtility.c:322:7:uint64ToDecimal	20	static
/home/adamg/STApps/GS_Audio_N6/STM32N6-Audio-Low-Latency2/STM32N6_Audio_Model_Zoo_Deployable/Projects/X-CUBE-AI/aiTestUtility.c:335:6:uint32_to_str	4	static
/home/adamg/STApps/GS_Audio_N6/STM32N6-Audio-Low-Latency2/STM32N6_Audio_Model_Zoo_Deployable/Projects/X-CUBE-AI/aiTestUtility.c:422:7:__wrap_malloc	8	static
/home/adamg/STApps/GS_Audio_N6/STM32N6-Audio-Low-Latency2/STM32N6_Audio_Model_Zoo_Deployable/Projects/X-CUBE-AI/aiTestUtility.c:462:6:__wrap_free	8	static
/home/adamg/STApps/GS_Audio_N6/STM32N6-Audio-Low-Latency2/STM32N6_Audio_Model_Zoo_Deployable/Projects/X-CUBE-AI/aiTestUtility.c:517:6:stackMonInit	24	static
/home/adamg/STApps/GS_Audio_N6/STM32N6-Audio-Low-Latency2/STM32N6_Audio_Model_Zoo_Deployable/Projects/X-CUBE-AI/aiTestUtility.c:563:5:dwtCyclesToTime	64	static
/home/adamg/STApps/GS_Audio_N6/STM32N6-Audio-Low-Latency2/STM32N6_Audio_Model_Zoo_Deployable/Projects/X-CUBE-AI/aiTestUtility.c:580:7:dwtCyclesToFloatMs	24	static
/home/adamg/STApps/GS_Audio_N6/STM32N6-Audio-Low-Latency2/STM32N6_Audio_Model_Zoo_Deployable/Projects/X-CUBE-AI/aiTestUtility.c:747:10:getFlashCacheConf	8	static
/home/adamg/STApps/GS_Audio_N6/STM32N6-Audio-Low-Latency2/STM32N6_Audio_Model_Zoo_Deployable/Projects/X-CUBE-AI/aiTestUtility.c:691:6:getSysConf	8	static
/home/adamg/STApps/GS_Audio_N6/STM32N6-Audio-Low-Latency2/STM32N6_Audio_Model_Zoo_Deployable/Projects/X-CUBE-AI/aiTestUtility.c:858:6:systemSettingLog	56	static
