14:39:46 **** Incremental Build of configuration BM for project GS_Audio_N6 ****
make -j12 all 
arm-none-eabi-gcc "/home/adamg/STApps/GS_Audio_N6/STM32N6-Audio-Low-Latency/STM32N6-Audio-Direct-Streaming/Projects/GS/Src/audio_bm.c" -mcpu=cortex-m55 -std=gnu11 -g3 -DSTM32N657xx -DARM_MATH_CM55 -DUSE_FULL_ASSERT -DUSE_FULL_LL_DRIVER -DVECT_TAB_SRAM -DLL_ATON_PLATFORM=LL_ATON_PLAT_STM32N6 -DLL_ATON_OSAL=LL_ATON_OSAL_BARE_METAL -DLL_ATON_RT_MODE=LL_ATON_RT_ASYNC -DLL_ATON_SW_FALLBACK -DLL_ATON_EB_DBG_INFO -DLL_ATON_DUMP_DEBUG_API -DLL_ATON_DBG_BUFFER_INFO_EXCLUDED=1 -DAPP_BARE_METAL -c -I../../Inc -I../../../Dpu -I../../../Common -I../../../X-CUBE-AI/atonn -I../../../X-CUBE-AI -I../../../../Drivers/CMSIS/Core/Include -I../../../../Drivers/CMSIS/DSP/Include -I../../../../Drivers/CMSIS/DSP/PrivateInclude -I../../../../Drivers/CMSIS/Device/ST/STM32N6xx/Include -I../../../../Drivers/CMSIS/Device/ST/STM32N6xx/Include/Templates -I../../../../Drivers/STM32N6xx_HAL_Driver/Inc -I../../../../Middlewares/ST/ThreadX/ports/cortex_m55/gnu/inc -I../../../../Middlewares/ST/ThreadX/common/inc -I../../../../Middlewares/ST/AI/Inc -I../../../../Middlewares/ST/AI/Npu/Devices/STM32N6XX -I../../../../Middlewares/ST/AI/Npu/ll_aton -I../../../../Middlewares/ST/STM32_AI_AudioPreprocessing_Library/Inc -I../../../../Drivers/BSP/Components/mx66uw1g45g -I../../../../Drivers/BSP/STM32N6570-DK -Ofast -ffunction-sections -fdata-sections -Wall -flax-vector-conversions -fstack-usage -fcyclomatic-complexity -mcmse -MMD -MP -MF"Application/Src/audio_bm.d" -MT"Application/Src/audio_bm.o" --specs=nano.specs -mfpu=fpv5-d16 -mfloat-abi=hard -mthumb -o "Application/Src/audio_bm.o"
/home/adamg/STApps/GS_Audio_N6/STM32N6-Audio-Low-Latency/STM32N6-Audio-Direct-Streaming/Projects/GS/Src/audio_bm.c:331:6: warning: 'printCpuStats' defined but not used [-Wunused-function]
  331 | void printCpuStats(void)
      |      ^~~~~~~~~~~~~
/home/adamg/STApps/GS_Audio_N6/STM32N6-Audio-Low-Latency/STM32N6-Audio-Direct-Streaming/Projects/GS/Src/audio_bm.c:69:23: warning: 'audio_proc_ctx' defined but not used [-Wunused-variable]
   69 | static AudioBM_proc_t audio_proc_ctx;
      |                       ^~~~~~~~~~~~~~
/home/adamg/STApps/GS_Audio_N6/STM32N6-Audio-Low-Latency/STM32N6-Audio-Direct-Streaming/Projects/GS/Src/audio_bm.c:68:23: warning: 'audio_acq_ctx' defined but not used [-Wunused-variable]
   68 | static AudioBM_acq_t  audio_acq_ctx;
      |                       ^~~~~~~~~~~~~
arm-none-eabi-gcc -o "GS_Audio_N6.elf" @"objects.list"  -l:NetworkRuntime1020_CM55_GCC.a -mcpu=cortex-m55 -T"/home/adamg/STApps/GS_Audio_N6/STM32N6-Audio-Low-Latency/STM32N6-Audio-Direct-Streaming/Projects/GS/STM32CubeIDE/STM32N657XX_LRUN.ld" --specs=nosys.specs -Wl,-Map="GS_Audio_N6.map" -Wl,--gc-sections -static -Wl,--cmse-implib -Wl,--out-implib=./secure_nsclib.o -L../../../../Middlewares/ST/AI/Lib/GCC/ARMCortexM55 --specs=nano.specs -mfpu=fpv5-d16 -mfloat-abi=hard -mthumb -u _printf_float -Wl,--start-group -lc -lm -Wl,--end-group
/home/adamg/STM32Cube/stm32cubeide-1.19.0/plugins/com.st.stm32cube.ide.mcu.externaltools.gnu-tools-for-stm32.13.3.rel1.linux64_1.0.0.202410170706/tools/bin/../lib/gcc/arm-none-eabi/13.3.1/../../../../arm-none-eabi/bin/ld: warning: GS_Audio_N6.elf has a LOAD segment with RWX permissions
Finished building target: GS_Audio_N6.elf
 
arm-none-eabi-size  GS_Audio_N6.elf 
arm-none-eabi-objdump -h -S GS_Audio_N6.elf  > "GS_Audio_N6.list"
arm-none-eabi-objcopy  -O ihex GS_Audio_N6.elf  "GS_Audio_N6.hex"
arm-none-eabi-objcopy  -O binary GS_Audio_N6.elf  "GS_Audio_N6.bin"
   text	   data	    bss	    dec	    hex	filename
 100112	   2072	  91896	 194080	  2f620	GS_Audio_N6.elf
Finished building: default.size.stdout
 
Finished building: GS_Audio_N6.bin
 
Finished building: GS_Audio_N6.hex
 
Finished building: GS_Audio_N6.list
 
14:40:00 **** Incremental Build of configuration BM for project GS_Audio_N6 ****
make -j12 all 
arm-none-eabi-size  GS_Audio_N6.elf 
   text	   data	    bss	    dec	    hex	filename
 100112	   2072	  91896	 194080	  2f620	GS_Audio_N6.elf
Finished building: default.size.stdout
 
14:42:16 **** Incremental Build of configuration BM for project GS_Audio_N6 ****
make -j12 all 
arm-none-eabi-gcc "/home/adamg/STApps/GS_Audio_N6/STM32N6-Audio-Low-Latency/STM32N6-Audio-Direct-Streaming/Projects/GS/Src/audio_bm.c" -mcpu=cortex-m55 -std=gnu11 -g3 -DSTM32N657xx -DARM_MATH_CM55 -DUSE_FULL_ASSERT -DUSE_FULL_LL_DRIVER -DVECT_TAB_SRAM -DLL_ATON_PLATFORM=LL_ATON_PLAT_STM32N6 -DLL_ATON_OSAL=LL_ATON_OSAL_BARE_METAL -DLL_ATON_RT_MODE=LL_ATON_RT_ASYNC -DLL_ATON_SW_FALLBACK -DLL_ATON_EB_DBG_INFO -DLL_ATON_DUMP_DEBUG_API -DLL_ATON_DBG_BUFFER_INFO_EXCLUDED=1 -DAPP_BARE_METAL -c -I../../Inc -I../../../Dpu -I../../../Common -I../../../X-CUBE-AI/atonn -I../../../X-CUBE-AI -I../../../../Drivers/CMSIS/Core/Include -I../../../../Drivers/CMSIS/DSP/Include -I../../../../Drivers/CMSIS/DSP/PrivateInclude -I../../../../Drivers/CMSIS/Device/ST/STM32N6xx/Include -I../../../../Drivers/CMSIS/Device/ST/STM32N6xx/Include/Templates -I../../../../Drivers/STM32N6xx_HAL_Driver/Inc -I../../../../Middlewares/ST/ThreadX/ports/cortex_m55/gnu/inc -I../../../../Middlewares/ST/ThreadX/common/inc -I../../../../Middlewares/ST/AI/Inc -I../../../../Middlewares/ST/AI/Npu/Devices/STM32N6XX -I../../../../Middlewares/ST/AI/Npu/ll_aton -I../../../../Middlewares/ST/STM32_AI_AudioPreprocessing_Library/Inc -I../../../../Drivers/BSP/Components/mx66uw1g45g -I../../../../Drivers/BSP/STM32N6570-DK -Ofast -ffunction-sections -fdata-sections -Wall -flax-vector-conversions -fstack-usage -fcyclomatic-complexity -mcmse -MMD -MP -MF"Application/Src/audio_bm.d" -MT"Application/Src/audio_bm.o" --specs=nano.specs -mfpu=fpv5-d16 -mfloat-abi=hard -mthumb -o "Application/Src/audio_bm.o"
/home/adamg/STApps/GS_Audio_N6/STM32N6-Audio-Low-Latency/STM32N6-Audio-Direct-Streaming/Projects/GS/Src/audio_bm.c: In function 'exec_bm':
/home/adamg/STApps/GS_Audio_N6/STM32N6-Audio-Low-Latency/STM32N6-Audio-Direct-Streaming/Projects/GS/Src/audio_bm.c:173:46: warning: passing argument 1 of 'meanSoundBufferMag' from incompatible pointer type [-Wincompatible-pointer-types]
  173 |          float32_t mean = meanSoundBufferMag(capture_buffer, CAPTURE_BUFFER_SIZE);
      |                                              ^~~~~~~~~~~~~~
      |                                              |
      |                                              int16_t * {aka short int *}
/home/adamg/STApps/GS_Audio_N6/STM32N6-Audio-Low-Latency/STM32N6-Audio-Direct-Streaming/Projects/GS/Src/audio_bm.c:135:39: note: expected 'int8_t *' {aka 'signed char *'} but argument is of type 'int16_t *' {aka 'short int *'}
  135 | float32_t meanSoundBufferMag(int8_t * buff, int32_t nbOfBytes)
      |                              ~~~~~~~~~^~~~
/home/adamg/STApps/GS_Audio_N6/STM32N6-Audio-Low-Latency/STM32N6-Audio-Direct-Streaming/Projects/GS/Src/audio_bm.c: At top level:
/home/adamg/STApps/GS_Audio_N6/STM32N6-Audio-Low-Latency/STM32N6-Audio-Direct-Streaming/Projects/GS/Src/audio_bm.c:325:6: warning: 'printCpuStats' defined but not used [-Wunused-function]
  325 | void printCpuStats(void)
      |      ^~~~~~~~~~~~~
/home/adamg/STApps/GS_Audio_N6/STM32N6-Audio-Low-Latency/STM32N6-Audio-Direct-Streaming/Projects/GS/Src/audio_bm.c:69:23: warning: 'audio_proc_ctx' defined but not used [-Wunused-variable]
   69 | static AudioBM_proc_t audio_proc_ctx;
      |                       ^~~~~~~~~~~~~~
/home/adamg/STApps/GS_Audio_N6/STM32N6-Audio-Low-Latency/STM32N6-Audio-Direct-Streaming/Projects/GS/Src/audio_bm.c:68:23: warning: 'audio_acq_ctx' defined but not used [-Wunused-variable]
   68 | static AudioBM_acq_t  audio_acq_ctx;
      |                       ^~~~~~~~~~~~~
arm-none-eabi-gcc -o "GS_Audio_N6.elf" @"objects.list"  -l:NetworkRuntime1020_CM55_GCC.a -mcpu=cortex-m55 -T"/home/adamg/STApps/GS_Audio_N6/STM32N6-Audio-Low-Latency/STM32N6-Audio-Direct-Streaming/Projects/GS/STM32CubeIDE/STM32N657XX_LRUN.ld" --specs=nosys.specs -Wl,-Map="GS_Audio_N6.map" -Wl,--gc-sections -static -Wl,--cmse-implib -Wl,--out-implib=./secure_nsclib.o -L../../../../Middlewares/ST/AI/Lib/GCC/ARMCortexM55 --specs=nano.specs -mfpu=fpv5-d16 -mfloat-abi=hard -mthumb -u _printf_float -Wl,--start-group -lc -lm -Wl,--end-group
/home/adamg/STM32Cube/stm32cubeide-1.19.0/plugins/com.st.stm32cube.ide.mcu.externaltools.gnu-tools-for-stm32.13.3.rel1.linux64_1.0.0.202410170706/tools/bin/../lib/gcc/arm-none-eabi/13.3.1/../../../../arm-none-eabi/bin/ld: warning: GS_Audio_N6.elf has a LOAD segment with RWX permissions
Finished building target: GS_Audio_N6.elf
 
arm-none-eabi-size  GS_Audio_N6.elf 
arm-none-eabi-objdump -h -S GS_Audio_N6.elf  > "GS_Audio_N6.list"
arm-none-eabi-objcopy  -O ihex GS_Audio_N6.elf  "GS_Audio_N6.hex"
arm-none-eabi-objcopy  -O binary GS_Audio_N6.elf  "GS_Audio_N6.bin"
   text	   data	    bss	    dec	    hex	filename
 100096	   2072	  91896	 194064	  2f610	GS_Audio_N6.elf
Finished building: default.size.stdout
 
Finished building: GS_Audio_N6.bin
Finished building: GS_Audio_N6.hex
 
 
Finished building: GS_Audio_N6.list
 
14:44:24 **** Incremental Build of configuration BM for project GS_Audio_N6 ****
make -j12 all 
arm-none-eabi-gcc "/home/adamg/STApps/GS_Audio_N6/STM32N6-Audio-Low-Latency/STM32N6-Audio-Direct-Streaming/Projects/GS/Src/audio_bm.c" -mcpu=cortex-m55 -std=gnu11 -g3 -DSTM32N657xx -DARM_MATH_CM55 -DUSE_FULL_ASSERT -DUSE_FULL_LL_DRIVER -DVECT_TAB_SRAM -DLL_ATON_PLATFORM=LL_ATON_PLAT_STM32N6 -DLL_ATON_OSAL=LL_ATON_OSAL_BARE_METAL -DLL_ATON_RT_MODE=LL_ATON_RT_ASYNC -DLL_ATON_SW_FALLBACK -DLL_ATON_EB_DBG_INFO -DLL_ATON_DUMP_DEBUG_API -DLL_ATON_DBG_BUFFER_INFO_EXCLUDED=1 -DAPP_BARE_METAL -c -I../../Inc -I../../../Dpu -I../../../Common -I../../../X-CUBE-AI/atonn -I../../../X-CUBE-AI -I../../../../Drivers/CMSIS/Core/Include -I../../../../Drivers/CMSIS/DSP/Include -I../../../../Drivers/CMSIS/DSP/PrivateInclude -I../../../../Drivers/CMSIS/Device/ST/STM32N6xx/Include -I../../../../Drivers/CMSIS/Device/ST/STM32N6xx/Include/Templates -I../../../../Drivers/STM32N6xx_HAL_Driver/Inc -I../../../../Middlewares/ST/ThreadX/ports/cortex_m55/gnu/inc -I../../../../Middlewares/ST/ThreadX/common/inc -I../../../../Middlewares/ST/AI/Inc -I../../../../Middlewares/ST/AI/Npu/Devices/STM32N6XX -I../../../../Middlewares/ST/AI/Npu/ll_aton -I../../../../Middlewares/ST/STM32_AI_AudioPreprocessing_Library/Inc -I../../../../Drivers/BSP/Components/mx66uw1g45g -I../../../../Drivers/BSP/STM32N6570-DK -Ofast -ffunction-sections -fdata-sections -Wall -flax-vector-conversions -fstack-usage -fcyclomatic-complexity -mcmse -MMD -MP -MF"Application/Src/audio_bm.d" -MT"Application/Src/audio_bm.o" --specs=nano.specs -mfpu=fpv5-d16 -mfloat-abi=hard -mthumb -o "Application/Src/audio_bm.o"
/home/adamg/STApps/GS_Audio_N6/STM32N6-Audio-Low-Latency/STM32N6-Audio-Direct-Streaming/Projects/GS/Src/audio_bm.c: In function 'exec_bm':
/home/adamg/STApps/GS_Audio_N6/STM32N6-Audio-Low-Latency/STM32N6-Audio-Direct-Streaming/Projects/GS/Src/audio_bm.c:173:46: warning: passing argument 1 of 'meanSoundBufferMag' from incompatible pointer type [-Wincompatible-pointer-types]
  173 |          float32_t mean = meanSoundBufferMag(capture_buffer, CAPTURE_BUFFER_SIZE);
      |                                              ^~~~~~~~~~~~~~
      |                                              |
      |                                              int16_t * {aka short int *}
/home/adamg/STApps/GS_Audio_N6/STM32N6-Audio-Low-Latency/STM32N6-Audio-Direct-Streaming/Projects/GS/Src/audio_bm.c:135:39: note: expected 'int8_t *' {aka 'signed char *'} but argument is of type 'int16_t *' {aka 'short int *'}
  135 | float32_t meanSoundBufferMag(int8_t * buff, int32_t nbOfBytes)
      |                              ~~~~~~~~~^~~~
/home/adamg/STApps/GS_Audio_N6/STM32N6-Audio-Low-Latency/STM32N6-Audio-Direct-Streaming/Projects/GS/Src/audio_bm.c: At top level:
/home/adamg/STApps/GS_Audio_N6/STM32N6-Audio-Low-Latency/STM32N6-Audio-Direct-Streaming/Projects/GS/Src/audio_bm.c:325:6: warning: 'printCpuStats' defined but not used [-Wunused-function]
  325 | void printCpuStats(void)
      |      ^~~~~~~~~~~~~
/home/adamg/STApps/GS_Audio_N6/STM32N6-Audio-Low-Latency/STM32N6-Audio-Direct-Streaming/Projects/GS/Src/audio_bm.c:69:23: warning: 'audio_proc_ctx' defined but not used [-Wunused-variable]
   69 | static AudioBM_proc_t audio_proc_ctx;
      |                       ^~~~~~~~~~~~~~
/home/adamg/STApps/GS_Audio_N6/STM32N6-Audio-Low-Latency/STM32N6-Audio-Direct-Streaming/Projects/GS/Src/audio_bm.c:68:23: warning: 'audio_acq_ctx' defined but not used [-Wunused-variable]
   68 | static AudioBM_acq_t  audio_acq_ctx;
      |                       ^~~~~~~~~~~~~
arm-none-eabi-gcc -o "GS_Audio_N6.elf" @"objects.list"  -l:NetworkRuntime1020_CM55_GCC.a -mcpu=cortex-m55 -T"/home/adamg/STApps/GS_Audio_N6/STM32N6-Audio-Low-Latency/STM32N6-Audio-Direct-Streaming/Projects/GS/STM32CubeIDE/STM32N657XX_LRUN.ld" --specs=nosys.specs -Wl,-Map="GS_Audio_N6.map" -Wl,--gc-sections -static -Wl,--cmse-implib -Wl,--out-implib=./secure_nsclib.o -L../../../../Middlewares/ST/AI/Lib/GCC/ARMCortexM55 --specs=nano.specs -mfpu=fpv5-d16 -mfloat-abi=hard -mthumb -u _printf_float -Wl,--start-group -lc -lm -Wl,--end-group
/home/adamg/STM32Cube/stm32cubeide-1.19.0/plugins/com.st.stm32cube.ide.mcu.externaltools.gnu-tools-for-stm32.13.3.rel1.linux64_1.0.0.202410170706/tools/bin/../lib/gcc/arm-none-eabi/13.3.1/../../../../arm-none-eabi/bin/ld: warning: GS_Audio_N6.elf has a LOAD segment with RWX permissions
Finished building target: GS_Audio_N6.elf
 
arm-none-eabi-size  GS_Audio_N6.elf 
arm-none-eabi-objdump -h -S GS_Audio_N6.elf  > "GS_Audio_N6.list"
arm-none-eabi-objcopy  -O ihex GS_Audio_N6.elf  "GS_Audio_N6.hex"
arm-none-eabi-objcopy  -O binary GS_Audio_N6.elf  "GS_Audio_N6.bin"
   text	   data	    bss	    dec	    hex	filename
 100104	   2072	  91896	 194072	  2f618	GS_Audio_N6.elf
Finished building: default.size.stdout
 
Finished building: GS_Audio_N6.bin
Finished building: GS_Audio_N6.hex
 
 
Finished building: GS_Audio_N6.list
 
14:48:06 **** Incremental Build of configuration BM for project GS_Audio_N6 ****
make -j12 all 
arm-none-eabi-gcc "/home/adamg/STApps/GS_Audio_N6/STM32N6-Audio-Low-Latency/STM32N6-Audio-Direct-Streaming/Projects/GS/Src/audio_bm.c" -mcpu=cortex-m55 -std=gnu11 -g3 -DSTM32N657xx -DARM_MATH_CM55 -DUSE_FULL_ASSERT -DUSE_FULL_LL_DRIVER -DVECT_TAB_SRAM -DLL_ATON_PLATFORM=LL_ATON_PLAT_STM32N6 -DLL_ATON_OSAL=LL_ATON_OSAL_BARE_METAL -DLL_ATON_RT_MODE=LL_ATON_RT_ASYNC -DLL_ATON_SW_FALLBACK -DLL_ATON_EB_DBG_INFO -DLL_ATON_DUMP_DEBUG_API -DLL_ATON_DBG_BUFFER_INFO_EXCLUDED=1 -DAPP_BARE_METAL -c -I../../Inc -I../../../Dpu -I../../../Common -I../../../X-CUBE-AI/atonn -I../../../X-CUBE-AI -I../../../../Drivers/CMSIS/Core/Include -I../../../../Drivers/CMSIS/DSP/Include -I../../../../Drivers/CMSIS/DSP/PrivateInclude -I../../../../Drivers/CMSIS/Device/ST/STM32N6xx/Include -I../../../../Drivers/CMSIS/Device/ST/STM32N6xx/Include/Templates -I../../../../Drivers/STM32N6xx_HAL_Driver/Inc -I../../../../Middlewares/ST/ThreadX/ports/cortex_m55/gnu/inc -I../../../../Middlewares/ST/ThreadX/common/inc -I../../../../Middlewares/ST/AI/Inc -I../../../../Middlewares/ST/AI/Npu/Devices/STM32N6XX -I../../../../Middlewares/ST/AI/Npu/ll_aton -I../../../../Middlewares/ST/STM32_AI_AudioPreprocessing_Library/Inc -I../../../../Drivers/BSP/Components/mx66uw1g45g -I../../../../Drivers/BSP/STM32N6570-DK -Ofast -ffunction-sections -fdata-sections -Wall -flax-vector-conversions -fstack-usage -fcyclomatic-complexity -mcmse -MMD -MP -MF"Application/Src/audio_bm.d" -MT"Application/Src/audio_bm.o" --specs=nano.specs -mfpu=fpv5-d16 -mfloat-abi=hard -mthumb -o "Application/Src/audio_bm.o"
/home/adamg/STApps/GS_Audio_N6/STM32N6-Audio-Low-Latency/STM32N6-Audio-Direct-Streaming/Projects/GS/Src/audio_bm.c:322:6: warning: 'printCpuStats' defined but not used [-Wunused-function]
  322 | void printCpuStats(void)
      |      ^~~~~~~~~~~~~
/home/adamg/STApps/GS_Audio_N6/STM32N6-Audio-Low-Latency/STM32N6-Audio-Direct-Streaming/Projects/GS/Src/audio_bm.c:69:23: warning: 'audio_proc_ctx' defined but not used [-Wunused-variable]
   69 | static AudioBM_proc_t audio_proc_ctx;
      |                       ^~~~~~~~~~~~~~
/home/adamg/STApps/GS_Audio_N6/STM32N6-Audio-Low-Latency/STM32N6-Audio-Direct-Streaming/Projects/GS/Src/audio_bm.c:68:23: warning: 'audio_acq_ctx' defined but not used [-Wunused-variable]
   68 | static AudioBM_acq_t  audio_acq_ctx;
      |                       ^~~~~~~~~~~~~
arm-none-eabi-gcc -o "GS_Audio_N6.elf" @"objects.list"  -l:NetworkRuntime1020_CM55_GCC.a -mcpu=cortex-m55 -T"/home/adamg/STApps/GS_Audio_N6/STM32N6-Audio-Low-Latency/STM32N6-Audio-Direct-Streaming/Projects/GS/STM32CubeIDE/STM32N657XX_LRUN.ld" --specs=nosys.specs -Wl,-Map="GS_Audio_N6.map" -Wl,--gc-sections -static -Wl,--cmse-implib -Wl,--out-implib=./secure_nsclib.o -L../../../../Middlewares/ST/AI/Lib/GCC/ARMCortexM55 --specs=nano.specs -mfpu=fpv5-d16 -mfloat-abi=hard -mthumb -u _printf_float -Wl,--start-group -lc -lm -Wl,--end-group
/home/adamg/STM32Cube/stm32cubeide-1.19.0/plugins/com.st.stm32cube.ide.mcu.externaltools.gnu-tools-for-stm32.13.3.rel1.linux64_1.0.0.202410170706/tools/bin/../lib/gcc/arm-none-eabi/13.3.1/../../../../arm-none-eabi/bin/ld: warning: GS_Audio_N6.elf has a LOAD segment with RWX permissions
Finished building target: GS_Audio_N6.elf
 
arm-none-eabi-size  GS_Audio_N6.elf 
arm-none-eabi-objdump -h -S GS_Audio_N6.elf  > "GS_Audio_N6.list"
arm-none-eabi-objcopy  -O ihex GS_Audio_N6.elf  "GS_Audio_N6.hex"
arm-none-eabi-objcopy  -O binary GS_Audio_N6.elf  "GS_Audio_N6.bin"
   text	   data	    bss	    dec	    hex	filename
 100016	   2072	  91896	 193984	  2f5c0	GS_Audio_N6.elf
Finished building: default.size.stdout
 
Finished building: GS_Audio_N6.bin
Finished building: GS_Audio_N6.hex
 
 
Finished building: GS_Audio_N6.list
 
14:48:24 **** Incremental Build of configuration BM for project GS_Audio_N6 ****
make -j12 all 
arm-none-eabi-size  GS_Audio_N6.elf 
   text	   data	    bss	    dec	    hex	filename
 100016	   2072	  91896	 193984	  2f5c0	GS_Audio_N6.elf
Finished building: default.size.stdout
 
14:52:39 **** Incremental Build of configuration BM for project GS_Audio_N6 ****
make -j12 all 
arm-none-eabi-gcc "/home/adamg/STApps/GS_Audio_N6/STM32N6-Audio-Low-Latency/STM32N6-Audio-Direct-Streaming/Projects/GS/Src/audio_bm.c" -mcpu=cortex-m55 -std=gnu11 -g3 -DSTM32N657xx -DARM_MATH_CM55 -DUSE_FULL_ASSERT -DUSE_FULL_LL_DRIVER -DVECT_TAB_SRAM -DLL_ATON_PLATFORM=LL_ATON_PLAT_STM32N6 -DLL_ATON_OSAL=LL_ATON_OSAL_BARE_METAL -DLL_ATON_RT_MODE=LL_ATON_RT_ASYNC -DLL_ATON_SW_FALLBACK -DLL_ATON_EB_DBG_INFO -DLL_ATON_DUMP_DEBUG_API -DLL_ATON_DBG_BUFFER_INFO_EXCLUDED=1 -DAPP_BARE_METAL -c -I../../Inc -I../../../Dpu -I../../../Common -I../../../X-CUBE-AI/atonn -I../../../X-CUBE-AI -I../../../../Drivers/CMSIS/Core/Include -I../../../../Drivers/CMSIS/DSP/Include -I../../../../Drivers/CMSIS/DSP/PrivateInclude -I../../../../Drivers/CMSIS/Device/ST/STM32N6xx/Include -I../../../../Drivers/CMSIS/Device/ST/STM32N6xx/Include/Templates -I../../../../Drivers/STM32N6xx_HAL_Driver/Inc -I../../../../Middlewares/ST/ThreadX/ports/cortex_m55/gnu/inc -I../../../../Middlewares/ST/ThreadX/common/inc -I../../../../Middlewares/ST/AI/Inc -I../../../../Middlewares/ST/AI/Npu/Devices/STM32N6XX -I../../../../Middlewares/ST/AI/Npu/ll_aton -I../../../../Middlewares/ST/STM32_AI_AudioPreprocessing_Library/Inc -I../../../../Drivers/BSP/Components/mx66uw1g45g -I../../../../Drivers/BSP/STM32N6570-DK -Ofast -ffunction-sections -fdata-sections -Wall -flax-vector-conversions -fstack-usage -fcyclomatic-complexity -mcmse -MMD -MP -MF"Application/Src/audio_bm.d" -MT"Application/Src/audio_bm.o" --specs=nano.specs -mfpu=fpv5-d16 -mfloat-abi=hard -mthumb -o "Application/Src/audio_bm.o"
/home/adamg/STApps/GS_Audio_N6/STM32N6-Audio-Low-Latency/STM32N6-Audio-Direct-Streaming/Projects/GS/Src/audio_bm.c:322:6: warning: 'printCpuStats' defined but not used [-Wunused-function]
  322 | void printCpuStats(void)
      |      ^~~~~~~~~~~~~
/home/adamg/STApps/GS_Audio_N6/STM32N6-Audio-Low-Latency/STM32N6-Audio-Direct-Streaming/Projects/GS/Src/audio_bm.c:69:23: warning: 'audio_proc_ctx' defined but not used [-Wunused-variable]
   69 | static AudioBM_proc_t audio_proc_ctx;
      |                       ^~~~~~~~~~~~~~
/home/adamg/STApps/GS_Audio_N6/STM32N6-Audio-Low-Latency/STM32N6-Audio-Direct-Streaming/Projects/GS/Src/audio_bm.c:68:23: warning: 'audio_acq_ctx' defined but not used [-Wunused-variable]
   68 | static AudioBM_acq_t  audio_acq_ctx;
      |                       ^~~~~~~~~~~~~
arm-none-eabi-gcc -o "GS_Audio_N6.elf" @"objects.list"  -l:NetworkRuntime1020_CM55_GCC.a -mcpu=cortex-m55 -T"/home/adamg/STApps/GS_Audio_N6/STM32N6-Audio-Low-Latency/STM32N6-Audio-Direct-Streaming/Projects/GS/STM32CubeIDE/STM32N657XX_LRUN.ld" --specs=nosys.specs -Wl,-Map="GS_Audio_N6.map" -Wl,--gc-sections -static -Wl,--cmse-implib -Wl,--out-implib=./secure_nsclib.o -L../../../../Middlewares/ST/AI/Lib/GCC/ARMCortexM55 --specs=nano.specs -mfpu=fpv5-d16 -mfloat-abi=hard -mthumb -u _printf_float -Wl,--start-group -lc -lm -Wl,--end-group
/home/adamg/STM32Cube/stm32cubeide-1.19.0/plugins/com.st.stm32cube.ide.mcu.externaltools.gnu-tools-for-stm32.13.3.rel1.linux64_1.0.0.202410170706/tools/bin/../lib/gcc/arm-none-eabi/13.3.1/../../../../arm-none-eabi/bin/ld: warning: GS_Audio_N6.elf has a LOAD segment with RWX permissions
Finished building target: GS_Audio_N6.elf
 
arm-none-eabi-size  GS_Audio_N6.elf 
arm-none-eabi-objdump -h -S GS_Audio_N6.elf  > "GS_Audio_N6.list"
arm-none-eabi-objcopy  -O ihex GS_Audio_N6.elf  "GS_Audio_N6.hex"
arm-none-eabi-objcopy  -O binary GS_Audio_N6.elf  "GS_Audio_N6.bin"
   text	   data	    bss	    dec	    hex	filename
 100016	   2072	 154616	 256704	  3eac0	GS_Audio_N6.elf
Finished building: default.size.stdout
 
Finished building: GS_Audio_N6.bin
Finished building: GS_Audio_N6.hex
 
 
Finished building: GS_Audio_N6.list
 
14:53:17 **** Incremental Build of configuration BM for project GS_Audio_N6 ****
make -j12 all 
arm-none-eabi-gcc "/home/adamg/STApps/GS_Audio_N6/STM32N6-Audio-Low-Latency/STM32N6-Audio-Direct-Streaming/Drivers/BSP/STM32N6570-DK/stm32n6570_discovery.c" -mcpu=cortex-m55 -std=gnu11 -g3 -DSTM32N657xx -DARM_MATH_CM55 -DUSE_FULL_ASSERT -DUSE_FULL_LL_DRIVER -DVECT_TAB_SRAM -DLL_ATON_PLATFORM=LL_ATON_PLAT_STM32N6 -DLL_ATON_OSAL=LL_ATON_OSAL_BARE_METAL -DLL_ATON_RT_MODE=LL_ATON_RT_ASYNC -DLL_ATON_SW_FALLBACK -DLL_ATON_EB_DBG_INFO -DLL_ATON_DUMP_DEBUG_API -DLL_ATON_DBG_BUFFER_INFO_EXCLUDED=1 -DAPP_BARE_METAL -c -I../../Inc -I../../../Dpu -I../../../Common -I../../../X-CUBE-AI/atonn -I../../../X-CUBE-AI -I../../../../Drivers/CMSIS/Core/Include -I../../../../Drivers/CMSIS/DSP/Include -I../../../../Drivers/CMSIS/DSP/PrivateInclude -I../../../../Drivers/CMSIS/Device/ST/STM32N6xx/Include -I../../../../Drivers/CMSIS/Device/ST/STM32N6xx/Include/Templates -I../../../../Drivers/STM32N6xx_HAL_Driver/Inc -I../../../../Middlewares/ST/ThreadX/ports/cortex_m55/gnu/inc -I../../../../Middlewares/ST/ThreadX/common/inc -I../../../../Middlewares/ST/AI/Inc -I../../../../Middlewares/ST/AI/Npu/Devices/STM32N6XX -I../../../../Middlewares/ST/AI/Npu/ll_aton -I../../../../Middlewares/ST/STM32_AI_AudioPreprocessing_Library/Inc -I../../../../Drivers/BSP/Components/mx66uw1g45g -I../../../../Drivers/BSP/STM32N6570-DK -Ofast -ffunction-sections -fdata-sections -Wall -flax-vector-conversions -fstack-usage -fcyclomatic-complexity -mcmse -MMD -MP -MF"Drivers/BSP/STM32N6570-DK/stm32n6570_discovery.d" -MT"Drivers/BSP/STM32N6570-DK/stm32n6570_discovery.o" --specs=nano.specs -mfpu=fpv5-d16 -mfloat-abi=hard -mthumb -o "Drivers/BSP/STM32N6570-DK/stm32n6570_discovery.o"
arm-none-eabi-gcc "/home/adamg/STApps/GS_Audio_N6/STM32N6-Audio-Low-Latency/STM32N6-Audio-Direct-Streaming/Drivers/BSP/STM32N6570-DK/stm32n6570_discovery_bus.c" -mcpu=cortex-m55 -std=gnu11 -g3 -DSTM32N657xx -DARM_MATH_CM55 -DUSE_FULL_ASSERT -DUSE_FULL_LL_DRIVER -DVECT_TAB_SRAM -DLL_ATON_PLATFORM=LL_ATON_PLAT_STM32N6 -DLL_ATON_OSAL=LL_ATON_OSAL_BARE_METAL -DLL_ATON_RT_MODE=LL_ATON_RT_ASYNC -DLL_ATON_SW_FALLBACK -DLL_ATON_EB_DBG_INFO -DLL_ATON_DUMP_DEBUG_API -DLL_ATON_DBG_BUFFER_INFO_EXCLUDED=1 -DAPP_BARE_METAL -c -I../../Inc -I../../../Dpu -I../../../Common -I../../../X-CUBE-AI/atonn -I../../../X-CUBE-AI -I../../../../Drivers/CMSIS/Core/Include -I../../../../Drivers/CMSIS/DSP/Include -I../../../../Drivers/CMSIS/DSP/PrivateInclude -I../../../../Drivers/CMSIS/Device/ST/STM32N6xx/Include -I../../../../Drivers/CMSIS/Device/ST/STM32N6xx/Include/Templates -I../../../../Drivers/STM32N6xx_HAL_Driver/Inc -I../../../../Middlewares/ST/ThreadX/ports/cortex_m55/gnu/inc -I../../../../Middlewares/ST/ThreadX/common/inc -I../../../../Middlewares/ST/AI/Inc -I../../../../Middlewares/ST/AI/Npu/Devices/STM32N6XX -I../../../../Middlewares/ST/AI/Npu/ll_aton -I../../../../Middlewares/ST/STM32_AI_AudioPreprocessing_Library/Inc -I../../../../Drivers/BSP/Components/mx66uw1g45g -I../../../../Drivers/BSP/STM32N6570-DK -Ofast -ffunction-sections -fdata-sections -Wall -flax-vector-conversions -fstack-usage -fcyclomatic-complexity -mcmse -MMD -MP -MF"Drivers/BSP/STM32N6570-DK/stm32n6570_discovery_bus.d" -MT"Drivers/BSP/STM32N6570-DK/stm32n6570_discovery_bus.o" --specs=nano.specs -mfpu=fpv5-d16 -mfloat-abi=hard -mthumb -o "Drivers/BSP/STM32N6570-DK/stm32n6570_discovery_bus.o"
arm-none-eabi-gcc "/home/adamg/STApps/GS_Audio_N6/STM32N6-Audio-Low-Latency/STM32N6-Audio-Direct-Streaming/Drivers/BSP/STM32N6570-DK/stm32n6570_discovery_xspi.c" -mcpu=cortex-m55 -std=gnu11 -g3 -DSTM32N657xx -DARM_MATH_CM55 -DUSE_FULL_ASSERT -DUSE_FULL_LL_DRIVER -DVECT_TAB_SRAM -DLL_ATON_PLATFORM=LL_ATON_PLAT_STM32N6 -DLL_ATON_OSAL=LL_ATON_OSAL_BARE_METAL -DLL_ATON_RT_MODE=LL_ATON_RT_ASYNC -DLL_ATON_SW_FALLBACK -DLL_ATON_EB_DBG_INFO -DLL_ATON_DUMP_DEBUG_API -DLL_ATON_DBG_BUFFER_INFO_EXCLUDED=1 -DAPP_BARE_METAL -c -I../../Inc -I../../../Dpu -I../../../Common -I../../../X-CUBE-AI/atonn -I../../../X-CUBE-AI -I../../../../Drivers/CMSIS/Core/Include -I../../../../Drivers/CMSIS/DSP/Include -I../../../../Drivers/CMSIS/DSP/PrivateInclude -I../../../../Drivers/CMSIS/Device/ST/STM32N6xx/Include -I../../../../Drivers/CMSIS/Device/ST/STM32N6xx/Include/Templates -I../../../../Drivers/STM32N6xx_HAL_Driver/Inc -I../../../../Middlewares/ST/ThreadX/ports/cortex_m55/gnu/inc -I../../../../Middlewares/ST/ThreadX/common/inc -I../../../../Middlewares/ST/AI/Inc -I../../../../Middlewares/ST/AI/Npu/Devices/STM32N6XX -I../../../../Middlewares/ST/AI/Npu/ll_aton -I../../../../Middlewares/ST/STM32_AI_AudioPreprocessing_Library/Inc -I../../../../Drivers/BSP/Components/mx66uw1g45g -I../../../../Drivers/BSP/STM32N6570-DK -Ofast -ffunction-sections -fdata-sections -Wall -flax-vector-conversions -fstack-usage -fcyclomatic-complexity -mcmse -MMD -MP -MF"Drivers/BSP/STM32N6570-DK/stm32n6570_discovery_xspi.d" -MT"Drivers/BSP/STM32N6570-DK/stm32n6570_discovery_xspi.o" --specs=nano.specs -mfpu=fpv5-d16 -mfloat-abi=hard -mthumb -o "Drivers/BSP/STM32N6570-DK/stm32n6570_discovery_xspi.o"
arm-none-eabi-gcc "/home/adamg/STApps/GS_Audio_N6/STM32N6-Audio-Low-Latency/STM32N6-Audio-Direct-Streaming/Projects/GS/Src/AudioCapture_ring_buff.c" -mcpu=cortex-m55 -std=gnu11 -g3 -DSTM32N657xx -DARM_MATH_CM55 -DUSE_FULL_ASSERT -DUSE_FULL_LL_DRIVER -DVECT_TAB_SRAM -DLL_ATON_PLATFORM=LL_ATON_PLAT_STM32N6 -DLL_ATON_OSAL=LL_ATON_OSAL_BARE_METAL -DLL_ATON_RT_MODE=LL_ATON_RT_ASYNC -DLL_ATON_SW_FALLBACK -DLL_ATON_EB_DBG_INFO -DLL_ATON_DUMP_DEBUG_API -DLL_ATON_DBG_BUFFER_INFO_EXCLUDED=1 -DAPP_BARE_METAL -c -I../../Inc -I../../../Dpu -I../../../Common -I../../../X-CUBE-AI/atonn -I../../../X-CUBE-AI -I../../../../Drivers/CMSIS/Core/Include -I../../../../Drivers/CMSIS/DSP/Include -I../../../../Drivers/CMSIS/DSP/PrivateInclude -I../../../../Drivers/CMSIS/Device/ST/STM32N6xx/Include -I../../../../Drivers/CMSIS/Device/ST/STM32N6xx/Include/Templates -I../../../../Drivers/STM32N6xx_HAL_Driver/Inc -I../../../../Middlewares/ST/ThreadX/ports/cortex_m55/gnu/inc -I../../../../Middlewares/ST/ThreadX/common/inc -I../../../../Middlewares/ST/AI/Inc -I../../../../Middlewares/ST/AI/Npu/Devices/STM32N6XX -I../../../../Middlewares/ST/AI/Npu/ll_aton -I../../../../Middlewares/ST/STM32_AI_AudioPreprocessing_Library/Inc -I../../../../Drivers/BSP/Components/mx66uw1g45g -I../../../../Drivers/BSP/STM32N6570-DK -Ofast -ffunction-sections -fdata-sections -Wall -flax-vector-conversions -fstack-usage -fcyclomatic-complexity -mcmse -MMD -MP -MF"Application/Src/AudioCapture_ring_buff.d" -MT"Application/Src/AudioCapture_ring_buff.o" --specs=nano.specs -mfpu=fpv5-d16 -mfloat-abi=hard -mthumb -o "Application/Src/AudioCapture_ring_buff.o"
arm-none-eabi-gcc "/home/adamg/STApps/GS_Audio_N6/STM32N6-Audio-Low-Latency/STM32N6-Audio-Direct-Streaming/Projects/GS/Src/audio_bm.c" -mcpu=cortex-m55 -std=gnu11 -g3 -DSTM32N657xx -DARM_MATH_CM55 -DUSE_FULL_ASSERT -DUSE_FULL_LL_DRIVER -DVECT_TAB_SRAM -DLL_ATON_PLATFORM=LL_ATON_PLAT_STM32N6 -DLL_ATON_OSAL=LL_ATON_OSAL_BARE_METAL -DLL_ATON_RT_MODE=LL_ATON_RT_ASYNC -DLL_ATON_SW_FALLBACK -DLL_ATON_EB_DBG_INFO -DLL_ATON_DUMP_DEBUG_API -DLL_ATON_DBG_BUFFER_INFO_EXCLUDED=1 -DAPP_BARE_METAL -c -I../../Inc -I../../../Dpu -I../../../Common -I../../../X-CUBE-AI/atonn -I../../../X-CUBE-AI -I../../../../Drivers/CMSIS/Core/Include -I../../../../Drivers/CMSIS/DSP/Include -I../../../../Drivers/CMSIS/DSP/PrivateInclude -I../../../../Drivers/CMSIS/Device/ST/STM32N6xx/Include -I../../../../Drivers/CMSIS/Device/ST/STM32N6xx/Include/Templates -I../../../../Drivers/STM32N6xx_HAL_Driver/Inc -I../../../../Middlewares/ST/ThreadX/ports/cortex_m55/gnu/inc -I../../../../Middlewares/ST/ThreadX/common/inc -I../../../../Middlewares/ST/AI/Inc -I../../../../Middlewares/ST/AI/Npu/Devices/STM32N6XX -I../../../../Middlewares/ST/AI/Npu/ll_aton -I../../../../Middlewares/ST/STM32_AI_AudioPreprocessing_Library/Inc -I../../../../Drivers/BSP/Components/mx66uw1g45g -I../../../../Drivers/BSP/STM32N6570-DK -Ofast -ffunction-sections -fdata-sections -Wall -flax-vector-conversions -fstack-usage -fcyclomatic-complexity -mcmse -MMD -MP -MF"Application/Src/audio_bm.d" -MT"Application/Src/audio_bm.o" --specs=nano.specs -mfpu=fpv5-d16 -mfloat-abi=hard -mthumb -o "Application/Src/audio_bm.o"
arm-none-eabi-gcc "/home/adamg/STApps/GS_Audio_N6/STM32N6-Audio-Low-Latency/STM32N6-Audio-Direct-Streaming/Projects/GS/Src/main.c" -mcpu=cortex-m55 -std=gnu11 -g3 -DSTM32N657xx -DARM_MATH_CM55 -DUSE_FULL_ASSERT -DUSE_FULL_LL_DRIVER -DVECT_TAB_SRAM -DLL_ATON_PLATFORM=LL_ATON_PLAT_STM32N6 -DLL_ATON_OSAL=LL_ATON_OSAL_BARE_METAL -DLL_ATON_RT_MODE=LL_ATON_RT_ASYNC -DLL_ATON_SW_FALLBACK -DLL_ATON_EB_DBG_INFO -DLL_ATON_DUMP_DEBUG_API -DLL_ATON_DBG_BUFFER_INFO_EXCLUDED=1 -DAPP_BARE_METAL -c -I../../Inc -I../../../Dpu -I../../../Common -I../../../X-CUBE-AI/atonn -I../../../X-CUBE-AI -I../../../../Drivers/CMSIS/Core/Include -I../../../../Drivers/CMSIS/DSP/Include -I../../../../Drivers/CMSIS/DSP/PrivateInclude -I../../../../Drivers/CMSIS/Device/ST/STM32N6xx/Include -I../../../../Drivers/CMSIS/Device/ST/STM32N6xx/Include/Templates -I../../../../Drivers/STM32N6xx_HAL_Driver/Inc -I../../../../Middlewares/ST/ThreadX/ports/cortex_m55/gnu/inc -I../../../../Middlewares/ST/ThreadX/common/inc -I../../../../Middlewares/ST/AI/Inc -I../../../../Middlewares/ST/AI/Npu/Devices/STM32N6XX -I../../../../Middlewares/ST/AI/Npu/ll_aton -I../../../../Middlewares/ST/STM32_AI_AudioPreprocessing_Library/Inc -I../../../../Drivers/BSP/Components/mx66uw1g45g -I../../../../Drivers/BSP/STM32N6570-DK -Ofast -ffunction-sections -fdata-sections -Wall -flax-vector-conversions -fstack-usage -fcyclomatic-complexity -mcmse -MMD -MP -MF"Application/Src/main.d" -MT"Application/Src/main.o" --specs=nano.specs -mfpu=fpv5-d16 -mfloat-abi=hard -mthumb -o "Application/Src/main.o"
arm-none-eabi-gcc "/home/adamg/STApps/GS_Audio_N6/STM32N6-Audio-Low-Latency/STM32N6-Audio-Direct-Streaming/Projects/GS/Src/stm32n6xx_it.c" -mcpu=cortex-m55 -std=gnu11 -g3 -DSTM32N657xx -DARM_MATH_CM55 -DUSE_FULL_ASSERT -DUSE_FULL_LL_DRIVER -DVECT_TAB_SRAM -DLL_ATON_PLATFORM=LL_ATON_PLAT_STM32N6 -DLL_ATON_OSAL=LL_ATON_OSAL_BARE_METAL -DLL_ATON_RT_MODE=LL_ATON_RT_ASYNC -DLL_ATON_SW_FALLBACK -DLL_ATON_EB_DBG_INFO -DLL_ATON_DUMP_DEBUG_API -DLL_ATON_DBG_BUFFER_INFO_EXCLUDED=1 -DAPP_BARE_METAL -c -I../../Inc -I../../../Dpu -I../../../Common -I../../../X-CUBE-AI/atonn -I../../../X-CUBE-AI -I../../../../Drivers/CMSIS/Core/Include -I../../../../Drivers/CMSIS/DSP/Include -I../../../../Drivers/CMSIS/DSP/PrivateInclude -I../../../../Drivers/CMSIS/Device/ST/STM32N6xx/Include -I../../../../Drivers/CMSIS/Device/ST/STM32N6xx/Include/Templates -I../../../../Drivers/STM32N6xx_HAL_Driver/Inc -I../../../../Middlewares/ST/ThreadX/ports/cortex_m55/gnu/inc -I../../../../Middlewares/ST/ThreadX/common/inc -I../../../../Middlewares/ST/AI/Inc -I../../../../Middlewares/ST/AI/Npu/Devices/STM32N6XX -I../../../../Middlewares/ST/AI/Npu/ll_aton -I../../../../Middlewares/ST/STM32_AI_AudioPreprocessing_Library/Inc -I../../../../Drivers/BSP/Components/mx66uw1g45g -I../../../../Drivers/BSP/STM32N6570-DK -Ofast -ffunction-sections -fdata-sections -Wall -flax-vector-conversions -fstack-usage -fcyclomatic-complexity -mcmse -MMD -MP -MF"Application/Src/stm32n6xx_it.d" -MT"Application/Src/stm32n6xx_it.o" --specs=nano.specs -mfpu=fpv5-d16 -mfloat-abi=hard -mthumb -o "Application/Src/stm32n6xx_it.o"
arm-none-eabi-gcc "/home/adamg/STApps/GS_Audio_N6/STM32N6-Audio-Low-Latency/STM32N6-Audio-Direct-Streaming/Projects/GS/Src/test.c" -mcpu=cortex-m55 -std=gnu11 -g3 -DSTM32N657xx -DARM_MATH_CM55 -DUSE_FULL_ASSERT -DUSE_FULL_LL_DRIVER -DVECT_TAB_SRAM -DLL_ATON_PLATFORM=LL_ATON_PLAT_STM32N6 -DLL_ATON_OSAL=LL_ATON_OSAL_BARE_METAL -DLL_ATON_RT_MODE=LL_ATON_RT_ASYNC -DLL_ATON_SW_FALLBACK -DLL_ATON_EB_DBG_INFO -DLL_ATON_DUMP_DEBUG_API -DLL_ATON_DBG_BUFFER_INFO_EXCLUDED=1 -DAPP_BARE_METAL -c -I../../Inc -I../../../Dpu -I../../../Common -I../../../X-CUBE-AI/atonn -I../../../X-CUBE-AI -I../../../../Drivers/CMSIS/Core/Include -I../../../../Drivers/CMSIS/DSP/Include -I../../../../Drivers/CMSIS/DSP/PrivateInclude -I../../../../Drivers/CMSIS/Device/ST/STM32N6xx/Include -I../../../../Drivers/CMSIS/Device/ST/STM32N6xx/Include/Templates -I../../../../Drivers/STM32N6xx_HAL_Driver/Inc -I../../../../Middlewares/ST/ThreadX/ports/cortex_m55/gnu/inc -I../../../../Middlewares/ST/ThreadX/common/inc -I../../../../Middlewares/ST/AI/Inc -I../../../../Middlewares/ST/AI/Npu/Devices/STM32N6XX -I../../../../Middlewares/ST/AI/Npu/ll_aton -I../../../../Middlewares/ST/STM32_AI_AudioPreprocessing_Library/Inc -I../../../../Drivers/BSP/Components/mx66uw1g45g -I../../../../Drivers/BSP/STM32N6570-DK -Ofast -ffunction-sections -fdata-sections -Wall -flax-vector-conversions -fstack-usage -fcyclomatic-complexity -mcmse -MMD -MP -MF"Application/Src/test.d" -MT"Application/Src/test.o" --specs=nano.specs -mfpu=fpv5-d16 -mfloat-abi=hard -mthumb -o "Application/Src/test.o"
arm-none-eabi-gcc "/home/adamg/STApps/GS_Audio_N6/STM32N6-Audio-Low-Latency/STM32N6-Audio-Direct-Streaming/Projects/Dpu/ai_dpu.c" -mcpu=cortex-m55 -std=gnu11 -g3 -DSTM32N657xx -DARM_MATH_CM55 -DUSE_FULL_ASSERT -DUSE_FULL_LL_DRIVER -DVECT_TAB_SRAM -DLL_ATON_PLATFORM=LL_ATON_PLAT_STM32N6 -DLL_ATON_OSAL=LL_ATON_OSAL_BARE_METAL -DLL_ATON_RT_MODE=LL_ATON_RT_ASYNC -DLL_ATON_SW_FALLBACK -DLL_ATON_EB_DBG_INFO -DLL_ATON_DUMP_DEBUG_API -DLL_ATON_DBG_BUFFER_INFO_EXCLUDED=1 -DAPP_BARE_METAL -c -I../../Inc -I../../../Dpu -I../../../Common -I../../../X-CUBE-AI/atonn -I../../../X-CUBE-AI -I../../../../Drivers/CMSIS/Core/Include -I../../../../Drivers/CMSIS/DSP/Include -I../../../../Drivers/CMSIS/DSP/PrivateInclude -I../../../../Drivers/CMSIS/Device/ST/STM32N6xx/Include -I../../../../Drivers/CMSIS/Device/ST/STM32N6xx/Include/Templates -I../../../../Drivers/STM32N6xx_HAL_Driver/Inc -I../../../../Middlewares/ST/ThreadX/ports/cortex_m55/gnu/inc -I../../../../Middlewares/ST/ThreadX/common/inc -I../../../../Middlewares/ST/AI/Inc -I../../../../Middlewares/ST/AI/Npu/Devices/STM32N6XX -I../../../../Middlewares/ST/AI/Npu/ll_aton -I../../../../Middlewares/ST/STM32_AI_AudioPreprocessing_Library/Inc -I../../../../Drivers/BSP/Components/mx66uw1g45g -I../../../../Drivers/BSP/STM32N6570-DK -Ofast -ffunction-sections -fdata-sections -Wall -flax-vector-conversions -fstack-usage -fcyclomatic-complexity -mcmse -MMD -MP -MF"Application/Dpu/ai_dpu.d" -MT"Application/Dpu/ai_dpu.o" --specs=nano.specs -mfpu=fpv5-d16 -mfloat-abi=hard -mthumb -o "Application/Dpu/ai_dpu.o"
arm-none-eabi-gcc "/home/adamg/STApps/GS_Audio_N6/STM32N6-Audio-Low-Latency/STM32N6-Audio-Direct-Streaming/Projects/Dpu/postproc_dpu.c" -mcpu=cortex-m55 -std=gnu11 -g3 -DSTM32N657xx -DARM_MATH_CM55 -DUSE_FULL_ASSERT -DUSE_FULL_LL_DRIVER -DVECT_TAB_SRAM -DLL_ATON_PLATFORM=LL_ATON_PLAT_STM32N6 -DLL_ATON_OSAL=LL_ATON_OSAL_BARE_METAL -DLL_ATON_RT_MODE=LL_ATON_RT_ASYNC -DLL_ATON_SW_FALLBACK -DLL_ATON_EB_DBG_INFO -DLL_ATON_DUMP_DEBUG_API -DLL_ATON_DBG_BUFFER_INFO_EXCLUDED=1 -DAPP_BARE_METAL -c -I../../Inc -I../../../Dpu -I../../../Common -I../../../X-CUBE-AI/atonn -I../../../X-CUBE-AI -I../../../../Drivers/CMSIS/Core/Include -I../../../../Drivers/CMSIS/DSP/Include -I../../../../Drivers/CMSIS/DSP/PrivateInclude -I../../../../Drivers/CMSIS/Device/ST/STM32N6xx/Include -I../../../../Drivers/CMSIS/Device/ST/STM32N6xx/Include/Templates -I../../../../Drivers/STM32N6xx_HAL_Driver/Inc -I../../../../Middlewares/ST/ThreadX/ports/cortex_m55/gnu/inc -I../../../../Middlewares/ST/ThreadX/common/inc -I../../../../Middlewares/ST/AI/Inc -I../../../../Middlewares/ST/AI/Npu/Devices/STM32N6XX -I../../../../Middlewares/ST/AI/Npu/ll_aton -I../../../../Middlewares/ST/STM32_AI_AudioPreprocessing_Library/Inc -I../../../../Drivers/BSP/Components/mx66uw1g45g -I../../../../Drivers/BSP/STM32N6570-DK -Ofast -ffunction-sections -fdata-sections -Wall -flax-vector-conversions -fstack-usage -fcyclomatic-complexity -mcmse -MMD -MP -MF"Application/Dpu/postproc_dpu.d" -MT"Application/Dpu/postproc_dpu.o" --specs=nano.specs -mfpu=fpv5-d16 -mfloat-abi=hard -mthumb -o "Application/Dpu/postproc_dpu.o"
arm-none-eabi-gcc "/home/adamg/STApps/GS_Audio_N6/STM32N6-Audio-Low-Latency/STM32N6-Audio-Direct-Streaming/Projects/Dpu/preproc_dpu.c" -mcpu=cortex-m55 -std=gnu11 -g3 -DSTM32N657xx -DARM_MATH_CM55 -DUSE_FULL_ASSERT -DUSE_FULL_LL_DRIVER -DVECT_TAB_SRAM -DLL_ATON_PLATFORM=LL_ATON_PLAT_STM32N6 -DLL_ATON_OSAL=LL_ATON_OSAL_BARE_METAL -DLL_ATON_RT_MODE=LL_ATON_RT_ASYNC -DLL_ATON_SW_FALLBACK -DLL_ATON_EB_DBG_INFO -DLL_ATON_DUMP_DEBUG_API -DLL_ATON_DBG_BUFFER_INFO_EXCLUDED=1 -DAPP_BARE_METAL -c -I../../Inc -I../../../Dpu -I../../../Common -I../../../X-CUBE-AI/atonn -I../../../X-CUBE-AI -I../../../../Drivers/CMSIS/Core/Include -I../../../../Drivers/CMSIS/DSP/Include -I../../../../Drivers/CMSIS/DSP/PrivateInclude -I../../../../Drivers/CMSIS/Device/ST/STM32N6xx/Include -I../../../../Drivers/CMSIS/Device/ST/STM32N6xx/Include/Templates -I../../../../Drivers/STM32N6xx_HAL_Driver/Inc -I../../../../Middlewares/ST/ThreadX/ports/cortex_m55/gnu/inc -I../../../../Middlewares/ST/ThreadX/common/inc -I../../../../Middlewares/ST/AI/Inc -I../../../../Middlewares/ST/AI/Npu/Devices/STM32N6XX -I../../../../Middlewares/ST/AI/Npu/ll_aton -I../../../../Middlewares/ST/STM32_AI_AudioPreprocessing_Library/Inc -I../../../../Drivers/BSP/Components/mx66uw1g45g -I../../../../Drivers/BSP/STM32N6570-DK -Ofast -ffunction-sections -fdata-sections -Wall -flax-vector-conversions -fstack-usage -fcyclomatic-complexity -mcmse -MMD -MP -MF"Application/Dpu/preproc_dpu.d" -MT"Application/Dpu/preproc_dpu.o" --specs=nano.specs -mfpu=fpv5-d16 -mfloat-abi=hard -mthumb -o "Application/Dpu/preproc_dpu.o"
arm-none-eabi-gcc "/home/adamg/STApps/GS_Audio_N6/STM32N6-Audio-Low-Latency/STM32N6-Audio-Direct-Streaming/Projects/Dpu/user_mel_tables.c" -mcpu=cortex-m55 -std=gnu11 -g3 -DSTM32N657xx -DARM_MATH_CM55 -DUSE_FULL_ASSERT -DUSE_FULL_LL_DRIVER -DVECT_TAB_SRAM -DLL_ATON_PLATFORM=LL_ATON_PLAT_STM32N6 -DLL_ATON_OSAL=LL_ATON_OSAL_BARE_METAL -DLL_ATON_RT_MODE=LL_ATON_RT_ASYNC -DLL_ATON_SW_FALLBACK -DLL_ATON_EB_DBG_INFO -DLL_ATON_DUMP_DEBUG_API -DLL_ATON_DBG_BUFFER_INFO_EXCLUDED=1 -DAPP_BARE_METAL -c -I../../Inc -I../../../Dpu -I../../../Common -I../../../X-CUBE-AI/atonn -I../../../X-CUBE-AI -I../../../../Drivers/CMSIS/Core/Include -I../../../../Drivers/CMSIS/DSP/Include -I../../../../Drivers/CMSIS/DSP/PrivateInclude -I../../../../Drivers/CMSIS/Device/ST/STM32N6xx/Include -I../../../../Drivers/CMSIS/Device/ST/STM32N6xx/Include/Templates -I../../../../Drivers/STM32N6xx_HAL_Driver/Inc -I../../../../Middlewares/ST/ThreadX/ports/cortex_m55/gnu/inc -I../../../../Middlewares/ST/ThreadX/common/inc -I../../../../Middlewares/ST/AI/Inc -I../../../../Middlewares/ST/AI/Npu/Devices/STM32N6XX -I../../../../Middlewares/ST/AI/Npu/ll_aton -I../../../../Middlewares/ST/STM32_AI_AudioPreprocessing_Library/Inc -I../../../../Drivers/BSP/Components/mx66uw1g45g -I../../../../Drivers/BSP/STM32N6570-DK -Ofast -ffunction-sections -fdata-sections -Wall -flax-vector-conversions -fstack-usage -fcyclomatic-complexity -mcmse -MMD -MP -MF"Application/Dpu/user_mel_tables.d" -MT"Application/Dpu/user_mel_tables.o" --specs=nano.specs -mfpu=fpv5-d16 -mfloat-abi=hard -mthumb -o "Application/Dpu/user_mel_tables.o"
/home/adamg/STApps/GS_Audio_N6/STM32N6-Audio-Low-Latency/STM32N6-Audio-Direct-Streaming/Projects/GS/Src/audio_bm.c:322:6: warning: 'printCpuStats' defined but not used [-Wunused-function]
  322 | void printCpuStats(void)
      |      ^~~~~~~~~~~~~
/home/adamg/STApps/GS_Audio_N6/STM32N6-Audio-Low-Latency/STM32N6-Audio-Direct-Streaming/Projects/GS/Src/audio_bm.c:69:23: warning: 'audio_proc_ctx' defined but not used [-Wunused-variable]
   69 | static AudioBM_proc_t audio_proc_ctx;
      |                       ^~~~~~~~~~~~~~
/home/adamg/STApps/GS_Audio_N6/STM32N6-Audio-Low-Latency/STM32N6-Audio-Direct-Streaming/Projects/GS/Src/audio_bm.c:68:23: warning: 'audio_acq_ctx' defined but not used [-Wunused-variable]
   68 | static AudioBM_acq_t  audio_acq_ctx;
      |                       ^~~~~~~~~~~~~
arm-none-eabi-gcc "/home/adamg/STApps/GS_Audio_N6/STM32N6-Audio-Low-Latency/STM32N6-Audio-Direct-Streaming/Projects/Common/Patch/stm32n6570_discovery_audio.c" -mcpu=cortex-m55 -std=gnu11 -g3 -DSTM32N657xx -DARM_MATH_CM55 -DUSE_FULL_ASSERT -DUSE_FULL_LL_DRIVER -DVECT_TAB_SRAM -DLL_ATON_PLATFORM=LL_ATON_PLAT_STM32N6 -DLL_ATON_OSAL=LL_ATON_OSAL_BARE_METAL -DLL_ATON_RT_MODE=LL_ATON_RT_ASYNC -DLL_ATON_SW_FALLBACK -DLL_ATON_EB_DBG_INFO -DLL_ATON_DUMP_DEBUG_API -DLL_ATON_DBG_BUFFER_INFO_EXCLUDED=1 -DAPP_BARE_METAL -c -I../../Inc -I../../../Dpu -I../../../Common -I../../../X-CUBE-AI/atonn -I../../../X-CUBE-AI -I../../../../Drivers/CMSIS/Core/Include -I../../../../Drivers/CMSIS/DSP/Include -I../../../../Drivers/CMSIS/DSP/PrivateInclude -I../../../../Drivers/CMSIS/Device/ST/STM32N6xx/Include -I../../../../Drivers/CMSIS/Device/ST/STM32N6xx/Include/Templates -I../../../../Drivers/STM32N6xx_HAL_Driver/Inc -I../../../../Middlewares/ST/ThreadX/ports/cortex_m55/gnu/inc -I../../../../Middlewares/ST/ThreadX/common/inc -I../../../../Middlewares/ST/AI/Inc -I../../../../Middlewares/ST/AI/Npu/Devices/STM32N6XX -I../../../../Middlewares/ST/AI/Npu/ll_aton -I../../../../Middlewares/ST/STM32_AI_AudioPreprocessing_Library/Inc -I../../../../Drivers/BSP/Components/mx66uw1g45g -I../../../../Drivers/BSP/STM32N6570-DK -Ofast -ffunction-sections -fdata-sections -Wall -flax-vector-conversions -fstack-usage -fcyclomatic-complexity -mcmse -MMD -MP -MF"Application/Common/Patch/stm32n6570_discovery_audio.d" -MT"Application/Common/Patch/stm32n6570_discovery_audio.o" --specs=nano.specs -mfpu=fpv5-d16 -mfloat-abi=hard -mthumb -o "Application/Common/Patch/stm32n6570_discovery_audio.o"
arm-none-eabi-gcc "/home/adamg/STApps/GS_Audio_N6/STM32N6-Audio-Low-Latency/STM32N6-Audio-Direct-Streaming/Projects/Common/Patch/stm32n6570_discovery_audio.patch.hsi_600_400.c" -mcpu=cortex-m55 -std=gnu11 -g3 -DSTM32N657xx -DARM_MATH_CM55 -DUSE_FULL_ASSERT -DUSE_FULL_LL_DRIVER -DVECT_TAB_SRAM -DLL_ATON_PLATFORM=LL_ATON_PLAT_STM32N6 -DLL_ATON_OSAL=LL_ATON_OSAL_BARE_METAL -DLL_ATON_RT_MODE=LL_ATON_RT_ASYNC -DLL_ATON_SW_FALLBACK -DLL_ATON_EB_DBG_INFO -DLL_ATON_DUMP_DEBUG_API -DLL_ATON_DBG_BUFFER_INFO_EXCLUDED=1 -DAPP_BARE_METAL -c -I../../Inc -I../../../Dpu -I../../../Common -I../../../X-CUBE-AI/atonn -I../../../X-CUBE-AI -I../../../../Drivers/CMSIS/Core/Include -I../../../../Drivers/CMSIS/DSP/Include -I../../../../Drivers/CMSIS/DSP/PrivateInclude -I../../../../Drivers/CMSIS/Device/ST/STM32N6xx/Include -I../../../../Drivers/CMSIS/Device/ST/STM32N6xx/Include/Templates -I../../../../Drivers/STM32N6xx_HAL_Driver/Inc -I../../../../Middlewares/ST/ThreadX/ports/cortex_m55/gnu/inc -I../../../../Middlewares/ST/ThreadX/common/inc -I../../../../Middlewares/ST/AI/Inc -I../../../../Middlewares/ST/AI/Npu/Devices/STM32N6XX -I../../../../Middlewares/ST/AI/Npu/ll_aton -I../../../../Middlewares/ST/STM32_AI_AudioPreprocessing_Library/Inc -I../../../../Drivers/BSP/Components/mx66uw1g45g -I../../../../Drivers/BSP/STM32N6570-DK -Ofast -ffunction-sections -fdata-sections -Wall -flax-vector-conversions -fstack-usage -fcyclomatic-complexity -mcmse -MMD -MP -MF"Application/Common/Patch/stm32n6570_discovery_audio.patch.hsi_600_400.d" -MT"Application/Common/Patch/stm32n6570_discovery_audio.patch.hsi_600_400.o" --specs=nano.specs -mfpu=fpv5-d16 -mfloat-abi=hard -mthumb -o "Application/Common/Patch/stm32n6570_discovery_audio.patch.hsi_600_400.o"
arm-none-eabi-gcc "/home/adamg/STApps/GS_Audio_N6/STM32N6-Audio-Low-Latency/STM32N6-Audio-Direct-Streaming/Projects/Common/misc_toolbox.c" -mcpu=cortex-m55 -std=gnu11 -g3 -DSTM32N657xx -DARM_MATH_CM55 -DUSE_FULL_ASSERT -DUSE_FULL_LL_DRIVER -DVECT_TAB_SRAM -DLL_ATON_PLATFORM=LL_ATON_PLAT_STM32N6 -DLL_ATON_OSAL=LL_ATON_OSAL_BARE_METAL -DLL_ATON_RT_MODE=LL_ATON_RT_ASYNC -DLL_ATON_SW_FALLBACK -DLL_ATON_EB_DBG_INFO -DLL_ATON_DUMP_DEBUG_API -DLL_ATON_DBG_BUFFER_INFO_EXCLUDED=1 -DAPP_BARE_METAL -c -I../../Inc -I../../../Dpu -I../../../Common -I../../../X-CUBE-AI/atonn -I../../../X-CUBE-AI -I../../../../Drivers/CMSIS/Core/Include -I../../../../Drivers/CMSIS/DSP/Include -I../../../../Drivers/CMSIS/DSP/PrivateInclude -I../../../../Drivers/CMSIS/Device/ST/STM32N6xx/Include -I../../../../Drivers/CMSIS/Device/ST/STM32N6xx/Include/Templates -I../../../../Drivers/STM32N6xx_HAL_Driver/Inc -I../../../../Middlewares/ST/ThreadX/ports/cortex_m55/gnu/inc -I../../../../Middlewares/ST/ThreadX/common/inc -I../../../../Middlewares/ST/AI/Inc -I../../../../Middlewares/ST/AI/Npu/Devices/STM32N6XX -I../../../../Middlewares/ST/AI/Npu/ll_aton -I../../../../Middlewares/ST/STM32_AI_AudioPreprocessing_Library/Inc -I../../../../Drivers/BSP/Components/mx66uw1g45g -I../../../../Drivers/BSP/STM32N6570-DK -Ofast -ffunction-sections -fdata-sections -Wall -flax-vector-conversions -fstack-usage -fcyclomatic-complexity -mcmse -MMD -MP -MF"Application/Common/misc_toolbox.d" -MT"Application/Common/misc_toolbox.o" --specs=nano.specs -mfpu=fpv5-d16 -mfloat-abi=hard -mthumb -o "Application/Common/misc_toolbox.o"
arm-none-eabi-gcc "/home/adamg/STApps/GS_Audio_N6/STM32N6-Audio-Low-Latency/STM32N6-Audio-Direct-Streaming/Projects/Common/pm_dvfs.c" -mcpu=cortex-m55 -std=gnu11 -g3 -DSTM32N657xx -DARM_MATH_CM55 -DUSE_FULL_ASSERT -DUSE_FULL_LL_DRIVER -DVECT_TAB_SRAM -DLL_ATON_PLATFORM=LL_ATON_PLAT_STM32N6 -DLL_ATON_OSAL=LL_ATON_OSAL_BARE_METAL -DLL_ATON_RT_MODE=LL_ATON_RT_ASYNC -DLL_ATON_SW_FALLBACK -DLL_ATON_EB_DBG_INFO -DLL_ATON_DUMP_DEBUG_API -DLL_ATON_DBG_BUFFER_INFO_EXCLUDED=1 -DAPP_BARE_METAL -c -I../../Inc -I../../../Dpu -I../../../Common -I../../../X-CUBE-AI/atonn -I../../../X-CUBE-AI -I../../../../Drivers/CMSIS/Core/Include -I../../../../Drivers/CMSIS/DSP/Include -I../../../../Drivers/CMSIS/DSP/PrivateInclude -I../../../../Drivers/CMSIS/Device/ST/STM32N6xx/Include -I../../../../Drivers/CMSIS/Device/ST/STM32N6xx/Include/Templates -I../../../../Drivers/STM32N6xx_HAL_Driver/Inc -I../../../../Middlewares/ST/ThreadX/ports/cortex_m55/gnu/inc -I../../../../Middlewares/ST/ThreadX/common/inc -I../../../../Middlewares/ST/AI/Inc -I../../../../Middlewares/ST/AI/Npu/Devices/STM32N6XX -I../../../../Middlewares/ST/AI/Npu/ll_aton -I../../../../Middlewares/ST/STM32_AI_AudioPreprocessing_Library/Inc -I../../../../Drivers/BSP/Components/mx66uw1g45g -I../../../../Drivers/BSP/STM32N6570-DK -Ofast -ffunction-sections -fdata-sections -Wall -flax-vector-conversions -fstack-usage -fcyclomatic-complexity -mcmse -MMD -MP -MF"Application/Common/pm_dvfs.d" -MT"Application/Common/pm_dvfs.o" --specs=nano.specs -mfpu=fpv5-d16 -mfloat-abi=hard -mthumb -o "Application/Common/pm_dvfs.o"
arm-none-eabi-gcc "/home/adamg/STApps/GS_Audio_N6/STM32N6-Audio-Low-Latency/STM32N6-Audio-Direct-Streaming/Projects/Common/system_clock_config.c" -mcpu=cortex-m55 -std=gnu11 -g3 -DSTM32N657xx -DARM_MATH_CM55 -DUSE_FULL_ASSERT -DUSE_FULL_LL_DRIVER -DVECT_TAB_SRAM -DLL_ATON_PLATFORM=LL_ATON_PLAT_STM32N6 -DLL_ATON_OSAL=LL_ATON_OSAL_BARE_METAL -DLL_ATON_RT_MODE=LL_ATON_RT_ASYNC -DLL_ATON_SW_FALLBACK -DLL_ATON_EB_DBG_INFO -DLL_ATON_DUMP_DEBUG_API -DLL_ATON_DBG_BUFFER_INFO_EXCLUDED=1 -DAPP_BARE_METAL -c -I../../Inc -I../../../Dpu -I../../../Common -I../../../X-CUBE-AI/atonn -I../../../X-CUBE-AI -I../../../../Drivers/CMSIS/Core/Include -I../../../../Drivers/CMSIS/DSP/Include -I../../../../Drivers/CMSIS/DSP/PrivateInclude -I../../../../Drivers/CMSIS/Device/ST/STM32N6xx/Include -I../../../../Drivers/CMSIS/Device/ST/STM32N6xx/Include/Templates -I../../../../Drivers/STM32N6xx_HAL_Driver/Inc -I../../../../Middlewares/ST/ThreadX/ports/cortex_m55/gnu/inc -I../../../../Middlewares/ST/ThreadX/common/inc -I../../../../Middlewares/ST/AI/Inc -I../../../../Middlewares/ST/AI/Npu/Devices/STM32N6XX -I../../../../Middlewares/ST/AI/Npu/ll_aton -I../../../../Middlewares/ST/STM32_AI_AudioPreprocessing_Library/Inc -I../../../../Drivers/BSP/Components/mx66uw1g45g -I../../../../Drivers/BSP/STM32N6570-DK -Ofast -ffunction-sections -fdata-sections -Wall -flax-vector-conversions -fstack-usage -fcyclomatic-complexity -mcmse -MMD -MP -MF"Application/Common/system_clock_config.d" -MT"Application/Common/system_clock_config.o" --specs=nano.specs -mfpu=fpv5-d16 -mfloat-abi=hard -mthumb -o "Application/Common/system_clock_config.o"
arm-none-eabi-gcc -o "GS_Audio_N6.elf" @"objects.list"  -l:NetworkRuntime1020_CM55_GCC.a -mcpu=cortex-m55 -T"/home/adamg/STApps/GS_Audio_N6/STM32N6-Audio-Low-Latency/STM32N6-Audio-Direct-Streaming/Projects/GS/STM32CubeIDE/STM32N657XX_LRUN.ld" --specs=nosys.specs -Wl,-Map="GS_Audio_N6.map" -Wl,--gc-sections -static -Wl,--cmse-implib -Wl,--out-implib=./secure_nsclib.o -L../../../../Middlewares/ST/AI/Lib/GCC/ARMCortexM55 --specs=nano.specs -mfpu=fpv5-d16 -mfloat-abi=hard -mthumb -u _printf_float -Wl,--start-group -lc -lm -Wl,--end-group
/home/adamg/STM32Cube/stm32cubeide-1.19.0/plugins/com.st.stm32cube.ide.mcu.externaltools.gnu-tools-for-stm32.13.3.rel1.linux64_1.0.0.202410170706/tools/bin/../lib/gcc/arm-none-eabi/13.3.1/../../../../arm-none-eabi/bin/ld: warning: GS_Audio_N6.elf has a LOAD segment with RWX permissions
Finished building target: GS_Audio_N6.elf
 
arm-none-eabi-size  GS_Audio_N6.elf 
arm-none-eabi-objdump -h -S GS_Audio_N6.elf  > "GS_Audio_N6.list"
arm-none-eabi-objcopy  -O ihex GS_Audio_N6.elf  "GS_Audio_N6.hex"
arm-none-eabi-objcopy  -O binary GS_Audio_N6.elf  "GS_Audio_N6.bin"
   text	   data	    bss	    dec	    hex	filename
 100008	 128792	 218616	 447416	  6d3b8	GS_Audio_N6.elf
Finished building: default.size.stdout
 
Finished building: GS_Audio_N6.bin
 
Finished building: GS_Audio_N6.hex
 
Finished building: GS_Audio_N6.list
 
14:57:22 **** Incremental Build of configuration BM for project GS_Audio_N6 ****
make -j12 all 
arm-none-eabi-gcc "/home/adamg/STApps/GS_Audio_N6/STM32N6-Audio-Low-Latency/STM32N6-Audio-Direct-Streaming/Drivers/BSP/STM32N6570-DK/stm32n6570_discovery.c" -mcpu=cortex-m55 -std=gnu11 -g3 -DSTM32N657xx -DARM_MATH_CM55 -DUSE_FULL_ASSERT -DUSE_FULL_LL_DRIVER -DVECT_TAB_SRAM -DLL_ATON_PLATFORM=LL_ATON_PLAT_STM32N6 -DLL_ATON_OSAL=LL_ATON_OSAL_BARE_METAL -DLL_ATON_RT_MODE=LL_ATON_RT_ASYNC -DLL_ATON_SW_FALLBACK -DLL_ATON_EB_DBG_INFO -DLL_ATON_DUMP_DEBUG_API -DLL_ATON_DBG_BUFFER_INFO_EXCLUDED=1 -DAPP_BARE_METAL -c -I../../Inc -I../../../Dpu -I../../../Common -I../../../X-CUBE-AI/atonn -I../../../X-CUBE-AI -I../../../../Drivers/CMSIS/Core/Include -I../../../../Drivers/CMSIS/DSP/Include -I../../../../Drivers/CMSIS/DSP/PrivateInclude -I../../../../Drivers/CMSIS/Device/ST/STM32N6xx/Include -I../../../../Drivers/CMSIS/Device/ST/STM32N6xx/Include/Templates -I../../../../Drivers/STM32N6xx_HAL_Driver/Inc -I../../../../Middlewares/ST/ThreadX/ports/cortex_m55/gnu/inc -I../../../../Middlewares/ST/ThreadX/common/inc -I../../../../Middlewares/ST/AI/Inc -I../../../../Middlewares/ST/AI/Npu/Devices/STM32N6XX -I../../../../Middlewares/ST/AI/Npu/ll_aton -I../../../../Middlewares/ST/STM32_AI_AudioPreprocessing_Library/Inc -I../../../../Drivers/BSP/Components/mx66uw1g45g -I../../../../Drivers/BSP/STM32N6570-DK -Ofast -ffunction-sections -fdata-sections -Wall -flax-vector-conversions -fstack-usage -fcyclomatic-complexity -mcmse -MMD -MP -MF"Drivers/BSP/STM32N6570-DK/stm32n6570_discovery.d" -MT"Drivers/BSP/STM32N6570-DK/stm32n6570_discovery.o" --specs=nano.specs -mfpu=fpv5-d16 -mfloat-abi=hard -mthumb -o "Drivers/BSP/STM32N6570-DK/stm32n6570_discovery.o"
arm-none-eabi-gcc "/home/adamg/STApps/GS_Audio_N6/STM32N6-Audio-Low-Latency/STM32N6-Audio-Direct-Streaming/Drivers/BSP/STM32N6570-DK/stm32n6570_discovery_bus.c" -mcpu=cortex-m55 -std=gnu11 -g3 -DSTM32N657xx -DARM_MATH_CM55 -DUSE_FULL_ASSERT -DUSE_FULL_LL_DRIVER -DVECT_TAB_SRAM -DLL_ATON_PLATFORM=LL_ATON_PLAT_STM32N6 -DLL_ATON_OSAL=LL_ATON_OSAL_BARE_METAL -DLL_ATON_RT_MODE=LL_ATON_RT_ASYNC -DLL_ATON_SW_FALLBACK -DLL_ATON_EB_DBG_INFO -DLL_ATON_DUMP_DEBUG_API -DLL_ATON_DBG_BUFFER_INFO_EXCLUDED=1 -DAPP_BARE_METAL -c -I../../Inc -I../../../Dpu -I../../../Common -I../../../X-CUBE-AI/atonn -I../../../X-CUBE-AI -I../../../../Drivers/CMSIS/Core/Include -I../../../../Drivers/CMSIS/DSP/Include -I../../../../Drivers/CMSIS/DSP/PrivateInclude -I../../../../Drivers/CMSIS/Device/ST/STM32N6xx/Include -I../../../../Drivers/CMSIS/Device/ST/STM32N6xx/Include/Templates -I../../../../Drivers/STM32N6xx_HAL_Driver/Inc -I../../../../Middlewares/ST/ThreadX/ports/cortex_m55/gnu/inc -I../../../../Middlewares/ST/ThreadX/common/inc -I../../../../Middlewares/ST/AI/Inc -I../../../../Middlewares/ST/AI/Npu/Devices/STM32N6XX -I../../../../Middlewares/ST/AI/Npu/ll_aton -I../../../../Middlewares/ST/STM32_AI_AudioPreprocessing_Library/Inc -I../../../../Drivers/BSP/Components/mx66uw1g45g -I../../../../Drivers/BSP/STM32N6570-DK -Ofast -ffunction-sections -fdata-sections -Wall -flax-vector-conversions -fstack-usage -fcyclomatic-complexity -mcmse -MMD -MP -MF"Drivers/BSP/STM32N6570-DK/stm32n6570_discovery_bus.d" -MT"Drivers/BSP/STM32N6570-DK/stm32n6570_discovery_bus.o" --specs=nano.specs -mfpu=fpv5-d16 -mfloat-abi=hard -mthumb -o "Drivers/BSP/STM32N6570-DK/stm32n6570_discovery_bus.o"
arm-none-eabi-gcc "/home/adamg/STApps/GS_Audio_N6/STM32N6-Audio-Low-Latency/STM32N6-Audio-Direct-Streaming/Drivers/BSP/STM32N6570-DK/stm32n6570_discovery_xspi.c" -mcpu=cortex-m55 -std=gnu11 -g3 -DSTM32N657xx -DARM_MATH_CM55 -DUSE_FULL_ASSERT -DUSE_FULL_LL_DRIVER -DVECT_TAB_SRAM -DLL_ATON_PLATFORM=LL_ATON_PLAT_STM32N6 -DLL_ATON_OSAL=LL_ATON_OSAL_BARE_METAL -DLL_ATON_RT_MODE=LL_ATON_RT_ASYNC -DLL_ATON_SW_FALLBACK -DLL_ATON_EB_DBG_INFO -DLL_ATON_DUMP_DEBUG_API -DLL_ATON_DBG_BUFFER_INFO_EXCLUDED=1 -DAPP_BARE_METAL -c -I../../Inc -I../../../Dpu -I../../../Common -I../../../X-CUBE-AI/atonn -I../../../X-CUBE-AI -I../../../../Drivers/CMSIS/Core/Include -I../../../../Drivers/CMSIS/DSP/Include -I../../../../Drivers/CMSIS/DSP/PrivateInclude -I../../../../Drivers/CMSIS/Device/ST/STM32N6xx/Include -I../../../../Drivers/CMSIS/Device/ST/STM32N6xx/Include/Templates -I../../../../Drivers/STM32N6xx_HAL_Driver/Inc -I../../../../Middlewares/ST/ThreadX/ports/cortex_m55/gnu/inc -I../../../../Middlewares/ST/ThreadX/common/inc -I../../../../Middlewares/ST/AI/Inc -I../../../../Middlewares/ST/AI/Npu/Devices/STM32N6XX -I../../../../Middlewares/ST/AI/Npu/ll_aton -I../../../../Middlewares/ST/STM32_AI_AudioPreprocessing_Library/Inc -I../../../../Drivers/BSP/Components/mx66uw1g45g -I../../../../Drivers/BSP/STM32N6570-DK -Ofast -ffunction-sections -fdata-sections -Wall -flax-vector-conversions -fstack-usage -fcyclomatic-complexity -mcmse -MMD -MP -MF"Drivers/BSP/STM32N6570-DK/stm32n6570_discovery_xspi.d" -MT"Drivers/BSP/STM32N6570-DK/stm32n6570_discovery_xspi.o" --specs=nano.specs -mfpu=fpv5-d16 -mfloat-abi=hard -mthumb -o "Drivers/BSP/STM32N6570-DK/stm32n6570_discovery_xspi.o"
arm-none-eabi-gcc "/home/adamg/STApps/GS_Audio_N6/STM32N6-Audio-Low-Latency/STM32N6-Audio-Direct-Streaming/Projects/GS/Src/AudioCapture_ring_buff.c" -mcpu=cortex-m55 -std=gnu11 -g3 -DSTM32N657xx -DARM_MATH_CM55 -DUSE_FULL_ASSERT -DUSE_FULL_LL_DRIVER -DVECT_TAB_SRAM -DLL_ATON_PLATFORM=LL_ATON_PLAT_STM32N6 -DLL_ATON_OSAL=LL_ATON_OSAL_BARE_METAL -DLL_ATON_RT_MODE=LL_ATON_RT_ASYNC -DLL_ATON_SW_FALLBACK -DLL_ATON_EB_DBG_INFO -DLL_ATON_DUMP_DEBUG_API -DLL_ATON_DBG_BUFFER_INFO_EXCLUDED=1 -DAPP_BARE_METAL -c -I../../Inc -I../../../Dpu -I../../../Common -I../../../X-CUBE-AI/atonn -I../../../X-CUBE-AI -I../../../../Drivers/CMSIS/Core/Include -I../../../../Drivers/CMSIS/DSP/Include -I../../../../Drivers/CMSIS/DSP/PrivateInclude -I../../../../Drivers/CMSIS/Device/ST/STM32N6xx/Include -I../../../../Drivers/CMSIS/Device/ST/STM32N6xx/Include/Templates -I../../../../Drivers/STM32N6xx_HAL_Driver/Inc -I../../../../Middlewares/ST/ThreadX/ports/cortex_m55/gnu/inc -I../../../../Middlewares/ST/ThreadX/common/inc -I../../../../Middlewares/ST/AI/Inc -I../../../../Middlewares/ST/AI/Npu/Devices/STM32N6XX -I../../../../Middlewares/ST/AI/Npu/ll_aton -I../../../../Middlewares/ST/STM32_AI_AudioPreprocessing_Library/Inc -I../../../../Drivers/BSP/Components/mx66uw1g45g -I../../../../Drivers/BSP/STM32N6570-DK -Ofast -ffunction-sections -fdata-sections -Wall -flax-vector-conversions -fstack-usage -fcyclomatic-complexity -mcmse -MMD -MP -MF"Application/Src/AudioCapture_ring_buff.d" -MT"Application/Src/AudioCapture_ring_buff.o" --specs=nano.specs -mfpu=fpv5-d16 -mfloat-abi=hard -mthumb -o "Application/Src/AudioCapture_ring_buff.o"
arm-none-eabi-gcc "/home/adamg/STApps/GS_Audio_N6/STM32N6-Audio-Low-Latency/STM32N6-Audio-Direct-Streaming/Projects/GS/Src/audio_bm.c" -mcpu=cortex-m55 -std=gnu11 -g3 -DSTM32N657xx -DARM_MATH_CM55 -DUSE_FULL_ASSERT -DUSE_FULL_LL_DRIVER -DVECT_TAB_SRAM -DLL_ATON_PLATFORM=LL_ATON_PLAT_STM32N6 -DLL_ATON_OSAL=LL_ATON_OSAL_BARE_METAL -DLL_ATON_RT_MODE=LL_ATON_RT_ASYNC -DLL_ATON_SW_FALLBACK -DLL_ATON_EB_DBG_INFO -DLL_ATON_DUMP_DEBUG_API -DLL_ATON_DBG_BUFFER_INFO_EXCLUDED=1 -DAPP_BARE_METAL -c -I../../Inc -I../../../Dpu -I../../../Common -I../../../X-CUBE-AI/atonn -I../../../X-CUBE-AI -I../../../../Drivers/CMSIS/Core/Include -I../../../../Drivers/CMSIS/DSP/Include -I../../../../Drivers/CMSIS/DSP/PrivateInclude -I../../../../Drivers/CMSIS/Device/ST/STM32N6xx/Include -I../../../../Drivers/CMSIS/Device/ST/STM32N6xx/Include/Templates -I../../../../Drivers/STM32N6xx_HAL_Driver/Inc -I../../../../Middlewares/ST/ThreadX/ports/cortex_m55/gnu/inc -I../../../../Middlewares/ST/ThreadX/common/inc -I../../../../Middlewares/ST/AI/Inc -I../../../../Middlewares/ST/AI/Npu/Devices/STM32N6XX -I../../../../Middlewares/ST/AI/Npu/ll_aton -I../../../../Middlewares/ST/STM32_AI_AudioPreprocessing_Library/Inc -I../../../../Drivers/BSP/Components/mx66uw1g45g -I../../../../Drivers/BSP/STM32N6570-DK -Ofast -ffunction-sections -fdata-sections -Wall -flax-vector-conversions -fstack-usage -fcyclomatic-complexity -mcmse -MMD -MP -MF"Application/Src/audio_bm.d" -MT"Application/Src/audio_bm.o" --specs=nano.specs -mfpu=fpv5-d16 -mfloat-abi=hard -mthumb -o "Application/Src/audio_bm.o"
arm-none-eabi-gcc "/home/adamg/STApps/GS_Audio_N6/STM32N6-Audio-Low-Latency/STM32N6-Audio-Direct-Streaming/Projects/GS/Src/main.c" -mcpu=cortex-m55 -std=gnu11 -g3 -DSTM32N657xx -DARM_MATH_CM55 -DUSE_FULL_ASSERT -DUSE_FULL_LL_DRIVER -DVECT_TAB_SRAM -DLL_ATON_PLATFORM=LL_ATON_PLAT_STM32N6 -DLL_ATON_OSAL=LL_ATON_OSAL_BARE_METAL -DLL_ATON_RT_MODE=LL_ATON_RT_ASYNC -DLL_ATON_SW_FALLBACK -DLL_ATON_EB_DBG_INFO -DLL_ATON_DUMP_DEBUG_API -DLL_ATON_DBG_BUFFER_INFO_EXCLUDED=1 -DAPP_BARE_METAL -c -I../../Inc -I../../../Dpu -I../../../Common -I../../../X-CUBE-AI/atonn -I../../../X-CUBE-AI -I../../../../Drivers/CMSIS/Core/Include -I../../../../Drivers/CMSIS/DSP/Include -I../../../../Drivers/CMSIS/DSP/PrivateInclude -I../../../../Drivers/CMSIS/Device/ST/STM32N6xx/Include -I../../../../Drivers/CMSIS/Device/ST/STM32N6xx/Include/Templates -I../../../../Drivers/STM32N6xx_HAL_Driver/Inc -I../../../../Middlewares/ST/ThreadX/ports/cortex_m55/gnu/inc -I../../../../Middlewares/ST/ThreadX/common/inc -I../../../../Middlewares/ST/AI/Inc -I../../../../Middlewares/ST/AI/Npu/Devices/STM32N6XX -I../../../../Middlewares/ST/AI/Npu/ll_aton -I../../../../Middlewares/ST/STM32_AI_AudioPreprocessing_Library/Inc -I../../../../Drivers/BSP/Components/mx66uw1g45g -I../../../../Drivers/BSP/STM32N6570-DK -Ofast -ffunction-sections -fdata-sections -Wall -flax-vector-conversions -fstack-usage -fcyclomatic-complexity -mcmse -MMD -MP -MF"Application/Src/main.d" -MT"Application/Src/main.o" --specs=nano.specs -mfpu=fpv5-d16 -mfloat-abi=hard -mthumb -o "Application/Src/main.o"
arm-none-eabi-gcc "/home/adamg/STApps/GS_Audio_N6/STM32N6-Audio-Low-Latency/STM32N6-Audio-Direct-Streaming/Projects/GS/Src/stm32n6xx_it.c" -mcpu=cortex-m55 -std=gnu11 -g3 -DSTM32N657xx -DARM_MATH_CM55 -DUSE_FULL_ASSERT -DUSE_FULL_LL_DRIVER -DVECT_TAB_SRAM -DLL_ATON_PLATFORM=LL_ATON_PLAT_STM32N6 -DLL_ATON_OSAL=LL_ATON_OSAL_BARE_METAL -DLL_ATON_RT_MODE=LL_ATON_RT_ASYNC -DLL_ATON_SW_FALLBACK -DLL_ATON_EB_DBG_INFO -DLL_ATON_DUMP_DEBUG_API -DLL_ATON_DBG_BUFFER_INFO_EXCLUDED=1 -DAPP_BARE_METAL -c -I../../Inc -I../../../Dpu -I../../../Common -I../../../X-CUBE-AI/atonn -I../../../X-CUBE-AI -I../../../../Drivers/CMSIS/Core/Include -I../../../../Drivers/CMSIS/DSP/Include -I../../../../Drivers/CMSIS/DSP/PrivateInclude -I../../../../Drivers/CMSIS/Device/ST/STM32N6xx/Include -I../../../../Drivers/CMSIS/Device/ST/STM32N6xx/Include/Templates -I../../../../Drivers/STM32N6xx_HAL_Driver/Inc -I../../../../Middlewares/ST/ThreadX/ports/cortex_m55/gnu/inc -I../../../../Middlewares/ST/ThreadX/common/inc -I../../../../Middlewares/ST/AI/Inc -I../../../../Middlewares/ST/AI/Npu/Devices/STM32N6XX -I../../../../Middlewares/ST/AI/Npu/ll_aton -I../../../../Middlewares/ST/STM32_AI_AudioPreprocessing_Library/Inc -I../../../../Drivers/BSP/Components/mx66uw1g45g -I../../../../Drivers/BSP/STM32N6570-DK -Ofast -ffunction-sections -fdata-sections -Wall -flax-vector-conversions -fstack-usage -fcyclomatic-complexity -mcmse -MMD -MP -MF"Application/Src/stm32n6xx_it.d" -MT"Application/Src/stm32n6xx_it.o" --specs=nano.specs -mfpu=fpv5-d16 -mfloat-abi=hard -mthumb -o "Application/Src/stm32n6xx_it.o"
arm-none-eabi-gcc "/home/adamg/STApps/GS_Audio_N6/STM32N6-Audio-Low-Latency/STM32N6-Audio-Direct-Streaming/Projects/GS/Src/test.c" -mcpu=cortex-m55 -std=gnu11 -g3 -DSTM32N657xx -DARM_MATH_CM55 -DUSE_FULL_ASSERT -DUSE_FULL_LL_DRIVER -DVECT_TAB_SRAM -DLL_ATON_PLATFORM=LL_ATON_PLAT_STM32N6 -DLL_ATON_OSAL=LL_ATON_OSAL_BARE_METAL -DLL_ATON_RT_MODE=LL_ATON_RT_ASYNC -DLL_ATON_SW_FALLBACK -DLL_ATON_EB_DBG_INFO -DLL_ATON_DUMP_DEBUG_API -DLL_ATON_DBG_BUFFER_INFO_EXCLUDED=1 -DAPP_BARE_METAL -c -I../../Inc -I../../../Dpu -I../../../Common -I../../../X-CUBE-AI/atonn -I../../../X-CUBE-AI -I../../../../Drivers/CMSIS/Core/Include -I../../../../Drivers/CMSIS/DSP/Include -I../../../../Drivers/CMSIS/DSP/PrivateInclude -I../../../../Drivers/CMSIS/Device/ST/STM32N6xx/Include -I../../../../Drivers/CMSIS/Device/ST/STM32N6xx/Include/Templates -I../../../../Drivers/STM32N6xx_HAL_Driver/Inc -I../../../../Middlewares/ST/ThreadX/ports/cortex_m55/gnu/inc -I../../../../Middlewares/ST/ThreadX/common/inc -I../../../../Middlewares/ST/AI/Inc -I../../../../Middlewares/ST/AI/Npu/Devices/STM32N6XX -I../../../../Middlewares/ST/AI/Npu/ll_aton -I../../../../Middlewares/ST/STM32_AI_AudioPreprocessing_Library/Inc -I../../../../Drivers/BSP/Components/mx66uw1g45g -I../../../../Drivers/BSP/STM32N6570-DK -Ofast -ffunction-sections -fdata-sections -Wall -flax-vector-conversions -fstack-usage -fcyclomatic-complexity -mcmse -MMD -MP -MF"Application/Src/test.d" -MT"Application/Src/test.o" --specs=nano.specs -mfpu=fpv5-d16 -mfloat-abi=hard -mthumb -o "Application/Src/test.o"
arm-none-eabi-gcc "/home/adamg/STApps/GS_Audio_N6/STM32N6-Audio-Low-Latency/STM32N6-Audio-Direct-Streaming/Projects/Dpu/ai_dpu.c" -mcpu=cortex-m55 -std=gnu11 -g3 -DSTM32N657xx -DARM_MATH_CM55 -DUSE_FULL_ASSERT -DUSE_FULL_LL_DRIVER -DVECT_TAB_SRAM -DLL_ATON_PLATFORM=LL_ATON_PLAT_STM32N6 -DLL_ATON_OSAL=LL_ATON_OSAL_BARE_METAL -DLL_ATON_RT_MODE=LL_ATON_RT_ASYNC -DLL_ATON_SW_FALLBACK -DLL_ATON_EB_DBG_INFO -DLL_ATON_DUMP_DEBUG_API -DLL_ATON_DBG_BUFFER_INFO_EXCLUDED=1 -DAPP_BARE_METAL -c -I../../Inc -I../../../Dpu -I../../../Common -I../../../X-CUBE-AI/atonn -I../../../X-CUBE-AI -I../../../../Drivers/CMSIS/Core/Include -I../../../../Drivers/CMSIS/DSP/Include -I../../../../Drivers/CMSIS/DSP/PrivateInclude -I../../../../Drivers/CMSIS/Device/ST/STM32N6xx/Include -I../../../../Drivers/CMSIS/Device/ST/STM32N6xx/Include/Templates -I../../../../Drivers/STM32N6xx_HAL_Driver/Inc -I../../../../Middlewares/ST/ThreadX/ports/cortex_m55/gnu/inc -I../../../../Middlewares/ST/ThreadX/common/inc -I../../../../Middlewares/ST/AI/Inc -I../../../../Middlewares/ST/AI/Npu/Devices/STM32N6XX -I../../../../Middlewares/ST/AI/Npu/ll_aton -I../../../../Middlewares/ST/STM32_AI_AudioPreprocessing_Library/Inc -I../../../../Drivers/BSP/Components/mx66uw1g45g -I../../../../Drivers/BSP/STM32N6570-DK -Ofast -ffunction-sections -fdata-sections -Wall -flax-vector-conversions -fstack-usage -fcyclomatic-complexity -mcmse -MMD -MP -MF"Application/Dpu/ai_dpu.d" -MT"Application/Dpu/ai_dpu.o" --specs=nano.specs -mfpu=fpv5-d16 -mfloat-abi=hard -mthumb -o "Application/Dpu/ai_dpu.o"
arm-none-eabi-gcc "/home/adamg/STApps/GS_Audio_N6/STM32N6-Audio-Low-Latency/STM32N6-Audio-Direct-Streaming/Projects/Dpu/postproc_dpu.c" -mcpu=cortex-m55 -std=gnu11 -g3 -DSTM32N657xx -DARM_MATH_CM55 -DUSE_FULL_ASSERT -DUSE_FULL_LL_DRIVER -DVECT_TAB_SRAM -DLL_ATON_PLATFORM=LL_ATON_PLAT_STM32N6 -DLL_ATON_OSAL=LL_ATON_OSAL_BARE_METAL -DLL_ATON_RT_MODE=LL_ATON_RT_ASYNC -DLL_ATON_SW_FALLBACK -DLL_ATON_EB_DBG_INFO -DLL_ATON_DUMP_DEBUG_API -DLL_ATON_DBG_BUFFER_INFO_EXCLUDED=1 -DAPP_BARE_METAL -c -I../../Inc -I../../../Dpu -I../../../Common -I../../../X-CUBE-AI/atonn -I../../../X-CUBE-AI -I../../../../Drivers/CMSIS/Core/Include -I../../../../Drivers/CMSIS/DSP/Include -I../../../../Drivers/CMSIS/DSP/PrivateInclude -I../../../../Drivers/CMSIS/Device/ST/STM32N6xx/Include -I../../../../Drivers/CMSIS/Device/ST/STM32N6xx/Include/Templates -I../../../../Drivers/STM32N6xx_HAL_Driver/Inc -I../../../../Middlewares/ST/ThreadX/ports/cortex_m55/gnu/inc -I../../../../Middlewares/ST/ThreadX/common/inc -I../../../../Middlewares/ST/AI/Inc -I../../../../Middlewares/ST/AI/Npu/Devices/STM32N6XX -I../../../../Middlewares/ST/AI/Npu/ll_aton -I../../../../Middlewares/ST/STM32_AI_AudioPreprocessing_Library/Inc -I../../../../Drivers/BSP/Components/mx66uw1g45g -I../../../../Drivers/BSP/STM32N6570-DK -Ofast -ffunction-sections -fdata-sections -Wall -flax-vector-conversions -fstack-usage -fcyclomatic-complexity -mcmse -MMD -MP -MF"Application/Dpu/postproc_dpu.d" -MT"Application/Dpu/postproc_dpu.o" --specs=nano.specs -mfpu=fpv5-d16 -mfloat-abi=hard -mthumb -o "Application/Dpu/postproc_dpu.o"
arm-none-eabi-gcc "/home/adamg/STApps/GS_Audio_N6/STM32N6-Audio-Low-Latency/STM32N6-Audio-Direct-Streaming/Projects/Dpu/preproc_dpu.c" -mcpu=cortex-m55 -std=gnu11 -g3 -DSTM32N657xx -DARM_MATH_CM55 -DUSE_FULL_ASSERT -DUSE_FULL_LL_DRIVER -DVECT_TAB_SRAM -DLL_ATON_PLATFORM=LL_ATON_PLAT_STM32N6 -DLL_ATON_OSAL=LL_ATON_OSAL_BARE_METAL -DLL_ATON_RT_MODE=LL_ATON_RT_ASYNC -DLL_ATON_SW_FALLBACK -DLL_ATON_EB_DBG_INFO -DLL_ATON_DUMP_DEBUG_API -DLL_ATON_DBG_BUFFER_INFO_EXCLUDED=1 -DAPP_BARE_METAL -c -I../../Inc -I../../../Dpu -I../../../Common -I../../../X-CUBE-AI/atonn -I../../../X-CUBE-AI -I../../../../Drivers/CMSIS/Core/Include -I../../../../Drivers/CMSIS/DSP/Include -I../../../../Drivers/CMSIS/DSP/PrivateInclude -I../../../../Drivers/CMSIS/Device/ST/STM32N6xx/Include -I../../../../Drivers/CMSIS/Device/ST/STM32N6xx/Include/Templates -I../../../../Drivers/STM32N6xx_HAL_Driver/Inc -I../../../../Middlewares/ST/ThreadX/ports/cortex_m55/gnu/inc -I../../../../Middlewares/ST/ThreadX/common/inc -I../../../../Middlewares/ST/AI/Inc -I../../../../Middlewares/ST/AI/Npu/Devices/STM32N6XX -I../../../../Middlewares/ST/AI/Npu/ll_aton -I../../../../Middlewares/ST/STM32_AI_AudioPreprocessing_Library/Inc -I../../../../Drivers/BSP/Components/mx66uw1g45g -I../../../../Drivers/BSP/STM32N6570-DK -Ofast -ffunction-sections -fdata-sections -Wall -flax-vector-conversions -fstack-usage -fcyclomatic-complexity -mcmse -MMD -MP -MF"Application/Dpu/preproc_dpu.d" -MT"Application/Dpu/preproc_dpu.o" --specs=nano.specs -mfpu=fpv5-d16 -mfloat-abi=hard -mthumb -o "Application/Dpu/preproc_dpu.o"
arm-none-eabi-gcc "/home/adamg/STApps/GS_Audio_N6/STM32N6-Audio-Low-Latency/STM32N6-Audio-Direct-Streaming/Projects/Dpu/user_mel_tables.c" -mcpu=cortex-m55 -std=gnu11 -g3 -DSTM32N657xx -DARM_MATH_CM55 -DUSE_FULL_ASSERT -DUSE_FULL_LL_DRIVER -DVECT_TAB_SRAM -DLL_ATON_PLATFORM=LL_ATON_PLAT_STM32N6 -DLL_ATON_OSAL=LL_ATON_OSAL_BARE_METAL -DLL_ATON_RT_MODE=LL_ATON_RT_ASYNC -DLL_ATON_SW_FALLBACK -DLL_ATON_EB_DBG_INFO -DLL_ATON_DUMP_DEBUG_API -DLL_ATON_DBG_BUFFER_INFO_EXCLUDED=1 -DAPP_BARE_METAL -c -I../../Inc -I../../../Dpu -I../../../Common -I../../../X-CUBE-AI/atonn -I../../../X-CUBE-AI -I../../../../Drivers/CMSIS/Core/Include -I../../../../Drivers/CMSIS/DSP/Include -I../../../../Drivers/CMSIS/DSP/PrivateInclude -I../../../../Drivers/CMSIS/Device/ST/STM32N6xx/Include -I../../../../Drivers/CMSIS/Device/ST/STM32N6xx/Include/Templates -I../../../../Drivers/STM32N6xx_HAL_Driver/Inc -I../../../../Middlewares/ST/ThreadX/ports/cortex_m55/gnu/inc -I../../../../Middlewares/ST/ThreadX/common/inc -I../../../../Middlewares/ST/AI/Inc -I../../../../Middlewares/ST/AI/Npu/Devices/STM32N6XX -I../../../../Middlewares/ST/AI/Npu/ll_aton -I../../../../Middlewares/ST/STM32_AI_AudioPreprocessing_Library/Inc -I../../../../Drivers/BSP/Components/mx66uw1g45g -I../../../../Drivers/BSP/STM32N6570-DK -Ofast -ffunction-sections -fdata-sections -Wall -flax-vector-conversions -fstack-usage -fcyclomatic-complexity -mcmse -MMD -MP -MF"Application/Dpu/user_mel_tables.d" -MT"Application/Dpu/user_mel_tables.o" --specs=nano.specs -mfpu=fpv5-d16 -mfloat-abi=hard -mthumb -o "Application/Dpu/user_mel_tables.o"
arm-none-eabi-gcc "/home/adamg/STApps/GS_Audio_N6/STM32N6-Audio-Low-Latency/STM32N6-Audio-Direct-Streaming/Projects/Common/Patch/stm32n6570_discovery_audio.c" -mcpu=cortex-m55 -std=gnu11 -g3 -DSTM32N657xx -DARM_MATH_CM55 -DUSE_FULL_ASSERT -DUSE_FULL_LL_DRIVER -DVECT_TAB_SRAM -DLL_ATON_PLATFORM=LL_ATON_PLAT_STM32N6 -DLL_ATON_OSAL=LL_ATON_OSAL_BARE_METAL -DLL_ATON_RT_MODE=LL_ATON_RT_ASYNC -DLL_ATON_SW_FALLBACK -DLL_ATON_EB_DBG_INFO -DLL_ATON_DUMP_DEBUG_API -DLL_ATON_DBG_BUFFER_INFO_EXCLUDED=1 -DAPP_BARE_METAL -c -I../../Inc -I../../../Dpu -I../../../Common -I../../../X-CUBE-AI/atonn -I../../../X-CUBE-AI -I../../../../Drivers/CMSIS/Core/Include -I../../../../Drivers/CMSIS/DSP/Include -I../../../../Drivers/CMSIS/DSP/PrivateInclude -I../../../../Drivers/CMSIS/Device/ST/STM32N6xx/Include -I../../../../Drivers/CMSIS/Device/ST/STM32N6xx/Include/Templates -I../../../../Drivers/STM32N6xx_HAL_Driver/Inc -I../../../../Middlewares/ST/ThreadX/ports/cortex_m55/gnu/inc -I../../../../Middlewares/ST/ThreadX/common/inc -I../../../../Middlewares/ST/AI/Inc -I../../../../Middlewares/ST/AI/Npu/Devices/STM32N6XX -I../../../../Middlewares/ST/AI/Npu/ll_aton -I../../../../Middlewares/ST/STM32_AI_AudioPreprocessing_Library/Inc -I../../../../Drivers/BSP/Components/mx66uw1g45g -I../../../../Drivers/BSP/STM32N6570-DK -Ofast -ffunction-sections -fdata-sections -Wall -flax-vector-conversions -fstack-usage -fcyclomatic-complexity -mcmse -MMD -MP -MF"Application/Common/Patch/stm32n6570_discovery_audio.d" -MT"Application/Common/Patch/stm32n6570_discovery_audio.o" --specs=nano.specs -mfpu=fpv5-d16 -mfloat-abi=hard -mthumb -o "Application/Common/Patch/stm32n6570_discovery_audio.o"
/home/adamg/STApps/GS_Audio_N6/STM32N6-Audio-Low-Latency/STM32N6-Audio-Direct-Streaming/Projects/GS/Src/audio_bm.c:322:6: warning: 'printCpuStats' defined but not used [-Wunused-function]
  322 | void printCpuStats(void)
      |      ^~~~~~~~~~~~~
/home/adamg/STApps/GS_Audio_N6/STM32N6-Audio-Low-Latency/STM32N6-Audio-Direct-Streaming/Projects/GS/Src/audio_bm.c:69:23: warning: 'audio_proc_ctx' defined but not used [-Wunused-variable]
   69 | static AudioBM_proc_t audio_proc_ctx;
      |                       ^~~~~~~~~~~~~~
/home/adamg/STApps/GS_Audio_N6/STM32N6-Audio-Low-Latency/STM32N6-Audio-Direct-Streaming/Projects/GS/Src/audio_bm.c:68:23: warning: 'audio_acq_ctx' defined but not used [-Wunused-variable]
   68 | static AudioBM_acq_t  audio_acq_ctx;
      |                       ^~~~~~~~~~~~~
arm-none-eabi-gcc "/home/adamg/STApps/GS_Audio_N6/STM32N6-Audio-Low-Latency/STM32N6-Audio-Direct-Streaming/Projects/Common/Patch/stm32n6570_discovery_audio.patch.hsi_600_400.c" -mcpu=cortex-m55 -std=gnu11 -g3 -DSTM32N657xx -DARM_MATH_CM55 -DUSE_FULL_ASSERT -DUSE_FULL_LL_DRIVER -DVECT_TAB_SRAM -DLL_ATON_PLATFORM=LL_ATON_PLAT_STM32N6 -DLL_ATON_OSAL=LL_ATON_OSAL_BARE_METAL -DLL_ATON_RT_MODE=LL_ATON_RT_ASYNC -DLL_ATON_SW_FALLBACK -DLL_ATON_EB_DBG_INFO -DLL_ATON_DUMP_DEBUG_API -DLL_ATON_DBG_BUFFER_INFO_EXCLUDED=1 -DAPP_BARE_METAL -c -I../../Inc -I../../../Dpu -I../../../Common -I../../../X-CUBE-AI/atonn -I../../../X-CUBE-AI -I../../../../Drivers/CMSIS/Core/Include -I../../../../Drivers/CMSIS/DSP/Include -I../../../../Drivers/CMSIS/DSP/PrivateInclude -I../../../../Drivers/CMSIS/Device/ST/STM32N6xx/Include -I../../../../Drivers/CMSIS/Device/ST/STM32N6xx/Include/Templates -I../../../../Drivers/STM32N6xx_HAL_Driver/Inc -I../../../../Middlewares/ST/ThreadX/ports/cortex_m55/gnu/inc -I../../../../Middlewares/ST/ThreadX/common/inc -I../../../../Middlewares/ST/AI/Inc -I../../../../Middlewares/ST/AI/Npu/Devices/STM32N6XX -I../../../../Middlewares/ST/AI/Npu/ll_aton -I../../../../Middlewares/ST/STM32_AI_AudioPreprocessing_Library/Inc -I../../../../Drivers/BSP/Components/mx66uw1g45g -I../../../../Drivers/BSP/STM32N6570-DK -Ofast -ffunction-sections -fdata-sections -Wall -flax-vector-conversions -fstack-usage -fcyclomatic-complexity -mcmse -MMD -MP -MF"Application/Common/Patch/stm32n6570_discovery_audio.patch.hsi_600_400.d" -MT"Application/Common/Patch/stm32n6570_discovery_audio.patch.hsi_600_400.o" --specs=nano.specs -mfpu=fpv5-d16 -mfloat-abi=hard -mthumb -o "Application/Common/Patch/stm32n6570_discovery_audio.patch.hsi_600_400.o"
arm-none-eabi-gcc "/home/adamg/STApps/GS_Audio_N6/STM32N6-Audio-Low-Latency/STM32N6-Audio-Direct-Streaming/Projects/Common/misc_toolbox.c" -mcpu=cortex-m55 -std=gnu11 -g3 -DSTM32N657xx -DARM_MATH_CM55 -DUSE_FULL_ASSERT -DUSE_FULL_LL_DRIVER -DVECT_TAB_SRAM -DLL_ATON_PLATFORM=LL_ATON_PLAT_STM32N6 -DLL_ATON_OSAL=LL_ATON_OSAL_BARE_METAL -DLL_ATON_RT_MODE=LL_ATON_RT_ASYNC -DLL_ATON_SW_FALLBACK -DLL_ATON_EB_DBG_INFO -DLL_ATON_DUMP_DEBUG_API -DLL_ATON_DBG_BUFFER_INFO_EXCLUDED=1 -DAPP_BARE_METAL -c -I../../Inc -I../../../Dpu -I../../../Common -I../../../X-CUBE-AI/atonn -I../../../X-CUBE-AI -I../../../../Drivers/CMSIS/Core/Include -I../../../../Drivers/CMSIS/DSP/Include -I../../../../Drivers/CMSIS/DSP/PrivateInclude -I../../../../Drivers/CMSIS/Device/ST/STM32N6xx/Include -I../../../../Drivers/CMSIS/Device/ST/STM32N6xx/Include/Templates -I../../../../Drivers/STM32N6xx_HAL_Driver/Inc -I../../../../Middlewares/ST/ThreadX/ports/cortex_m55/gnu/inc -I../../../../Middlewares/ST/ThreadX/common/inc -I../../../../Middlewares/ST/AI/Inc -I../../../../Middlewares/ST/AI/Npu/Devices/STM32N6XX -I../../../../Middlewares/ST/AI/Npu/ll_aton -I../../../../Middlewares/ST/STM32_AI_AudioPreprocessing_Library/Inc -I../../../../Drivers/BSP/Components/mx66uw1g45g -I../../../../Drivers/BSP/STM32N6570-DK -Ofast -ffunction-sections -fdata-sections -Wall -flax-vector-conversions -fstack-usage -fcyclomatic-complexity -mcmse -MMD -MP -MF"Application/Common/misc_toolbox.d" -MT"Application/Common/misc_toolbox.o" --specs=nano.specs -mfpu=fpv5-d16 -mfloat-abi=hard -mthumb -o "Application/Common/misc_toolbox.o"
arm-none-eabi-gcc "/home/adamg/STApps/GS_Audio_N6/STM32N6-Audio-Low-Latency/STM32N6-Audio-Direct-Streaming/Projects/Common/pm_dvfs.c" -mcpu=cortex-m55 -std=gnu11 -g3 -DSTM32N657xx -DARM_MATH_CM55 -DUSE_FULL_ASSERT -DUSE_FULL_LL_DRIVER -DVECT_TAB_SRAM -DLL_ATON_PLATFORM=LL_ATON_PLAT_STM32N6 -DLL_ATON_OSAL=LL_ATON_OSAL_BARE_METAL -DLL_ATON_RT_MODE=LL_ATON_RT_ASYNC -DLL_ATON_SW_FALLBACK -DLL_ATON_EB_DBG_INFO -DLL_ATON_DUMP_DEBUG_API -DLL_ATON_DBG_BUFFER_INFO_EXCLUDED=1 -DAPP_BARE_METAL -c -I../../Inc -I../../../Dpu -I../../../Common -I../../../X-CUBE-AI/atonn -I../../../X-CUBE-AI -I../../../../Drivers/CMSIS/Core/Include -I../../../../Drivers/CMSIS/DSP/Include -I../../../../Drivers/CMSIS/DSP/PrivateInclude -I../../../../Drivers/CMSIS/Device/ST/STM32N6xx/Include -I../../../../Drivers/CMSIS/Device/ST/STM32N6xx/Include/Templates -I../../../../Drivers/STM32N6xx_HAL_Driver/Inc -I../../../../Middlewares/ST/ThreadX/ports/cortex_m55/gnu/inc -I../../../../Middlewares/ST/ThreadX/common/inc -I../../../../Middlewares/ST/AI/Inc -I../../../../Middlewares/ST/AI/Npu/Devices/STM32N6XX -I../../../../Middlewares/ST/AI/Npu/ll_aton -I../../../../Middlewares/ST/STM32_AI_AudioPreprocessing_Library/Inc -I../../../../Drivers/BSP/Components/mx66uw1g45g -I../../../../Drivers/BSP/STM32N6570-DK -Ofast -ffunction-sections -fdata-sections -Wall -flax-vector-conversions -fstack-usage -fcyclomatic-complexity -mcmse -MMD -MP -MF"Application/Common/pm_dvfs.d" -MT"Application/Common/pm_dvfs.o" --specs=nano.specs -mfpu=fpv5-d16 -mfloat-abi=hard -mthumb -o "Application/Common/pm_dvfs.o"
arm-none-eabi-gcc "/home/adamg/STApps/GS_Audio_N6/STM32N6-Audio-Low-Latency/STM32N6-Audio-Direct-Streaming/Projects/Common/system_clock_config.c" -mcpu=cortex-m55 -std=gnu11 -g3 -DSTM32N657xx -DARM_MATH_CM55 -DUSE_FULL_ASSERT -DUSE_FULL_LL_DRIVER -DVECT_TAB_SRAM -DLL_ATON_PLATFORM=LL_ATON_PLAT_STM32N6 -DLL_ATON_OSAL=LL_ATON_OSAL_BARE_METAL -DLL_ATON_RT_MODE=LL_ATON_RT_ASYNC -DLL_ATON_SW_FALLBACK -DLL_ATON_EB_DBG_INFO -DLL_ATON_DUMP_DEBUG_API -DLL_ATON_DBG_BUFFER_INFO_EXCLUDED=1 -DAPP_BARE_METAL -c -I../../Inc -I../../../Dpu -I../../../Common -I../../../X-CUBE-AI/atonn -I../../../X-CUBE-AI -I../../../../Drivers/CMSIS/Core/Include -I../../../../Drivers/CMSIS/DSP/Include -I../../../../Drivers/CMSIS/DSP/PrivateInclude -I../../../../Drivers/CMSIS/Device/ST/STM32N6xx/Include -I../../../../Drivers/CMSIS/Device/ST/STM32N6xx/Include/Templates -I../../../../Drivers/STM32N6xx_HAL_Driver/Inc -I../../../../Middlewares/ST/ThreadX/ports/cortex_m55/gnu/inc -I../../../../Middlewares/ST/ThreadX/common/inc -I../../../../Middlewares/ST/AI/Inc -I../../../../Middlewares/ST/AI/Npu/Devices/STM32N6XX -I../../../../Middlewares/ST/AI/Npu/ll_aton -I../../../../Middlewares/ST/STM32_AI_AudioPreprocessing_Library/Inc -I../../../../Drivers/BSP/Components/mx66uw1g45g -I../../../../Drivers/BSP/STM32N6570-DK -Ofast -ffunction-sections -fdata-sections -Wall -flax-vector-conversions -fstack-usage -fcyclomatic-complexity -mcmse -MMD -MP -MF"Application/Common/system_clock_config.d" -MT"Application/Common/system_clock_config.o" --specs=nano.specs -mfpu=fpv5-d16 -mfloat-abi=hard -mthumb -o "Application/Common/system_clock_config.o"
[...]
arm-none-eabi-gcc "/home/adamg/STApps/GS_Audio_N6/STM32N6-Audio-Low-Latency/STM32N6-Audio-Direct-Streaming/Projects/Dpu/ai_dpu.c" -mcpu=cortex-m55 -std=gnu11 -g3 -DSTM32N657xx -DARM_MATH_CM55 -DUSE_FULL_ASSERT -DUSE_FULL_LL_DRIVER -DVECT_TAB_SRAM -DLL_ATON_PLATFORM=LL_ATON_PLAT_STM32N6 -DLL_ATON_OSAL=LL_ATON_OSAL_BARE_METAL -DLL_ATON_RT_MODE=LL_ATON_RT_ASYNC -DLL_ATON_SW_FALLBACK -DLL_ATON_EB_DBG_INFO -DLL_ATON_DUMP_DEBUG_API -DLL_ATON_DBG_BUFFER_INFO_EXCLUDED=1 -DAPP_BARE_METAL -c -I../../Inc -I../../../Dpu -I../../../Common -I../../../X-CUBE-AI/atonn -I../../../X-CUBE-AI -I../../../../Drivers/CMSIS/Core/Include -I../../../../Drivers/CMSIS/DSP/Include -I../../../../Drivers/CMSIS/DSP/PrivateInclude -I../../../../Drivers/CMSIS/Device/ST/STM32N6xx/Include -I../../../../Drivers/CMSIS/Device/ST/STM32N6xx/Include/Templates -I../../../../Drivers/STM32N6xx_HAL_Driver/Inc -I../../../../Middlewares/ST/ThreadX/ports/cortex_m55/gnu/inc -I../../../../Middlewares/ST/ThreadX/common/inc -I../../../../Middlewares/ST/AI/Inc -I../../../../Middlewares/ST/AI/Npu/Devices/STM32N6XX -I../../../../Middlewares/ST/AI/Npu/ll_aton -I../../../../Middlewares/ST/STM32_AI_AudioPreprocessing_Library/Inc -I../../../../Drivers/BSP/Components/mx66uw1g45g -I../../../../Drivers/BSP/STM32N6570-DK -Ofast -ffunction-sections -fdata-sections -Wall -flax-vector-conversions -fstack-usage -fcyclomatic-complexity -mcmse -MMD -MP -MF"Application/Dpu/ai_dpu.d" -MT"Application/Dpu/ai_dpu.o" --specs=nano.specs -mfpu=fpv5-d16 -mfloat-abi=hard -mthumb -o "Application/Dpu/ai_dpu.o"
arm-none-eabi-gcc "/home/adamg/STApps/GS_Audio_N6/STM32N6-Audio-Low-Latency/STM32N6-Audio-Direct-Streaming/Projects/Dpu/postproc_dpu.c" -mcpu=cortex-m55 -std=gnu11 -g3 -DSTM32N657xx -DARM_MATH_CM55 -DUSE_FULL_ASSERT -DUSE_FULL_LL_DRIVER -DVECT_TAB_SRAM -DLL_ATON_PLATFORM=LL_ATON_PLAT_STM32N6 -DLL_ATON_OSAL=LL_ATON_OSAL_BARE_METAL -DLL_ATON_RT_MODE=LL_ATON_RT_ASYNC -DLL_ATON_SW_FALLBACK -DLL_ATON_EB_DBG_INFO -DLL_ATON_DUMP_DEBUG_API -DLL_ATON_DBG_BUFFER_INFO_EXCLUDED=1 -DAPP_BARE_METAL -c -I../../Inc -I../../../Dpu -I../../../Common -I../../../X-CUBE-AI/atonn -I../../../X-CUBE-AI -I../../../../Drivers/CMSIS/Core/Include -I../../../../Drivers/CMSIS/DSP/Include -I../../../../Drivers/CMSIS/DSP/PrivateInclude -I../../../../Drivers/CMSIS/Device/ST/STM32N6xx/Include -I../../../../Drivers/CMSIS/Device/ST/STM32N6xx/Include/Templates -I../../../../Drivers/STM32N6xx_HAL_Driver/Inc -I../../../../Middlewares/ST/ThreadX/ports/cortex_m55/gnu/inc -I../../../../Middlewares/ST/ThreadX/common/inc -I../../../../Middlewares/ST/AI/Inc -I../../../../Middlewares/ST/AI/Npu/Devices/STM32N6XX -I../../../../Middlewares/ST/AI/Npu/ll_aton -I../../../../Middlewares/ST/STM32_AI_AudioPreprocessing_Library/Inc -I../../../../Drivers/BSP/Components/mx66uw1g45g -I../../../../Drivers/BSP/STM32N6570-DK -Ofast -ffunction-sections -fdata-sections -Wall -flax-vector-conversions -fstack-usage -fcyclomatic-complexity -mcmse -MMD -MP -MF"Application/Dpu/postproc_dpu.d" -MT"Application/Dpu/postproc_dpu.o" --specs=nano.specs -mfpu=fpv5-d16 -mfloat-abi=hard -mthumb -o "Application/Dpu/postproc_dpu.o"
arm-none-eabi-gcc "/home/adamg/STApps/GS_Audio_N6/STM32N6-Audio-Low-Latency/STM32N6-Audio-Direct-Streaming/Projects/Dpu/preproc_dpu.c" -mcpu=cortex-m55 -std=gnu11 -g3 -DSTM32N657xx -DARM_MATH_CM55 -DUSE_FULL_ASSERT -DUSE_FULL_LL_DRIVER -DVECT_TAB_SRAM -DLL_ATON_PLATFORM=LL_ATON_PLAT_STM32N6 -DLL_ATON_OSAL=LL_ATON_OSAL_BARE_METAL -DLL_ATON_RT_MODE=LL_ATON_RT_ASYNC -DLL_ATON_SW_FALLBACK -DLL_ATON_EB_DBG_INFO -DLL_ATON_DUMP_DEBUG_API -DLL_ATON_DBG_BUFFER_INFO_EXCLUDED=1 -DAPP_BARE_METAL -c -I../../Inc -I../../../Dpu -I../../../Common -I../../../X-CUBE-AI/atonn -I../../../X-CUBE-AI -I../../../../Drivers/CMSIS/Core/Include -I../../../../Drivers/CMSIS/DSP/Include -I../../../../Drivers/CMSIS/DSP/PrivateInclude -I../../../../Drivers/CMSIS/Device/ST/STM32N6xx/Include -I../../../../Drivers/CMSIS/Device/ST/STM32N6xx/Include/Templates -I../../../../Drivers/STM32N6xx_HAL_Driver/Inc -I../../../../Middlewares/ST/ThreadX/ports/cortex_m55/gnu/inc -I../../../../Middlewares/ST/ThreadX/common/inc -I../../../../Middlewares/ST/AI/Inc -I../../../../Middlewares/ST/AI/Npu/Devices/STM32N6XX -I../../../../Middlewares/ST/AI/Npu/ll_aton -I../../../../Middlewares/ST/STM32_AI_AudioPreprocessing_Library/Inc -I../../../../Drivers/BSP/Components/mx66uw1g45g -I../../../../Drivers/BSP/STM32N6570-DK -Ofast -ffunction-sections -fdata-sections -Wall -flax-vector-conversions -fstack-usage -fcyclomatic-complexity -mcmse -MMD -MP -MF"Application/Dpu/preproc_dpu.d" -MT"Application/Dpu/preproc_dpu.o" --specs=nano.specs -mfpu=fpv5-d16 -mfloat-abi=hard -mthumb -o "Application/Dpu/preproc_dpu.o"
arm-none-eabi-gcc "/home/adamg/STApps/GS_Audio_N6/STM32N6-Audio-Low-Latency/STM32N6-Audio-Direct-Streaming/Projects/Dpu/user_mel_tables.c" -mcpu=cortex-m55 -std=gnu11 -g3 -DSTM32N657xx -DARM_MATH_CM55 -DUSE_FULL_ASSERT -DUSE_FULL_LL_DRIVER -DVECT_TAB_SRAM -DLL_ATON_PLATFORM=LL_ATON_PLAT_STM32N6 -DLL_ATON_OSAL=LL_ATON_OSAL_BARE_METAL -DLL_ATON_RT_MODE=LL_ATON_RT_ASYNC -DLL_ATON_SW_FALLBACK -DLL_ATON_EB_DBG_INFO -DLL_ATON_DUMP_DEBUG_API -DLL_ATON_DBG_BUFFER_INFO_EXCLUDED=1 -DAPP_BARE_METAL -c -I../../Inc -I../../../Dpu -I../../../Common -I../../../X-CUBE-AI/atonn -I../../../X-CUBE-AI -I../../../../Drivers/CMSIS/Core/Include -I../../../../Drivers/CMSIS/DSP/Include -I../../../../Drivers/CMSIS/DSP/PrivateInclude -I../../../../Drivers/CMSIS/Device/ST/STM32N6xx/Include -I../../../../Drivers/CMSIS/Device/ST/STM32N6xx/Include/Templates -I../../../../Drivers/STM32N6xx_HAL_Driver/Inc -I../../../../Middlewares/ST/ThreadX/ports/cortex_m55/gnu/inc -I../../../../Middlewares/ST/ThreadX/common/inc -I../../../../Middlewares/ST/AI/Inc -I../../../../Middlewares/ST/AI/Npu/Devices/STM32N6XX -I../../../../Middlewares/ST/AI/Npu/ll_aton -I../../../../Middlewares/ST/STM32_AI_AudioPreprocessing_Library/Inc -I../../../../Drivers/BSP/Components/mx66uw1g45g -I../../../../Drivers/BSP/STM32N6570-DK -Ofast -ffunction-sections -fdata-sections -Wall -flax-vector-conversions -fstack-usage -fcyclomatic-complexity -mcmse -MMD -MP -MF"Application/Dpu/user_mel_tables.d" -MT"Application/Dpu/user_mel_tables.o" --specs=nano.specs -mfpu=fpv5-d16 -mfloat-abi=hard -mthumb -o "Application/Dpu/user_mel_tables.o"
/home/adamg/STApps/GS_Audio_N6/STM32N6-Audio-Low-Latency/STM32N6-Audio-Direct-Streaming/Projects/GS/Src/audio_bm.c: In function 'BSP_AUDIO_IN_TransferComplete_CallBack':
/home/adamg/STApps/GS_Audio_N6/STM32N6-Audio-Low-Latency/STM32N6-Audio-Direct-Streaming/Projects/GS/Src/audio_bm.c:389:58: warning: format '%d' expects argument of type 'int', but argument 2 has type 'int32_t' {aka 'long int'} [-Wformat=]
  389 |     printf("Audio IN transfer complete to playback half %d\r\n", current_playback_half_buffer_to_copy_to);
      |                                                         ~^       ~~~~~~~~~~~~~~~~~~~~~~~~~~~~~~~~~~~~~~~
      |                                                          |       |
      |                                                          int     int32_t {aka long int}
      |                                                         %ld
/home/adamg/STApps/GS_Audio_N6/STM32N6-Audio-Low-Latency/STM32N6-Audio-Direct-Streaming/Projects/GS/Src/audio_bm.c: In function 'BSP_AUDIO_IN_HalfTransfer_CallBack':
/home/adamg/STApps/GS_Audio_N6/STM32N6-Audio-Low-Latency/STM32N6-Audio-Direct-Streaming/Projects/GS/Src/audio_bm.c:407:62: warning: format '%d' expects argument of type 'int', but argument 2 has type 'int32_t' {aka 'long int'} [-Wformat=]
  407 |             printf("Audio IN half transfer to playback half %d\r\n", current_playback_half_buffer_to_copy_to);
      |                                                             ~^       ~~~~~~~~~~~~~~~~~~~~~~~~~~~~~~~~~~~~~~~
      |                                                              |       |
      |                                                              int     int32_t {aka long int}
      |                                                             %ld
/home/adamg/STApps/GS_Audio_N6/STM32N6-Audio-Low-Latency/STM32N6-Audio-Direct-Streaming/Projects/GS/Src/audio_bm.c: At top level:
/home/adamg/STApps/GS_Audio_N6/STM32N6-Audio-Low-Latency/STM32N6-Audio-Direct-Streaming/Projects/GS/Src/audio_bm.c:322:6: warning: 'printCpuStats' defined but not used [-Wunused-function]
  322 | void printCpuStats(void)
      |      ^~~~~~~~~~~~~
/home/adamg/STApps/GS_Audio_N6/STM32N6-Audio-Low-Latency/STM32N6-Audio-Direct-Streaming/Projects/GS/Src/audio_bm.c:69:23: warning: 'audio_proc_ctx' defined but not used [-Wunused-variable]
   69 | static AudioBM_proc_t audio_proc_ctx;
      |                       ^~~~~~~~~~~~~~
/home/adamg/STApps/GS_Audio_N6/STM32N6-Audio-Low-Latency/STM32N6-Audio-Direct-Streaming/Projects/GS/Src/audio_bm.c:68:23: warning: 'audio_acq_ctx' defined but not used [-Wunused-variable]
   68 | static AudioBM_acq_t  audio_acq_ctx;
      |                       ^~~~~~~~~~~~~
arm-none-eabi-gcc "/home/adamg/STApps/GS_Audio_N6/STM32N6-Audio-Low-Latency/STM32N6-Audio-Direct-Streaming/Projects/Common/Patch/stm32n6570_discovery_audio.c" -mcpu=cortex-m55 -std=gnu11 -g3 -DSTM32N657xx -DARM_MATH_CM55 -DUSE_FULL_ASSERT -DUSE_FULL_LL_DRIVER -DVECT_TAB_SRAM -DLL_ATON_PLATFORM=LL_ATON_PLAT_STM32N6 -DLL_ATON_OSAL=LL_ATON_OSAL_BARE_METAL -DLL_ATON_RT_MODE=LL_ATON_RT_ASYNC -DLL_ATON_SW_FALLBACK -DLL_ATON_EB_DBG_INFO -DLL_ATON_DUMP_DEBUG_API -DLL_ATON_DBG_BUFFER_INFO_EXCLUDED=1 -DAPP_BARE_METAL -c -I../../Inc -I../../../Dpu -I../../../Common -I../../../X-CUBE-AI/atonn -I../../../X-CUBE-AI -I../../../../Drivers/CMSIS/Core/Include -I../../../../Drivers/CMSIS/DSP/Include -I../../../../Drivers/CMSIS/DSP/PrivateInclude -I../../../../Drivers/CMSIS/Device/ST/STM32N6xx/Include -I../../../../Drivers/CMSIS/Device/ST/STM32N6xx/Include/Templates -I../../../../Drivers/STM32N6xx_HAL_Driver/Inc -I../../../../Middlewares/ST/ThreadX/ports/cortex_m55/gnu/inc -I../../../../Middlewares/ST/ThreadX/common/inc -I../../../../Middlewares/ST/AI/Inc -I../../../../Middlewares/ST/AI/Npu/Devices/STM32N6XX -I../../../../Middlewares/ST/AI/Npu/ll_aton -I../../../../Middlewares/ST/STM32_AI_AudioPreprocessing_Library/Inc -I../../../../Drivers/BSP/Components/mx66uw1g45g -I../../../../Drivers/BSP/STM32N6570-DK -Ofast -ffunction-sections -fdata-sections -Wall -flax-vector-conversions -fstack-usage -fcyclomatic-complexity -mcmse -MMD -MP -MF"Application/Common/Patch/stm32n6570_discovery_audio.d" -MT"Application/Common/Patch/stm32n6570_discovery_audio.o" --specs=nano.specs -mfpu=fpv5-d16 -mfloat-abi=hard -mthumb -o "Application/Common/Patch/stm32n6570_discovery_audio.o"
arm-none-eabi-gcc "/home/adamg/STApps/GS_Audio_N6/STM32N6-Audio-Low-Latency/STM32N6-Audio-Direct-Streaming/Projects/Common/Patch/stm32n6570_discovery_audio.patch.hsi_600_400.c" -mcpu=cortex-m55 -std=gnu11 -g3 -DSTM32N657xx -DARM_MATH_CM55 -DUSE_FULL_ASSERT -DUSE_FULL_LL_DRIVER -DVECT_TAB_SRAM -DLL_ATON_PLATFORM=LL_ATON_PLAT_STM32N6 -DLL_ATON_OSAL=LL_ATON_OSAL_BARE_METAL -DLL_ATON_RT_MODE=LL_ATON_RT_ASYNC -DLL_ATON_SW_FALLBACK -DLL_ATON_EB_DBG_INFO -DLL_ATON_DUMP_DEBUG_API -DLL_ATON_DBG_BUFFER_INFO_EXCLUDED=1 -DAPP_BARE_METAL -c -I../../Inc -I../../../Dpu -I../../../Common -I../../../X-CUBE-AI/atonn -I../../../X-CUBE-AI -I../../../../Drivers/CMSIS/Core/Include -I../../../../Drivers/CMSIS/DSP/Include -I../../../../Drivers/CMSIS/DSP/PrivateInclude -I../../../../Drivers/CMSIS/Device/ST/STM32N6xx/Include -I../../../../Drivers/CMSIS/Device/ST/STM32N6xx/Include/Templates -I../../../../Drivers/STM32N6xx_HAL_Driver/Inc -I../../../../Middlewares/ST/ThreadX/ports/cortex_m55/gnu/inc -I../../../../Middlewares/ST/ThreadX/common/inc -I../../../../Middlewares/ST/AI/Inc -I../../../../Middlewares/ST/AI/Npu/Devices/STM32N6XX -I../../../../Middlewares/ST/AI/Npu/ll_aton -I../../../../Middlewares/ST/STM32_AI_AudioPreprocessing_Library/Inc -I../../../../Drivers/BSP/Components/mx66uw1g45g -I../../../../Drivers/BSP/STM32N6570-DK -Ofast -ffunction-sections -fdata-sections -Wall -flax-vector-conversions -fstack-usage -fcyclomatic-complexity -mcmse -MMD -MP -MF"Application/Common/Patch/stm32n6570_discovery_audio.patch.hsi_600_400.d" -MT"Application/Common/Patch/stm32n6570_discovery_audio.patch.hsi_600_400.o" --specs=nano.specs -mfpu=fpv5-d16 -mfloat-abi=hard -mthumb -o "Application/Common/Patch/stm32n6570_discovery_audio.patch.hsi_600_400.o"
arm-none-eabi-gcc "/home/adamg/STApps/GS_Audio_N6/STM32N6-Audio-Low-Latency/STM32N6-Audio-Direct-Streaming/Projects/Common/misc_toolbox.c" -mcpu=cortex-m55 -std=gnu11 -g3 -DSTM32N657xx -DARM_MATH_CM55 -DUSE_FULL_ASSERT -DUSE_FULL_LL_DRIVER -DVECT_TAB_SRAM -DLL_ATON_PLATFORM=LL_ATON_PLAT_STM32N6 -DLL_ATON_OSAL=LL_ATON_OSAL_BARE_METAL -DLL_ATON_RT_MODE=LL_ATON_RT_ASYNC -DLL_ATON_SW_FALLBACK -DLL_ATON_EB_DBG_INFO -DLL_ATON_DUMP_DEBUG_API -DLL_ATON_DBG_BUFFER_INFO_EXCLUDED=1 -DAPP_BARE_METAL -c -I../../Inc -I../../../Dpu -I../../../Common -I../../../X-CUBE-AI/atonn -I../../../X-CUBE-AI -I../../../../Drivers/CMSIS/Core/Include -I../../../../Drivers/CMSIS/DSP/Include -I../../../../Drivers/CMSIS/DSP/PrivateInclude -I../../../../Drivers/CMSIS/Device/ST/STM32N6xx/Include -I../../../../Drivers/CMSIS/Device/ST/STM32N6xx/Include/Templates -I../../../../Drivers/STM32N6xx_HAL_Driver/Inc -I../../../../Middlewares/ST/ThreadX/ports/cortex_m55/gnu/inc -I../../../../Middlewares/ST/ThreadX/common/inc -I../../../../Middlewares/ST/AI/Inc -I../../../../Middlewares/ST/AI/Npu/Devices/STM32N6XX -I../../../../Middlewares/ST/AI/Npu/ll_aton -I../../../../Middlewares/ST/STM32_AI_AudioPreprocessing_Library/Inc -I../../../../Drivers/BSP/Components/mx66uw1g45g -I../../../../Drivers/BSP/STM32N6570-DK -Ofast -ffunction-sections -fdata-sections -Wall -flax-vector-conversions -fstack-usage -fcyclomatic-complexity -mcmse -MMD -MP -MF"Application/Common/misc_toolbox.d" -MT"Application/Common/misc_toolbox.o" --specs=nano.specs -mfpu=fpv5-d16 -mfloat-abi=hard -mthumb -o "Application/Common/misc_toolbox.o"
arm-none-eabi-gcc "/home/adamg/STApps/GS_Audio_N6/STM32N6-Audio-Low-Latency/STM32N6-Audio-Direct-Streaming/Projects/Common/pm_dvfs.c" -mcpu=cortex-m55 -std=gnu11 -g3 -DSTM32N657xx -DARM_MATH_CM55 -DUSE_FULL_ASSERT -DUSE_FULL_LL_DRIVER -DVECT_TAB_SRAM -DLL_ATON_PLATFORM=LL_ATON_PLAT_STM32N6 -DLL_ATON_OSAL=LL_ATON_OSAL_BARE_METAL -DLL_ATON_RT_MODE=LL_ATON_RT_ASYNC -DLL_ATON_SW_FALLBACK -DLL_ATON_EB_DBG_INFO -DLL_ATON_DUMP_DEBUG_API -DLL_ATON_DBG_BUFFER_INFO_EXCLUDED=1 -DAPP_BARE_METAL -c -I../../Inc -I../../../Dpu -I../../../Common -I../../../X-CUBE-AI/atonn -I../../../X-CUBE-AI -I../../../../Drivers/CMSIS/Core/Include -I../../../../Drivers/CMSIS/DSP/Include -I../../../../Drivers/CMSIS/DSP/PrivateInclude -I../../../../Drivers/CMSIS/Device/ST/STM32N6xx/Include -I../../../../Drivers/CMSIS/Device/ST/STM32N6xx/Include/Templates -I../../../../Drivers/STM32N6xx_HAL_Driver/Inc -I../../../../Middlewares/ST/ThreadX/ports/cortex_m55/gnu/inc -I../../../../Middlewares/ST/ThreadX/common/inc -I../../../../Middlewares/ST/AI/Inc -I../../../../Middlewares/ST/AI/Npu/Devices/STM32N6XX -I../../../../Middlewares/ST/AI/Npu/ll_aton -I../../../../Middlewares/ST/STM32_AI_AudioPreprocessing_Library/Inc -I../../../../Drivers/BSP/Components/mx66uw1g45g -I../../../../Drivers/BSP/STM32N6570-DK -Ofast -ffunction-sections -fdata-sections -Wall -flax-vector-conversions -fstack-usage -fcyclomatic-complexity -mcmse -MMD -MP -MF"Application/Common/pm_dvfs.d" -MT"Application/Common/pm_dvfs.o" --specs=nano.specs -mfpu=fpv5-d16 -mfloat-abi=hard -mthumb -o "Application/Common/pm_dvfs.o"
arm-none-eabi-gcc "/home/adamg/STApps/GS_Audio_N6/STM32N6-Audio-Low-Latency/STM32N6-Audio-Direct-Streaming/Projects/Common/system_clock_config.c" -mcpu=cortex-m55 -std=gnu11 -g3 -DSTM32N657xx -DARM_MATH_CM55 -DUSE_FULL_ASSERT -DUSE_FULL_LL_DRIVER -DVECT_TAB_SRAM -DLL_ATON_PLATFORM=LL_ATON_PLAT_STM32N6 -DLL_ATON_OSAL=LL_ATON_OSAL_BARE_METAL -DLL_ATON_RT_MODE=LL_ATON_RT_ASYNC -DLL_ATON_SW_FALLBACK -DLL_ATON_EB_DBG_INFO -DLL_ATON_DUMP_DEBUG_API -DLL_ATON_DBG_BUFFER_INFO_EXCLUDED=1 -DAPP_BARE_METAL -c -I../../Inc -I../../../Dpu -I../../../Common -I../../../X-CUBE-AI/atonn -I../../../X-CUBE-AI -I../../../../Drivers/CMSIS/Core/Include -I../../../../Drivers/CMSIS/DSP/Include -I../../../../Drivers/CMSIS/DSP/PrivateInclude -I../../../../Drivers/CMSIS/Device/ST/STM32N6xx/Include -I../../../../Drivers/CMSIS/Device/ST/STM32N6xx/Include/Templates -I../../../../Drivers/STM32N6xx_HAL_Driver/Inc -I../../../../Middlewares/ST/ThreadX/ports/cortex_m55/gnu/inc -I../../../../Middlewares/ST/ThreadX/common/inc -I../../../../Middlewares/ST/AI/Inc -I../../../../Middlewares/ST/AI/Npu/Devices/STM32N6XX -I../../../../Middlewares/ST/AI/Npu/ll_aton -I../../../../Middlewares/ST/STM32_AI_AudioPreprocessing_Library/Inc -I../../../../Drivers/BSP/Components/mx66uw1g45g -I../../../../Drivers/BSP/STM32N6570-DK -Ofast -ffunction-sections -fdata-sections -Wall -flax-vector-conversions -fstack-usage -fcyclomatic-complexity -mcmse -MMD -MP -MF"Application/Common/system_clock_config.d" -MT"Application/Common/system_clock_config.o" --specs=nano.specs -mfpu=fpv5-d16 -mfloat-abi=hard -mthumb -o "Application/Common/system_clock_config.o"
arm-none-eabi-gcc -o "GS_Audio_N6.elf" @"objects.list"  -l:NetworkRuntime1020_CM55_GCC.a -mcpu=cortex-m55 -T"/home/adamg/STApps/GS_Audio_N6/STM32N6-Audio-Low-Latency/STM32N6-Audio-Direct-Streaming/Projects/GS/STM32CubeIDE/STM32N657XX_LRUN.ld" --specs=nosys.specs -Wl,-Map="GS_Audio_N6.map" -Wl,--gc-sections -static -Wl,--cmse-implib -Wl,--out-implib=./secure_nsclib.o -L../../../../Middlewares/ST/AI/Lib/GCC/ARMCortexM55 --specs=nano.specs -mfpu=fpv5-d16 -mfloat-abi=hard -mthumb -u _printf_float -Wl,--start-group -lc -lm -Wl,--end-group
/home/adamg/STM32Cube/stm32cubeide-1.19.0/plugins/com.st.stm32cube.ide.mcu.externaltools.gnu-tools-for-stm32.13.3.rel1.linux64_1.0.0.202410170706/tools/bin/../lib/gcc/arm-none-eabi/13.3.1/../../../../arm-none-eabi/bin/ld: warning: GS_Audio_N6.elf has a LOAD segment with RWX permissions
Finished building target: GS_Audio_N6.elf
 
arm-none-eabi-size  GS_Audio_N6.elf 
arm-none-eabi-objdump -h -S GS_Audio_N6.elf  > "GS_Audio_N6.list"
arm-none-eabi-objcopy  -O ihex GS_Audio_N6.elf  "GS_Audio_N6.hex"
arm-none-eabi-objcopy  -O binary GS_Audio_N6.elf  "GS_Audio_N6.bin"
   text	   data	    bss	    dec	    hex	filename
 100064	  32792	 122616	 255472	  3e5f0	GS_Audio_N6.elf
Finished building: default.size.stdout
 
Finished building: GS_Audio_N6.bin
Finished building: GS_Audio_N6.hex
 
 
Finished building: GS_Audio_N6.list
 
