/home/adamg/STApps/GS_Audio_N6/STM32N6-Audio-Low-Latency2/STM32N6_Audio_Model_Zoo_Deployable/Projects/X-CUBE-AI/models/network.c:11465:13:LL_ATON_End_EpochBlock_51	184	static
/home/adamg/STApps/GS_Audio_N6/STM32N6-Audio-Low-Latency2/STM32N6_Audio_Model_Zoo_Deployable/Projects/X-CUBE-AI/models/network.c:11408:13:LL_ATON_End_EpochBlock_50	200	static
/home/adamg/STApps/GS_Audio_N6/STM32N6-Audio-Low-Latency2/STM32N6_Audio_Model_Zoo_Deployable/Projects/X-CUBE-AI/models/network.c:11352:13:LL_ATON_End_EpochBlock_49	8	static
/home/adamg/STApps/GS_Audio_N6/STM32N6-Audio-Low-Latency2/STM32N6_Audio_Model_Zoo_Deployable/Projects/X-CUBE-AI/models/network.c:10613:13:LL_ATON_End_EpochBlock_48	8	static
/home/adamg/STApps/GS_Audio_N6/STM32N6-Audio-Low-Latency2/STM32N6_Audio_Model_Zoo_Deployable/Projects/X-CUBE-AI/models/network.c:10253:13:LL_ATON_End_EpochBlock_46	8	static
/home/adamg/STApps/GS_Audio_N6/STM32N6-Audio-Low-Latency2/STM32N6_Audio_Model_Zoo_Deployable/Projects/X-CUBE-AI/models/network.c:10044:13:LL_ATON_End_EpochBlock_45	8	static
/home/adamg/STApps/GS_Audio_N6/STM32N6-Audio-Low-Latency2/STM32N6_Audio_Model_Zoo_Deployable/Projects/X-CUBE-AI/models/network.c:9824:13:LL_ATON_End_EpochBlock_43	8	static
/home/adamg/STApps/GS_Audio_N6/STM32N6-Audio-Low-Latency2/STM32N6_Audio_Model_Zoo_Deployable/Projects/X-CUBE-AI/models/network.c:9521:13:LL_ATON_End_EpochBlock_41	8	static
/home/adamg/STApps/GS_Audio_N6/STM32N6-Audio-Low-Latency2/STM32N6_Audio_Model_Zoo_Deployable/Projects/X-CUBE-AI/models/network.c:9362:13:LL_ATON_End_EpochBlock_40	8	static
/home/adamg/STApps/GS_Audio_N6/STM32N6-Audio-Low-Latency2/STM32N6_Audio_Model_Zoo_Deployable/Projects/X-CUBE-AI/models/network.c:8629:13:LL_ATON_End_EpochBlock_39	8	static
/home/adamg/STApps/GS_Audio_N6/STM32N6-Audio-Low-Latency2/STM32N6_Audio_Model_Zoo_Deployable/Projects/X-CUBE-AI/models/network.c:8269:13:LL_ATON_End_EpochBlock_37	8	static
/home/adamg/STApps/GS_Audio_N6/STM32N6-Audio-Low-Latency2/STM32N6_Audio_Model_Zoo_Deployable/Projects/X-CUBE-AI/models/network.c:8061:13:LL_ATON_End_EpochBlock_36	8	static
/home/adamg/STApps/GS_Audio_N6/STM32N6-Audio-Low-Latency2/STM32N6_Audio_Model_Zoo_Deployable/Projects/X-CUBE-AI/models/network.c:7841:13:LL_ATON_End_EpochBlock_34	8	static
/home/adamg/STApps/GS_Audio_N6/STM32N6-Audio-Low-Latency2/STM32N6_Audio_Model_Zoo_Deployable/Projects/X-CUBE-AI/models/network.c:7538:13:LL_ATON_End_EpochBlock_32	8	static
/home/adamg/STApps/GS_Audio_N6/STM32N6-Audio-Low-Latency2/STM32N6_Audio_Model_Zoo_Deployable/Projects/X-CUBE-AI/models/network.c:7379:13:LL_ATON_End_EpochBlock_31	8	static
/home/adamg/STApps/GS_Audio_N6/STM32N6-Audio-Low-Latency2/STM32N6_Audio_Model_Zoo_Deployable/Projects/X-CUBE-AI/models/network.c:6652:13:LL_ATON_End_EpochBlock_30	8	static
/home/adamg/STApps/GS_Audio_N6/STM32N6-Audio-Low-Latency2/STM32N6_Audio_Model_Zoo_Deployable/Projects/X-CUBE-AI/models/network.c:6520:13:LL_ATON_End_EpochBlock_29	8	static
/home/adamg/STApps/GS_Audio_N6/STM32N6-Audio-Low-Latency2/STM32N6_Audio_Model_Zoo_Deployable/Projects/X-CUBE-AI/models/network.c:6162:13:LL_ATON_End_EpochBlock_28	8	static
/home/adamg/STApps/GS_Audio_N6/STM32N6-Audio-Low-Latency2/STM32N6_Audio_Model_Zoo_Deployable/Projects/X-CUBE-AI/models/network.c:5867:13:LL_ATON_End_EpochBlock_26	8	static
/home/adamg/STApps/GS_Audio_N6/STM32N6-Audio-Low-Latency2/STM32N6_Audio_Model_Zoo_Deployable/Projects/X-CUBE-AI/models/network.c:5708:13:LL_ATON_End_EpochBlock_25	8	static
/home/adamg/STApps/GS_Audio_N6/STM32N6-Audio-Low-Latency2/STM32N6_Audio_Model_Zoo_Deployable/Projects/X-CUBE-AI/models/network.c:4975:13:LL_ATON_End_EpochBlock_24	8	static
/home/adamg/STApps/GS_Audio_N6/STM32N6-Audio-Low-Latency2/STM32N6_Audio_Model_Zoo_Deployable/Projects/X-CUBE-AI/models/network.c:4615:13:LL_ATON_End_EpochBlock_22	8	static
/home/adamg/STApps/GS_Audio_N6/STM32N6-Audio-Low-Latency2/STM32N6_Audio_Model_Zoo_Deployable/Projects/X-CUBE-AI/models/network.c:4406:13:LL_ATON_End_EpochBlock_21	8	static
/home/adamg/STApps/GS_Audio_N6/STM32N6-Audio-Low-Latency2/STM32N6_Audio_Model_Zoo_Deployable/Projects/X-CUBE-AI/models/network.c:4186:13:LL_ATON_End_EpochBlock_19	8	static
/home/adamg/STApps/GS_Audio_N6/STM32N6-Audio-Low-Latency2/STM32N6_Audio_Model_Zoo_Deployable/Projects/X-CUBE-AI/models/network.c:3883:13:LL_ATON_End_EpochBlock_17	8	static
/home/adamg/STApps/GS_Audio_N6/STM32N6-Audio-Low-Latency2/STM32N6_Audio_Model_Zoo_Deployable/Projects/X-CUBE-AI/models/network.c:3724:13:LL_ATON_End_EpochBlock_16	8	static
/home/adamg/STApps/GS_Audio_N6/STM32N6-Audio-Low-Latency2/STM32N6_Audio_Model_Zoo_Deployable/Projects/X-CUBE-AI/models/network.c:2991:13:LL_ATON_End_EpochBlock_15	8	static
/home/adamg/STApps/GS_Audio_N6/STM32N6-Audio-Low-Latency2/STM32N6_Audio_Model_Zoo_Deployable/Projects/X-CUBE-AI/models/network.c:2631:13:LL_ATON_End_EpochBlock_13	8	static
/home/adamg/STApps/GS_Audio_N6/STM32N6-Audio-Low-Latency2/STM32N6_Audio_Model_Zoo_Deployable/Projects/X-CUBE-AI/models/network.c:2423:13:LL_ATON_End_EpochBlock_12	8	static
/home/adamg/STApps/GS_Audio_N6/STM32N6-Audio-Low-Latency2/STM32N6_Audio_Model_Zoo_Deployable/Projects/X-CUBE-AI/models/network.c:2203:13:LL_ATON_End_EpochBlock_10	8	static
/home/adamg/STApps/GS_Audio_N6/STM32N6-Audio-Low-Latency2/STM32N6_Audio_Model_Zoo_Deployable/Projects/X-CUBE-AI/models/network.c:1900:13:LL_ATON_End_EpochBlock_8	8	static
/home/adamg/STApps/GS_Audio_N6/STM32N6-Audio-Low-Latency2/STM32N6_Audio_Model_Zoo_Deployable/Projects/X-CUBE-AI/models/network.c:1741:13:LL_ATON_End_EpochBlock_7	8	static
/home/adamg/STApps/GS_Audio_N6/STM32N6-Audio-Low-Latency2/STM32N6_Audio_Model_Zoo_Deployable/Projects/X-CUBE-AI/models/network.c:1014:13:LL_ATON_End_EpochBlock_6	8	static
/home/adamg/STApps/GS_Audio_N6/STM32N6-Audio-Low-Latency2/STM32N6_Audio_Model_Zoo_Deployable/Projects/X-CUBE-AI/models/network.c:882:13:LL_ATON_End_EpochBlock_5	8	static
/home/adamg/STApps/GS_Audio_N6/STM32N6-Audio-Low-Latency2/STM32N6_Audio_Model_Zoo_Deployable/Projects/X-CUBE-AI/models/network.c:524:13:LL_ATON_End_EpochBlock_4	8	static
/home/adamg/STApps/GS_Audio_N6/STM32N6-Audio-Low-Latency2/STM32N6_Audio_Model_Zoo_Deployable/Projects/X-CUBE-AI/models/network.c:217:13:LL_ATON_End_EpochBlock_2	8	static
/home/adamg/STApps/GS_Audio_N6/STM32N6-Audio-Low-Latency2/STM32N6_Audio_Model_Zoo_Deployable/Projects/X-CUBE-AI/models/network.c:10368:13:LL_ATON_Start_EpochBlock_48	8	static
/home/adamg/STApps/GS_Audio_N6/STM32N6-Audio-Low-Latency2/STM32N6_Audio_Model_Zoo_Deployable/Projects/X-CUBE-AI/models/network.c:9948:13:LL_ATON_Start_EpochBlock_45	8	static
/home/adamg/STApps/GS_Audio_N6/STM32N6-Audio-Low-Latency2/STM32N6_Audio_Model_Zoo_Deployable/Projects/X-CUBE-AI/models/network.c:8660:13:LL_ATON_Start_EpochBlock_40	8	static
/home/adamg/STApps/GS_Audio_N6/STM32N6-Audio-Low-Latency2/STM32N6_Audio_Model_Zoo_Deployable/Projects/X-CUBE-AI/models/network.c:8384:13:LL_ATON_Start_EpochBlock_39	8	static
/home/adamg/STApps/GS_Audio_N6/STM32N6-Audio-Low-Latency2/STM32N6_Audio_Model_Zoo_Deployable/Projects/X-CUBE-AI/models/network.c:7965:13:LL_ATON_Start_EpochBlock_36	8	static
/home/adamg/STApps/GS_Audio_N6/STM32N6-Audio-Low-Latency2/STM32N6_Audio_Model_Zoo_Deployable/Projects/X-CUBE-AI/models/network.c:6677:13:LL_ATON_Start_EpochBlock_31	8	static
/home/adamg/STApps/GS_Audio_N6/STM32N6-Audio-Low-Latency2/STM32N6_Audio_Model_Zoo_Deployable/Projects/X-CUBE-AI/models/network.c:6556:13:LL_ATON_Start_EpochBlock_30	8	static
/home/adamg/STApps/GS_Audio_N6/STM32N6-Audio-Low-Latency2/STM32N6_Audio_Model_Zoo_Deployable/Projects/X-CUBE-AI/models/network.c:6189:13:LL_ATON_Start_EpochBlock_29	8	static
/home/adamg/STApps/GS_Audio_N6/STM32N6-Audio-Low-Latency2/STM32N6_Audio_Model_Zoo_Deployable/Projects/X-CUBE-AI/models/network.c:6019:13:LL_ATON_Start_EpochBlock_28	8	static
/home/adamg/STApps/GS_Audio_N6/STM32N6-Audio-Low-Latency2/STM32N6_Audio_Model_Zoo_Deployable/Projects/X-CUBE-AI/models/network.c:5006:13:LL_ATON_Start_EpochBlock_25	8	static
/home/adamg/STApps/GS_Audio_N6/STM32N6-Audio-Low-Latency2/STM32N6_Audio_Model_Zoo_Deployable/Projects/X-CUBE-AI/models/network.c:4730:13:LL_ATON_Start_EpochBlock_24	8	static
/home/adamg/STApps/GS_Audio_N6/STM32N6-Audio-Low-Latency2/STM32N6_Audio_Model_Zoo_Deployable/Projects/X-CUBE-AI/models/network.c:4310:13:LL_ATON_Start_EpochBlock_21	8	static
/home/adamg/STApps/GS_Audio_N6/STM32N6-Audio-Low-Latency2/STM32N6_Audio_Model_Zoo_Deployable/Projects/X-CUBE-AI/models/network.c:3022:13:LL_ATON_Start_EpochBlock_16	8	static
/home/adamg/STApps/GS_Audio_N6/STM32N6-Audio-Low-Latency2/STM32N6_Audio_Model_Zoo_Deployable/Projects/X-CUBE-AI/models/network.c:2746:13:LL_ATON_Start_EpochBlock_15	8	static
/home/adamg/STApps/GS_Audio_N6/STM32N6-Audio-Low-Latency2/STM32N6_Audio_Model_Zoo_Deployable/Projects/X-CUBE-AI/models/network.c:2327:13:LL_ATON_Start_EpochBlock_12	8	static
/home/adamg/STApps/GS_Audio_N6/STM32N6-Audio-Low-Latency2/STM32N6_Audio_Model_Zoo_Deployable/Projects/X-CUBE-AI/models/network.c:1039:13:LL_ATON_Start_EpochBlock_7	8	static
/home/adamg/STApps/GS_Audio_N6/STM32N6-Audio-Low-Latency2/STM32N6_Audio_Model_Zoo_Deployable/Projects/X-CUBE-AI/models/network.c:918:13:LL_ATON_Start_EpochBlock_6	8	static
/home/adamg/STApps/GS_Audio_N6/STM32N6-Audio-Low-Latency2/STM32N6_Audio_Model_Zoo_Deployable/Projects/X-CUBE-AI/models/network.c:551:13:LL_ATON_Start_EpochBlock_5	8	static
/home/adamg/STApps/GS_Audio_N6/STM32N6-Audio-Low-Latency2/STM32N6_Audio_Model_Zoo_Deployable/Projects/X-CUBE-AI/models/network.c:381:13:LL_ATON_Start_EpochBlock_4	8	static
/home/adamg/STApps/GS_Audio_N6/STM32N6-Audio-Low-Latency2/STM32N6_Audio_Model_Zoo_Deployable/Projects/X-CUBE-AI/models/network.c:10644:13:LL_ATON_Start_EpochBlock_49	8	static
/home/adamg/STApps/GS_Audio_N6/STM32N6-Audio-Low-Latency2/STM32N6_Audio_Model_Zoo_Deployable/Projects/X-CUBE-AI/models/network.c:10069:13:LL_ATON_Start_EpochBlock_46	8	static
/home/adamg/STApps/GS_Audio_N6/STM32N6-Audio-Low-Latency2/STM32N6_Audio_Model_Zoo_Deployable/Projects/X-CUBE-AI/models/network.c:9673:13:LL_ATON_Start_EpochBlock_43	8	static
/home/adamg/STApps/GS_Audio_N6/STM32N6-Audio-Low-Latency2/STM32N6_Audio_Model_Zoo_Deployable/Projects/X-CUBE-AI/models/network.c:9419:13:LL_ATON_Start_EpochBlock_41	8	static
/home/adamg/STApps/GS_Audio_N6/STM32N6-Audio-Low-Latency2/STM32N6_Audio_Model_Zoo_Deployable/Projects/X-CUBE-AI/models/network.c:8086:13:LL_ATON_Start_EpochBlock_37	8	static
/home/adamg/STApps/GS_Audio_N6/STM32N6-Audio-Low-Latency2/STM32N6_Audio_Model_Zoo_Deployable/Projects/X-CUBE-AI/models/network.c:7690:13:LL_ATON_Start_EpochBlock_34	8	static
/home/adamg/STApps/GS_Audio_N6/STM32N6-Audio-Low-Latency2/STM32N6_Audio_Model_Zoo_Deployable/Projects/X-CUBE-AI/models/network.c:7436:13:LL_ATON_Start_EpochBlock_32	8	static
/home/adamg/STApps/GS_Audio_N6/STM32N6-Audio-Low-Latency2/STM32N6_Audio_Model_Zoo_Deployable/Projects/X-CUBE-AI/models/network.c:5765:13:LL_ATON_Start_EpochBlock_26	8	static
/home/adamg/STApps/GS_Audio_N6/STM32N6-Audio-Low-Latency2/STM32N6_Audio_Model_Zoo_Deployable/Projects/X-CUBE-AI/models/network.c:4431:13:LL_ATON_Start_EpochBlock_22	8	static
/home/adamg/STApps/GS_Audio_N6/STM32N6-Audio-Low-Latency2/STM32N6_Audio_Model_Zoo_Deployable/Projects/X-CUBE-AI/models/network.c:4035:13:LL_ATON_Start_EpochBlock_19	8	static
/home/adamg/STApps/GS_Audio_N6/STM32N6-Audio-Low-Latency2/STM32N6_Audio_Model_Zoo_Deployable/Projects/X-CUBE-AI/models/network.c:3781:13:LL_ATON_Start_EpochBlock_17	8	static
/home/adamg/STApps/GS_Audio_N6/STM32N6-Audio-Low-Latency2/STM32N6_Audio_Model_Zoo_Deployable/Projects/X-CUBE-AI/models/network.c:2448:13:LL_ATON_Start_EpochBlock_13	8	static
/home/adamg/STApps/GS_Audio_N6/STM32N6-Audio-Low-Latency2/STM32N6_Audio_Model_Zoo_Deployable/Projects/X-CUBE-AI/models/network.c:2052:13:LL_ATON_Start_EpochBlock_10	8	static
/home/adamg/STApps/GS_Audio_N6/STM32N6-Audio-Low-Latency2/STM32N6_Audio_Model_Zoo_Deployable/Projects/X-CUBE-AI/models/network.c:1798:13:LL_ATON_Start_EpochBlock_8	8	static
/home/adamg/STApps/GS_Audio_N6/STM32N6-Audio-Low-Latency2/STM32N6_Audio_Model_Zoo_Deployable/Projects/X-CUBE-AI/models/network.c:115:13:LL_ATON_Start_EpochBlock_2	8	static
/home/adamg/STApps/GS_Audio_N6/STM32N6-Audio-Low-Latency2/STM32N6_Audio_Model_Zoo_Deployable/Projects/X-CUBE-AI/models/network.c:10282:13:LL_ATON_End_EpochBlock_47	32	static
/home/adamg/STApps/GS_Audio_N6/STM32N6-Audio-Low-Latency2/STM32N6_Audio_Model_Zoo_Deployable/Projects/X-CUBE-AI/models/network.c:8298:13:LL_ATON_End_EpochBlock_38	32	static
/home/adamg/STApps/GS_Audio_N6/STM32N6-Audio-Low-Latency2/STM32N6_Audio_Model_Zoo_Deployable/Projects/X-CUBE-AI/models/network.c:4644:13:LL_ATON_End_EpochBlock_23	32	static
/home/adamg/STApps/GS_Audio_N6/STM32N6-Audio-Low-Latency2/STM32N6_Audio_Model_Zoo_Deployable/Projects/X-CUBE-AI/models/network.c:2660:13:LL_ATON_End_EpochBlock_14	32	static
/home/adamg/STApps/GS_Audio_N6/STM32N6-Audio-Low-Latency2/STM32N6_Audio_Model_Zoo_Deployable/Projects/X-CUBE-AI/models/network.c:9851:13:LL_ATON_End_EpochBlock_44	32	static
/home/adamg/STApps/GS_Audio_N6/STM32N6-Audio-Low-Latency2/STM32N6_Audio_Model_Zoo_Deployable/Projects/X-CUBE-AI/models/network.c:7868:13:LL_ATON_End_EpochBlock_35	32	static
/home/adamg/STApps/GS_Audio_N6/STM32N6-Audio-Low-Latency2/STM32N6_Audio_Model_Zoo_Deployable/Projects/X-CUBE-AI/models/network.c:4213:13:LL_ATON_End_EpochBlock_20	32	static
/home/adamg/STApps/GS_Audio_N6/STM32N6-Audio-Low-Latency2/STM32N6_Audio_Model_Zoo_Deployable/Projects/X-CUBE-AI/models/network.c:2230:13:LL_ATON_End_EpochBlock_11	32	static
/home/adamg/STApps/GS_Audio_N6/STM32N6-Audio-Low-Latency2/STM32N6_Audio_Model_Zoo_Deployable/Projects/X-CUBE-AI/models/network.c:9546:13:LL_ATON_End_EpochBlock_42	560	static
/home/adamg/STApps/GS_Audio_N6/STM32N6-Audio-Low-Latency2/STM32N6_Audio_Model_Zoo_Deployable/Projects/X-CUBE-AI/models/network.c:7563:13:LL_ATON_End_EpochBlock_33	552	static
/home/adamg/STApps/GS_Audio_N6/STM32N6-Audio-Low-Latency2/STM32N6_Audio_Model_Zoo_Deployable/Projects/X-CUBE-AI/models/network.c:5892:13:LL_ATON_End_EpochBlock_27	552	static
/home/adamg/STApps/GS_Audio_N6/STM32N6-Audio-Low-Latency2/STM32N6_Audio_Model_Zoo_Deployable/Projects/X-CUBE-AI/models/network.c:3908:13:LL_ATON_End_EpochBlock_18	560	static
/home/adamg/STApps/GS_Audio_N6/STM32N6-Audio-Low-Latency2/STM32N6_Audio_Model_Zoo_Deployable/Projects/X-CUBE-AI/models/network.c:1925:13:LL_ATON_End_EpochBlock_9	552	static
/home/adamg/STApps/GS_Audio_N6/STM32N6-Audio-Low-Latency2/STM32N6_Audio_Model_Zoo_Deployable/Projects/X-CUBE-AI/models/network.c:242:13:LL_ATON_End_EpochBlock_3	560	static
/home/adamg/STApps/GS_Audio_N6/STM32N6-Audio-Low-Latency2/STM32N6_Audio_Model_Zoo_Deployable/Projects/X-CUBE-AI/models/network.c:70:26:LL_ATON_Set_User_Input_Buffer_Default	0	static
/home/adamg/STApps/GS_Audio_N6/STM32N6-Audio-Low-Latency2/STM32N6_Audio_Model_Zoo_Deployable/Projects/X-CUBE-AI/models/network.c:77:7:LL_ATON_Get_User_Input_Buffer_Default	0	static
/home/adamg/STApps/GS_Audio_N6/STM32N6-Audio-Low-Latency2/STM32N6_Audio_Model_Zoo_Deployable/Projects/X-CUBE-AI/models/network.c:84:26:LL_ATON_Set_User_Output_Buffer_Default	0	static
/home/adamg/STApps/GS_Audio_N6/STM32N6-Audio-Low-Latency2/STM32N6_Audio_Model_Zoo_Deployable/Projects/X-CUBE-AI/models/network.c:91:7:LL_ATON_Get_User_Output_Buffer_Default	0	static
/home/adamg/STApps/GS_Audio_N6/STM32N6-Audio-Low-Latency2/STM32N6_Audio_Model_Zoo_Deployable/Projects/X-CUBE-AI/models/network.c:98:6:LL_ATON_EC_Network_Init_Default	0	static
/home/adamg/STApps/GS_Audio_N6/STM32N6-Audio-Low-Latency2/STM32N6_Audio_Model_Zoo_Deployable/Projects/X-CUBE-AI/models/network.c:103:6:LL_ATON_EC_Inference_Init_Default	0	static
/home/adamg/STApps/GS_Audio_N6/STM32N6-Audio-Low-Latency2/STM32N6_Audio_Model_Zoo_Deployable/Projects/X-CUBE-AI/models/network.c:11516:31:LL_ATON_EpochBlockItems_Default	0	static
/home/adamg/STApps/GS_Audio_N6/STM32N6-Audio-Low-Latency2/STM32N6_Audio_Model_Zoo_Deployable/Projects/X-CUBE-AI/models/network.c:12228:30:LL_ATON_Input_Buffers_Info_Default	0	static
/home/adamg/STApps/GS_Audio_N6/STM32N6-Audio-Low-Latency2/STM32N6_Audio_Model_Zoo_Deployable/Projects/X-CUBE-AI/models/network.c:14526:30:LL_ATON_Output_Buffers_Info_Default	0	static
/home/adamg/STApps/GS_Audio_N6/STM32N6-Audio-Low-Latency2/STM32N6_Audio_Model_Zoo_Deployable/Projects/X-CUBE-AI/models/network.c:14560:30:LL_ATON_Internal_Buffers_Info_Default	0	static
