../../../../Middlewares/ST/AI/Npu/ll_aton/ll_aton_NN_interface.h:479:32:LL_Buffer_addr_base	24	static
../../../../Middlewares/ST/AI/Npu/ll_aton/ll_aton_NN_interface.h:489:32:LL_Buffer_addr_start	16	static
../../../../Middlewares/ST/AI/Npu/ll_aton/ll_aton_NN_interface.h:494:32:LL_Buffer_addr_end	16	static
../../../../Middlewares/ST/AI/Npu/ll_aton/ll_aton_NN_interface.h:504:26:LL_Buffer_len	16	static
../../../../Drivers/CMSIS/Core/Include/pmu_armv8.h:224:22:ARM_PMU_CYCCNT_Reset	4	static
../../../../Drivers/CMSIS/Core/Include/pmu_armv8.h:265:26:ARM_PMU_Get_CCNTR	4	static
/home/adamg/STApps/GS_Audio_N6/STM32N6-GettingStarted-Audio-main/Projects/X-CUBE-AI/atonn/ai_wrapper_ATON.c:49:10:get_ll_buffer_size	16	static
/home/adamg/STApps/GS_Audio_N6/STM32N6-GettingStarted-Audio-main/Projects/X-CUBE-AI/atonn/ai_wrapper_ATON.c:54:10:get_ll_element_size	16	static
/home/adamg/STApps/GS_Audio_N6/STM32N6-GettingStarted-Audio-main/Projects/X-CUBE-AI/atonn/ai_wrapper_ATON.c:62:35:_get_nn_instance	16	static
/home/adamg/STApps/GS_Audio_N6/STM32N6-GettingStarted-Audio-main/Projects/X-CUBE-AI/atonn/ai_wrapper_ATON.c:72:17:_get_nn_params_size	24	static
/home/adamg/STApps/GS_Audio_N6/STM32N6-GettingStarted-Audio-main/Projects/X-CUBE-AI/atonn/ai_wrapper_ATON.c:90:17:_get_used_size_from_region	48	static
/home/adamg/STApps/GS_Audio_N6/STM32N6-GettingStarted-Audio-main/Projects/X-CUBE-AI/atonn/ai_wrapper_ATON.c:129:17:_get_nn_activations_size	48	static
/home/adamg/STApps/GS_Audio_N6/STM32N6-GettingStarted-Audio-main/Projects/X-CUBE-AI/atonn/ai_wrapper_ATON.c:168:17:_get_nn_epochs_num	24	static
/home/adamg/STApps/GS_Audio_N6/STM32N6-GettingStarted-Audio-main/Projects/X-CUBE-AI/atonn/ai_wrapper_ATON.c:184:13:_populate_nn_info	24	static
/home/adamg/STApps/GS_Audio_N6/STM32N6-GettingStarted-Audio-main/Projects/X-CUBE-AI/atonn/ai_wrapper_ATON.c:247:6:_dbg_stall_get	40	static
/home/adamg/STApps/GS_Audio_N6/STM32N6-GettingStarted-Audio-main/Projects/X-CUBE-AI/atonn/ai_wrapper_ATON.c:259:13:_npu_counters_PRE_START	32	static
/home/adamg/STApps/GS_Audio_N6/STM32N6-GettingStarted-Audio-main/Projects/X-CUBE-AI/atonn/ai_wrapper_ATON.c:307:13:_npu_counters_PRE_END	24	static
/home/adamg/STApps/GS_Audio_N6/STM32N6-GettingStarted-Audio-main/Projects/X-CUBE-AI/atonn/ai_wrapper_ATON.c:346:6:_rt_callback	16	static
/home/adamg/STApps/GS_Audio_N6/STM32N6-GettingStarted-Audio-main/Projects/X-CUBE-AI/atonn/ai_wrapper_ATON.c:361:13:_epoch_callback	112	static
/home/adamg/STApps/GS_Audio_N6/STM32N6-GettingStarted-Audio-main/Projects/X-CUBE-AI/atonn/ai_wrapper_ATON.c:418:13:_npu_internal_reset	16	static
/home/adamg/STApps/GS_Audio_N6/STM32N6-GettingStarted-Audio-main/Projects/X-CUBE-AI/atonn/ai_wrapper_ATON.c:429:13:_prepare_input_buffers	40	static
/home/adamg/STApps/GS_Audio_N6/STM32N6-GettingStarted-Audio-main/Projects/X-CUBE-AI/atonn/ai_wrapper_ATON.c:445:13:_prepare_output_buffers	16	static
/home/adamg/STApps/GS_Audio_N6/STM32N6-GettingStarted-Audio-main/Projects/X-CUBE-AI/atonn/ai_wrapper_ATON.c:450:13:_force_clean_cache_subsystem	16	static
/home/adamg/STApps/GS_Audio_N6/STM32N6-GettingStarted-Audio-main/Projects/X-CUBE-AI/atonn/ai_wrapper_ATON.c:474:5:npu_get_instance_by_index	24	static
/home/adamg/STApps/GS_Audio_N6/STM32N6-GettingStarted-Audio-main/Projects/X-CUBE-AI/atonn/ai_wrapper_ATON.c:495:5:npu_set_callback	16	static
/home/adamg/STApps/GS_Audio_N6/STM32N6-GettingStarted-Audio-main/Projects/X-CUBE-AI/atonn/ai_wrapper_ATON.c:513:5:npu_init	16	static
/home/adamg/STApps/GS_Audio_N6/STM32N6-GettingStarted-Audio-main/Projects/X-CUBE-AI/atonn/ai_wrapper_ATON.c:542:5:npu_run	96	static,ignoring_inline_asm
