/home/adamg/STApps/GS_Audio_N6/STM32N6-Audio-Low-Latency2/STM32N6_Audio_Model_Zoo_Deployable/Projects/GS/Drivers/STM32N6xx_HAL_Driver/Src/stm32n6xx_hal_sai.c:2247:26:SAI_InitI2S	4	static
/home/adamg/STApps/GS_Audio_N6/STM32N6-Audio-Low-Latency2/STM32N6_Audio_Model_Zoo_Deployable/Projects/GS/Drivers/STM32N6xx_HAL_Driver/Src/stm32n6xx_hal_sai.c:2342:26:SAI_InitPCM	8	static
/home/adamg/STApps/GS_Audio_N6/STM32N6-Audio-Low-Latency2/STM32N6_Audio_Model_Zoo_Deployable/Projects/GS/Drivers/STM32N6xx_HAL_Driver/Src/stm32n6xx_hal_sai.c:2412:13:SAI_FillFifo	4	static
/home/adamg/STApps/GS_Audio_N6/STM32N6-Audio-Low-Latency2/STM32N6_Audio_Model_Zoo_Deployable/Projects/GS/Drivers/STM32N6xx_HAL_Driver/Src/stm32n6xx_hal_sai.c:2455:17:SAI_InterruptFlag	0	static
/home/adamg/STApps/GS_Audio_N6/STM32N6-Audio-Low-Latency2/STM32N6_Audio_Model_Zoo_Deployable/Projects/GS/Drivers/STM32N6xx_HAL_Driver/Src/stm32n6xx_hal_sai.c:2488:26:SAI_Disable	0	static
/home/adamg/STApps/GS_Audio_N6/STM32N6-Audio-Low-Latency2/STM32N6_Audio_Model_Zoo_Deployable/Projects/GS/Drivers/STM32N6xx_HAL_Driver/Src/stm32n6xx_hal_sai.c:729:13:HAL_SAI_MspInit	0	static
/home/adamg/STApps/GS_Audio_N6/STM32N6-Audio-Low-Latency2/STM32N6_Audio_Model_Zoo_Deployable/Projects/GS/Drivers/STM32N6xx_HAL_Driver/Src/stm32n6xx_hal_sai.c:370:19:HAL_SAI_Init	16	static
/home/adamg/STApps/GS_Audio_N6/STM32N6-Audio-Low-Latency2/STM32N6_Audio_Model_Zoo_Deployable/Projects/GS/Drivers/STM32N6xx_HAL_Driver/Src/stm32n6xx_hal_sai.c:331:19:HAL_SAI_InitProtocol	8	static
/home/adamg/STApps/GS_Audio_N6/STM32N6-Audio-Low-Latency2/STM32N6_Audio_Model_Zoo_Deployable/Projects/GS/Drivers/STM32N6xx_HAL_Driver/Src/stm32n6xx_hal_sai.c:745:13:HAL_SAI_MspDeInit	0	static
/home/adamg/STApps/GS_Audio_N6/STM32N6-Audio-Low-Latency2/STM32N6_Audio_Model_Zoo_Deployable/Projects/GS/Drivers/STM32N6xx_HAL_Driver/Src/stm32n6xx_hal_sai.c:661:19:HAL_SAI_DeInit	16	static
/home/adamg/STApps/GS_Audio_N6/STM32N6-Audio-Low-Latency2/STM32N6_Audio_Model_Zoo_Deployable/Projects/GS/Drivers/STM32N6xx_HAL_Driver/Src/stm32n6xx_hal_sai.c:986:19:HAL_SAI_Transmit	32	static
/home/adamg/STApps/GS_Audio_N6/STM32N6-Audio-Low-Latency2/STM32N6_Audio_Model_Zoo_Deployable/Projects/GS/Drivers/STM32N6xx_HAL_Driver/Src/stm32n6xx_hal_sai.c:1099:19:HAL_SAI_Receive	32	static
/home/adamg/STApps/GS_Audio_N6/STM32N6-Audio-Low-Latency2/STM32N6_Audio_Model_Zoo_Deployable/Projects/GS/Drivers/STM32N6xx_HAL_Driver/Src/stm32n6xx_hal_sai.c:1209:19:HAL_SAI_Transmit_IT	8	static
/home/adamg/STApps/GS_Audio_N6/STM32N6-Audio-Low-Latency2/STM32N6_Audio_Model_Zoo_Deployable/Projects/GS/Drivers/STM32N6xx_HAL_Driver/Src/stm32n6xx_hal_sai.c:1271:19:HAL_SAI_Receive_IT	8	static
/home/adamg/STApps/GS_Audio_N6/STM32N6-Audio-Low-Latency2/STM32N6_Audio_Model_Zoo_Deployable/Projects/GS/Drivers/STM32N6xx_HAL_Driver/Src/stm32n6xx_hal_sai.c:1329:19:HAL_SAI_DMAPause	0	static
/home/adamg/STApps/GS_Audio_N6/STM32N6-Audio-Low-Latency2/STM32N6_Audio_Model_Zoo_Deployable/Projects/GS/Drivers/STM32N6xx_HAL_Driver/Src/stm32n6xx_hal_sai.c:1349:19:HAL_SAI_DMAResume	0	static
/home/adamg/STApps/GS_Audio_N6/STM32N6-Audio-Low-Latency2/STM32N6_Audio_Model_Zoo_Deployable/Projects/GS/Drivers/STM32N6xx_HAL_Driver/Src/stm32n6xx_hal_sai.c:1376:19:HAL_SAI_DMAStop	16	static
/home/adamg/STApps/GS_Audio_N6/STM32N6-Audio-Low-Latency2/STM32N6_Audio_Model_Zoo_Deployable/Projects/GS/Drivers/STM32N6xx_HAL_Driver/Src/stm32n6xx_hal_sai.c:1438:19:HAL_SAI_Abort	16	static
/home/adamg/STApps/GS_Audio_N6/STM32N6-Audio-Low-Latency2/STM32N6_Audio_Model_Zoo_Deployable/Projects/GS/Drivers/STM32N6xx_HAL_Driver/Src/stm32n6xx_hal_sai.c:1510:19:HAL_SAI_Transmit_DMA	24	static
/home/adamg/STApps/GS_Audio_N6/STM32N6-Audio-Low-Latency2/STM32N6_Audio_Model_Zoo_Deployable/Projects/GS/Drivers/STM32N6xx_HAL_Driver/Src/stm32n6xx_hal_sai.c:1641:19:HAL_SAI_Receive_DMA	16	static
/home/adamg/STApps/GS_Audio_N6/STM32N6-Audio-Low-Latency2/STM32N6_Audio_Model_Zoo_Deployable/Projects/GS/Drivers/STM32N6xx_HAL_Driver/Src/stm32n6xx_hal_sai.c:1754:19:HAL_SAI_EnableTxMuteMode	0	static
/home/adamg/STApps/GS_Audio_N6/STM32N6-Audio-Low-Latency2/STM32N6_Audio_Model_Zoo_Deployable/Projects/GS/Drivers/STM32N6xx_HAL_Driver/Src/stm32n6xx_hal_sai.c:1773:19:HAL_SAI_DisableTxMuteMode	0	static
/home/adamg/STApps/GS_Audio_N6/STM32N6-Audio-Low-Latency2/STM32N6_Audio_Model_Zoo_Deployable/Projects/GS/Drivers/STM32N6xx_HAL_Driver/Src/stm32n6xx_hal_sai.c:1791:19:HAL_SAI_EnableRxMuteMode	4	static
/home/adamg/STApps/GS_Audio_N6/STM32N6-Audio-Low-Latency2/STM32N6_Audio_Model_Zoo_Deployable/Projects/GS/Drivers/STM32N6xx_HAL_Driver/Src/stm32n6xx_hal_sai.c:1814:19:HAL_SAI_DisableRxMuteMode	0	static
/home/adamg/STApps/GS_Audio_N6/STM32N6-Audio-Low-Latency2/STM32N6_Audio_Model_Zoo_Deployable/Projects/GS/Drivers/STM32N6xx_HAL_Driver/Src/stm32n6xx_hal_sai.c:2108:13:HAL_SAI_TxCpltCallback	0	static
/home/adamg/STApps/GS_Audio_N6/STM32N6-Audio-Low-Latency2/STM32N6_Audio_Model_Zoo_Deployable/Projects/GS/Drivers/STM32N6xx_HAL_Driver/Src/stm32n6xx_hal_sai.c:2580:13:SAI_Transmit_IT32Bit	8	static
/home/adamg/STApps/GS_Audio_N6/STM32N6-Audio-Low-Latency2/STM32N6_Audio_Model_Zoo_Deployable/Projects/GS/Drivers/STM32N6xx_HAL_Driver/Src/stm32n6xx_hal_sai.c:2547:13:SAI_Transmit_IT16Bit	8	static
/home/adamg/STApps/GS_Audio_N6/STM32N6-Audio-Low-Latency2/STM32N6_Audio_Model_Zoo_Deployable/Projects/GS/Drivers/STM32N6xx_HAL_Driver/Src/stm32n6xx_hal_sai.c:2518:13:SAI_Transmit_IT8Bit	8	static
/home/adamg/STApps/GS_Audio_N6/STM32N6-Audio-Low-Latency2/STM32N6_Audio_Model_Zoo_Deployable/Projects/GS/Drivers/STM32N6xx_HAL_Driver/Src/stm32n6xx_hal_sai.c:2724:13:SAI_DMATxCplt	8	static
/home/adamg/STApps/GS_Audio_N6/STM32N6-Audio-Low-Latency2/STM32N6_Audio_Model_Zoo_Deployable/Projects/GS/Drivers/STM32N6xx_HAL_Driver/Src/stm32n6xx_hal_sai.c:2124:13:HAL_SAI_TxHalfCpltCallback	0	static
/home/adamg/STApps/GS_Audio_N6/STM32N6-Audio-Low-Latency2/STM32N6_Audio_Model_Zoo_Deployable/Projects/GS/Drivers/STM32N6xx_HAL_Driver/Src/stm32n6xx_hal_sai.c:2755:13:SAI_DMATxHalfCplt	8	static
/home/adamg/STApps/GS_Audio_N6/STM32N6-Audio-Low-Latency2/STM32N6_Audio_Model_Zoo_Deployable/Projects/GS/Drivers/STM32N6xx_HAL_Driver/Src/stm32n6xx_hal_sai.c:2140:13:HAL_SAI_RxCpltCallback	0	static
/home/adamg/STApps/GS_Audio_N6/STM32N6-Audio-Low-Latency2/STM32N6_Audio_Model_Zoo_Deployable/Projects/GS/Drivers/STM32N6xx_HAL_Driver/Src/stm32n6xx_hal_sai.c:2684:13:SAI_Receive_IT32Bit	8	static
/home/adamg/STApps/GS_Audio_N6/STM32N6-Audio-Low-Latency2/STM32N6_Audio_Model_Zoo_Deployable/Projects/GS/Drivers/STM32N6xx_HAL_Driver/Src/stm32n6xx_hal_sai.c:2648:13:SAI_Receive_IT16Bit	8	static
/home/adamg/STApps/GS_Audio_N6/STM32N6-Audio-Low-Latency2/STM32N6_Audio_Model_Zoo_Deployable/Projects/GS/Drivers/STM32N6xx_HAL_Driver/Src/stm32n6xx_hal_sai.c:2617:13:SAI_Receive_IT8Bit	8	static
/home/adamg/STApps/GS_Audio_N6/STM32N6-Audio-Low-Latency2/STM32N6_Audio_Model_Zoo_Deployable/Projects/GS/Drivers/STM32N6xx_HAL_Driver/Src/stm32n6xx_hal_sai.c:2772:13:SAI_DMARxCplt	8	static
/home/adamg/STApps/GS_Audio_N6/STM32N6-Audio-Low-Latency2/STM32N6_Audio_Model_Zoo_Deployable/Projects/GS/Drivers/STM32N6xx_HAL_Driver/Src/stm32n6xx_hal_sai.c:2156:13:HAL_SAI_RxHalfCpltCallback	0	static
/home/adamg/STApps/GS_Audio_N6/STM32N6-Audio-Low-Latency2/STM32N6_Audio_Model_Zoo_Deployable/Projects/GS/Drivers/STM32N6xx_HAL_Driver/Src/stm32n6xx_hal_sai.c:2802:13:SAI_DMARxHalfCplt	8	static
/home/adamg/STApps/GS_Audio_N6/STM32N6-Audio-Low-Latency2/STM32N6_Audio_Model_Zoo_Deployable/Projects/GS/Drivers/STM32N6xx_HAL_Driver/Src/stm32n6xx_hal_sai.c:2172:13:HAL_SAI_ErrorCallback	0	static
/home/adamg/STApps/GS_Audio_N6/STM32N6-Audio-Low-Latency2/STM32N6_Audio_Model_Zoo_Deployable/Projects/GS/Drivers/STM32N6xx_HAL_Driver/Src/stm32n6xx_hal_sai.c:2819:13:SAI_DMAError	8	static
/home/adamg/STApps/GS_Audio_N6/STM32N6-Audio-Low-Latency2/STM32N6_Audio_Model_Zoo_Deployable/Projects/GS/Drivers/STM32N6xx_HAL_Driver/Src/stm32n6xx_hal_sai.c:1833:6:HAL_SAI_IRQHandler	8	static
/home/adamg/STApps/GS_Audio_N6/STM32N6-Audio-Low-Latency2/STM32N6_Audio_Model_Zoo_Deployable/Projects/GS/Drivers/STM32N6xx_HAL_Driver/Src/stm32n6xx_hal_sai.c:2853:13:SAI_DMAAbort	8	static
/home/adamg/STApps/GS_Audio_N6/STM32N6-Audio-Low-Latency2/STM32N6_Audio_Model_Zoo_Deployable/Projects/GS/Drivers/STM32N6xx_HAL_Driver/Src/stm32n6xx_hal_sai.c:2207:22:HAL_SAI_GetState	0	static
/home/adamg/STApps/GS_Audio_N6/STM32N6-Audio-Low-Latency2/STM32N6_Audio_Model_Zoo_Deployable/Projects/GS/Drivers/STM32N6xx_HAL_Driver/Src/stm32n6xx_hal_sai.c:2218:10:HAL_SAI_GetError	0	static
