../../../../Drivers/STM32N6xx_HAL_Driver/Inc/stm32n6xx_ll_bus.h:561:22:LL_BUS_EnableClockLowPower	24	static
../../../../Drivers/STM32N6xx_HAL_Driver/Inc/stm32n6xx_ll_bus.h:679:22:LL_MEM_EnableClock	24	static
../../../../Drivers/STM32N6xx_HAL_Driver/Inc/stm32n6xx_ll_bus.h:785:22:LL_MEM_EnableClockLowPower	24	static
../../../../Drivers/STM32N6xx_HAL_Driver/Inc/stm32n6xx_ll_bus.h:953:22:LL_AHB1_GRP1_EnableClockLowPower	24	static
../../../../Drivers/STM32N6xx_HAL_Driver/Inc/stm32n6xx_ll_bus.h:1093:22:LL_AHB2_GRP1_EnableClockLowPower	24	static
../../../../Drivers/STM32N6xx_HAL_Driver/Inc/stm32n6xx_ll_bus.h:1165:22:LL_AHB3_GRP1_EnableClock	24	static
../../../../Drivers/STM32N6xx_HAL_Driver/Inc/stm32n6xx_ll_bus.h:1249:22:LL_AHB3_GRP1_ForceReset	16	static
../../../../Drivers/STM32N6xx_HAL_Driver/Inc/stm32n6xx_ll_bus.h:1273:22:LL_AHB3_GRP1_ReleaseReset	16	static
../../../../Drivers/STM32N6xx_HAL_Driver/Inc/stm32n6xx_ll_bus.h:1301:22:LL_AHB3_GRP1_EnableClockLowPower	24	static
../../../../Drivers/STM32N6xx_HAL_Driver/Inc/stm32n6xx_ll_bus.h:1407:22:LL_AHB4_GRP1_EnableClock	24	static
../../../../Drivers/STM32N6xx_HAL_Driver/Inc/stm32n6xx_ll_bus.h:1601:22:LL_AHB4_GRP1_EnableClockLowPower	24	static
../../../../Drivers/STM32N6xx_HAL_Driver/Inc/stm32n6xx_ll_bus.h:2065:22:LL_AHB5_GRP1_EnableClockLowPower	24	static
../../../../Drivers/STM32N6xx_HAL_Driver/Inc/stm32n6xx_ll_bus.h:2591:22:LL_APB1_GRP1_EnableClockLowPower	24	static
../../../../Drivers/STM32N6xx_HAL_Driver/Inc/stm32n6xx_ll_bus.h:2823:22:LL_APB1_GRP2_EnableClockLowPower	24	static
../../../../Drivers/STM32N6xx_HAL_Driver/Inc/stm32n6xx_ll_bus.h:3123:22:LL_APB2_GRP1_EnableClockLowPower	24	static
../../../../Drivers/STM32N6xx_HAL_Driver/Inc/stm32n6xx_ll_bus.h:3411:22:LL_APB4_GRP1_EnableClockLowPower	24	static
../../../../Drivers/STM32N6xx_HAL_Driver/Inc/stm32n6xx_ll_bus.h:3495:22:LL_APB4_GRP2_EnableClock	24	static
../../../../Drivers/STM32N6xx_HAL_Driver/Inc/stm32n6xx_ll_bus.h:3575:22:LL_APB4_GRP2_EnableClockLowPower	24	static
../../../../Drivers/STM32N6xx_HAL_Driver/Inc/stm32n6xx_ll_bus.h:3743:22:LL_APB5_GRP1_EnableClockLowPower	24	static
../../../../Drivers/STM32N6xx_HAL_Driver/Inc/stm32n6xx_ll_bus.h:3915:22:LL_MISC_EnableClockLowPower	24	static
../../../../Drivers/STM32N6xx_HAL_Driver/Inc/stm32n6xx_ll_rcc.h:2305:22:LL_RCC_SetCpuClkSource	16	static
../../../../Drivers/STM32N6xx_HAL_Driver/Inc/stm32n6xx_ll_rcc.h:2334:22:LL_RCC_SetSysClkSource	16	static
../../../../Middlewares/ST/AI/Npu/ll_aton/ll_aton_NN_interface.h:479:32:LL_Buffer_addr_base	24	static
../../../../Middlewares/ST/AI/Npu/ll_aton/ll_aton_NN_interface.h:489:32:LL_Buffer_addr_start	16	static
/home/adamg/STApps/GS_Audio_N6/STM32N6-GettingStarted-Audio-main/Projects/GS/Src/audio_bm.c:95:6:printRingBuffStats	16	static
/home/adamg/STApps/GS_Audio_N6/STM32N6-GettingStarted-Audio-main/Projects/GS/Src/audio_bm.c:106:6:init_bm	24	static,ignoring_inline_asm
/home/adamg/STApps/GS_Audio_N6/STM32N6-GettingStarted-Audio-main/Projects/GS/Src/audio_bm.c:150:6:audio_process_test	40	static
/home/adamg/STApps/GS_Audio_N6/STM32N6-GettingStarted-Audio-main/Projects/GS/Src/audio_bm.c:198:6:exec_bm	24	static,ignoring_inline_asm
/home/adamg/STApps/GS_Audio_N6/STM32N6-GettingStarted-Audio-main/Projects/GS/Src/audio_bm.c:266:6:initAudioProc	24	static
/home/adamg/STApps/GS_Audio_N6/STM32N6-GettingStarted-Audio-main/Projects/GS/Src/audio_bm.c:300:6:audio_process	48	static
/home/adamg/STApps/GS_Audio_N6/STM32N6-GettingStarted-Audio-main/Projects/GS/Src/audio_bm.c:384:6:initAudioCapture	16	static
/home/adamg/STApps/GS_Audio_N6/STM32N6-GettingStarted-Audio-main/Projects/GS/Src/audio_bm.c:400:6:startAudioCapture	16	static
/home/adamg/STApps/GS_Audio_N6/STM32N6-GettingStarted-Audio-main/Projects/GS/Src/audio_bm.c:416:6:stopAudioPlayBack	8	static
/home/adamg/STApps/GS_Audio_N6/STM32N6-GettingStarted-Audio-main/Projects/GS/Src/audio_bm.c:427:6:stopAudioCapture	8	static
/home/adamg/STApps/GS_Audio_N6/STM32N6-GettingStarted-Audio-main/Projects/GS/Src/audio_bm.c:521:6:printHeader	8	static
/home/adamg/STApps/GS_Audio_N6/STM32N6-GettingStarted-Audio-main/Projects/GS/Src/audio_bm.c:539:6:printCpuStats	48	static
/home/adamg/STApps/GS_Audio_N6/STM32N6-GettingStarted-Audio-main/Projects/GS/Src/audio_bm.c:567:6:printInferenceResults	88	static
/home/adamg/STApps/GS_Audio_N6/STM32N6-GettingStarted-Audio-main/Projects/GS/Src/audio_bm.c:611:6:displaySystemSetting	8	static
/home/adamg/STApps/GS_Audio_N6/STM32N6-GettingStarted-Audio-main/Projects/GS/Src/audio_bm.c:632:6:toggle_audio_proc	8	static
/home/adamg/STApps/GS_Audio_N6/STM32N6-GettingStarted-Audio-main/Projects/GS/Src/audio_bm.c:645:6:AudioCapture_half_buf_cb	32	static
/home/adamg/STApps/GS_Audio_N6/STM32N6-GettingStarted-Audio-main/Projects/GS/Src/audio_bm.c:657:6:BSP_AUDIO_IN_TransferComplete_CallBack	16	static
/home/adamg/STApps/GS_Audio_N6/STM32N6-GettingStarted-Audio-main/Projects/GS/Src/audio_bm.c:670:6:BSP_AUDIO_IN_HalfTransfer_CallBack	16	static
/home/adamg/STApps/GS_Audio_N6/STM32N6-GettingStarted-Audio-main/Projects/GS/Src/audio_bm.c:683:6:BSP_AUDIO_OUT_TransferComplete_CallBack	16	static
/home/adamg/STApps/GS_Audio_N6/STM32N6-GettingStarted-Audio-main/Projects/GS/Src/audio_bm.c:700:6:BSP_AUDIO_OUT_HalfTransfer_CallBack	16	static
/home/adamg/STApps/GS_Audio_N6/STM32N6-GettingStarted-Audio-main/Projects/GS/Src/audio_bm.c:719:6:BSP_AUDIO_IN_Error_CallBack	16	static
/home/adamg/STApps/GS_Audio_N6/STM32N6-GettingStarted-Audio-main/Projects/GS/Src/audio_bm.c:724:6:BSP_PB_Callback	16	static
/home/adamg/STApps/GS_Audio_N6/STM32N6-GettingStarted-Audio-main/Projects/GS/Src/audio_bm.c:750:13:initAudioPlayBack	40	static
/home/adamg/STApps/GS_Audio_N6/STM32N6-GettingStarted-Audio-main/Projects/GS/Src/audio_bm.c:782:13:AudioPlayBack	40	static
/home/adamg/STApps/GS_Audio_N6/STM32N6-GettingStarted-Audio-main/Projects/GS/Src/audio_bm.c:812:14:vumeter	48	static
/home/adamg/STApps/GS_Audio_N6/STM32N6-GettingStarted-Audio-main/Projects/GS/Src/audio_bm.c:851:13:Int_Mem_Config	24	static
/home/adamg/STApps/GS_Audio_N6/STM32N6-GettingStarted-Audio-main/Projects/GS/Src/audio_bm.c:905:13:Record_Init	32	static
/home/adamg/STApps/GS_Audio_N6/STM32N6-GettingStarted-Audio-main/Projects/GS/Src/audio_bm.c:954:13:NPU_SettingsLog	48	static
/home/adamg/STApps/GS_Audio_N6/STM32N6-GettingStarted-Audio-main/Projects/GS/Src/audio_bm.c:968:13:Ext_Mem_Config	16	static,ignoring_inline_asm
/home/adamg/STApps/GS_Audio_N6/STM32N6-GettingStarted-Audio-main/Projects/GS/Src/audio_bm.c:988:13:IAC_Config	8	static
/home/adamg/STApps/GS_Audio_N6/STM32N6-GettingStarted-Audio-main/Projects/GS/Src/audio_bm.c:996:13:MPU_Config	40	static,ignoring_inline_asm
/home/adamg/STApps/GS_Audio_N6/STM32N6-GettingStarted-Audio-main/Projects/GS/Src/audio_bm.c:1025:13:SleepClks_init	8	static
/home/adamg/STApps/GS_Audio_N6/STM32N6-GettingStarted-Audio-main/Projects/GS/Src/audio_bm.c:1052:13:Error_Handler	4	static,ignoring_inline_asm
