/home/adamg/STApps/GS_Audio_N6/STM32N6-GettingStarted-Audio-main/Projects/GS/Src/AudioCapture_ring_buff.c:59:20:atomic_add	40	static,ignoring_inline_asm
/home/adamg/STApps/GS_Audio_N6/STM32N6-GettingStarted-Audio-main/Projects/GS/Src/AudioCapture_ring_buff.c:70:6:AudioCapture_ring_buff_reset	16	static
/home/adamg/STApps/GS_Audio_N6/STM32N6-GettingStarted-Audio-main/Projects/GS/Src/AudioCapture_ring_buff.c:81:6:AudioCapture_ring_buff_alloc	24	static
/home/adamg/STApps/GS_Audio_N6/STM32N6-GettingStarted-Audio-main/Projects/GS/Src/AudioCapture_ring_buff.c:97:6:AudioCapture_ring_buff_free	16	static
/home/adamg/STApps/GS_Audio_N6/STM32N6-GettingStarted-Audio-main/Projects/GS/Src/AudioCapture_ring_buff.c:108:10:AudioCapture_ring_buff_consume_no_cpy	24	static
/home/adamg/STApps/GS_Audio_N6/STM32N6-GettingStarted-Audio-main/Projects/GS/Src/AudioCapture_ring_buff.c:123:10:AudioCapture_ring_buff_consume	56	static,ignoring_inline_asm
/home/adamg/STApps/GS_Audio_N6/STM32N6-GettingStarted-Audio-main/Projects/GS/Src/AudioCapture_ring_buff.c:175:6:AudioCapture_ring_buff_feed	56	static,ignoring_inline_asm
