/home/adamg/STApps/GS_Audio_N6/STM32N6-GettingStarted-Audio-main/Projects/GS/Src/stm32n6xx_it.c:39:6:NMI_Handler	4	static
/home/adamg/STApps/GS_Audio_N6/STM32N6-GettingStarted-Audio-main/Projects/GS/Src/stm32n6xx_it.c:50:6:HardFault_Handler	4	static,ignoring_inline_asm
/home/adamg/STApps/GS_Audio_N6/STM32N6-GettingStarted-Audio-main/Projects/GS/Src/stm32n6xx_it.c:66:6:MemManage_Handler	4	static
/home/adamg/STApps/GS_Audio_N6/STM32N6-GettingStarted-Audio-main/Projects/GS/Src/stm32n6xx_it.c:79:6:BusFault_Handler	4	static
/home/adamg/STApps/GS_Audio_N6/STM32N6-GettingStarted-Audio-main/Projects/GS/Src/stm32n6xx_it.c:93:6:UsageFault_Handler	4	static
/home/adamg/STApps/GS_Audio_N6/STM32N6-GettingStarted-Audio-main/Projects/GS/Src/stm32n6xx_it.c:107:6:SecureFault_Handler	4	static
/home/adamg/STApps/GS_Audio_N6/STM32N6-GettingStarted-Audio-main/Projects/GS/Src/stm32n6xx_it.c:121:6:SVC_Handler	4	static
/home/adamg/STApps/GS_Audio_N6/STM32N6-GettingStarted-Audio-main/Projects/GS/Src/stm32n6xx_it.c:131:6:DebugMon_Handler	4	static
/home/adamg/STApps/GS_Audio_N6/STM32N6-GettingStarted-Audio-main/Projects/GS/Src/stm32n6xx_it.c:144:6:PendSV_Handler	4	static
/home/adamg/STApps/GS_Audio_N6/STM32N6-GettingStarted-Audio-main/Projects/GS/Src/stm32n6xx_it.c:155:6:_SysTick_Handler	8	static
/home/adamg/STApps/GS_Audio_N6/STM32N6-GettingStarted-Audio-main/Projects/GS/Src/stm32n6xx_it.c:178:6:GPDMA1_Channel2_IRQHandler	8	static
/home/adamg/STApps/GS_Audio_N6/STM32N6-GettingStarted-Audio-main/Projects/GS/Src/stm32n6xx_it.c:183:6:GPDMA1_Channel0_IRQHandler	8	static
/home/adamg/STApps/GS_Audio_N6/STM32N6-GettingStarted-Audio-main/Projects/GS/Src/stm32n6xx_it.c:188:6:EXTI13_IRQHandler	8	static
/home/adamg/STApps/GS_Audio_N6/STM32N6-GettingStarted-Audio-main/Projects/GS/Src/stm32n6xx_it.c:193:6:EXTI0_IRQHandler	8	static
/home/adamg/STApps/GS_Audio_N6/STM32N6-GettingStarted-Audio-main/Projects/GS/Src/stm32n6xx_it.c:202:6:PVD_PVM_IRQHandler	4	static
/home/adamg/STApps/GS_Audio_N6/STM32N6-GettingStarted-Audio-main/Projects/GS/Src/stm32n6xx_it.c:206:6:DTS_IRQHandler	4	static
/home/adamg/STApps/GS_Audio_N6/STM32N6-GettingStarted-Audio-main/Projects/GS/Src/stm32n6xx_it.c:210:6:RCC_IRQHandler	4	static
/home/adamg/STApps/GS_Audio_N6/STM32N6-GettingStarted-Audio-main/Projects/GS/Src/stm32n6xx_it.c:214:6:LOCKUP_IRQHandler	4	static
/home/adamg/STApps/GS_Audio_N6/STM32N6-GettingStarted-Audio-main/Projects/GS/Src/stm32n6xx_it.c:218:6:CACHE_ECC_IRQHandler	4	static
/home/adamg/STApps/GS_Audio_N6/STM32N6-GettingStarted-Audio-main/Projects/GS/Src/stm32n6xx_it.c:222:6:TCM_ECC_IRQHandler	4	static
/home/adamg/STApps/GS_Audio_N6/STM32N6-GettingStarted-Audio-main/Projects/GS/Src/stm32n6xx_it.c:226:6:BKP_ECC_IRQHandler	4	static
/home/adamg/STApps/GS_Audio_N6/STM32N6-GettingStarted-Audio-main/Projects/GS/Src/stm32n6xx_it.c:230:6:FPU_IRQHandler	4	static
/home/adamg/STApps/GS_Audio_N6/STM32N6-GettingStarted-Audio-main/Projects/GS/Src/stm32n6xx_it.c:234:6:RTC_S_IRQHandler	4	static
/home/adamg/STApps/GS_Audio_N6/STM32N6-GettingStarted-Audio-main/Projects/GS/Src/stm32n6xx_it.c:238:6:TAMP_IRQHandler	4	static
/home/adamg/STApps/GS_Audio_N6/STM32N6-GettingStarted-Audio-main/Projects/GS/Src/stm32n6xx_it.c:242:6:RIFSC_TAMPER_IRQHandler	4	static
/home/adamg/STApps/GS_Audio_N6/STM32N6-GettingStarted-Audio-main/Projects/GS/Src/stm32n6xx_it.c:246:6:IAC_IRQHandler	4	static
/home/adamg/STApps/GS_Audio_N6/STM32N6-GettingStarted-Audio-main/Projects/GS/Src/stm32n6xx_it.c:250:6:RCC_S_IRQHandler	4	static
/home/adamg/STApps/GS_Audio_N6/STM32N6-GettingStarted-Audio-main/Projects/GS/Src/stm32n6xx_it.c:254:6:RTC_IRQHandler	4	static
/home/adamg/STApps/GS_Audio_N6/STM32N6-GettingStarted-Audio-main/Projects/GS/Src/stm32n6xx_it.c:258:6:IWDG_IRQHandler	4	static
/home/adamg/STApps/GS_Audio_N6/STM32N6-GettingStarted-Audio-main/Projects/GS/Src/stm32n6xx_it.c:262:6:WWDG_IRQHandler	4	static
/home/adamg/STApps/GS_Audio_N6/STM32N6-GettingStarted-Audio-main/Projects/GS/Src/stm32n6xx_it.c:271:6:EXTI1_IRQHandler	4	static
/home/adamg/STApps/GS_Audio_N6/STM32N6-GettingStarted-Audio-main/Projects/GS/Src/stm32n6xx_it.c:275:6:EXTI2_IRQHandler	4	static
/home/adamg/STApps/GS_Audio_N6/STM32N6-GettingStarted-Audio-main/Projects/GS/Src/stm32n6xx_it.c:279:6:EXTI3_IRQHandler	4	static
/home/adamg/STApps/GS_Audio_N6/STM32N6-GettingStarted-Audio-main/Projects/GS/Src/stm32n6xx_it.c:283:6:EXTI4_IRQHandler	4	static
/home/adamg/STApps/GS_Audio_N6/STM32N6-GettingStarted-Audio-main/Projects/GS/Src/stm32n6xx_it.c:287:6:EXTI5_IRQHandler	4	static
/home/adamg/STApps/GS_Audio_N6/STM32N6-GettingStarted-Audio-main/Projects/GS/Src/stm32n6xx_it.c:291:6:EXTI6_IRQHandler	4	static
/home/adamg/STApps/GS_Audio_N6/STM32N6-GettingStarted-Audio-main/Projects/GS/Src/stm32n6xx_it.c:295:6:EXTI7_IRQHandler	4	static
/home/adamg/STApps/GS_Audio_N6/STM32N6-GettingStarted-Audio-main/Projects/GS/Src/stm32n6xx_it.c:299:6:EXTI8_IRQHandler	4	static
/home/adamg/STApps/GS_Audio_N6/STM32N6-GettingStarted-Audio-main/Projects/GS/Src/stm32n6xx_it.c:303:6:EXTI9_IRQHandler	4	static
/home/adamg/STApps/GS_Audio_N6/STM32N6-GettingStarted-Audio-main/Projects/GS/Src/stm32n6xx_it.c:307:6:EXTI10_IRQHandler	4	static
/home/adamg/STApps/GS_Audio_N6/STM32N6-GettingStarted-Audio-main/Projects/GS/Src/stm32n6xx_it.c:311:6:EXTI11_IRQHandler	4	static
/home/adamg/STApps/GS_Audio_N6/STM32N6-GettingStarted-Audio-main/Projects/GS/Src/stm32n6xx_it.c:315:6:EXTI12_IRQHandler	4	static
/home/adamg/STApps/GS_Audio_N6/STM32N6-GettingStarted-Audio-main/Projects/GS/Src/stm32n6xx_it.c:323:6:EXTI14_IRQHandler	4	static
/home/adamg/STApps/GS_Audio_N6/STM32N6-GettingStarted-Audio-main/Projects/GS/Src/stm32n6xx_it.c:327:6:EXTI15_IRQHandler	4	static
/home/adamg/STApps/GS_Audio_N6/STM32N6-GettingStarted-Audio-main/Projects/GS/Src/stm32n6xx_it.c:331:6:SAES_IRQHandler	4	static
/home/adamg/STApps/GS_Audio_N6/STM32N6-GettingStarted-Audio-main/Projects/GS/Src/stm32n6xx_it.c:335:6:CRYP_IRQHandler	4	static
/home/adamg/STApps/GS_Audio_N6/STM32N6-GettingStarted-Audio-main/Projects/GS/Src/stm32n6xx_it.c:339:6:PKA_IRQHandler	4	static
/home/adamg/STApps/GS_Audio_N6/STM32N6-GettingStarted-Audio-main/Projects/GS/Src/stm32n6xx_it.c:343:6:HASH_IRQHandler	4	static
/home/adamg/STApps/GS_Audio_N6/STM32N6-GettingStarted-Audio-main/Projects/GS/Src/stm32n6xx_it.c:347:6:RNG_IRQHandler	4	static
/home/adamg/STApps/GS_Audio_N6/STM32N6-GettingStarted-Audio-main/Projects/GS/Src/stm32n6xx_it.c:351:6:MCE1_IRQHandler	4	static
/home/adamg/STApps/GS_Audio_N6/STM32N6-GettingStarted-Audio-main/Projects/GS/Src/stm32n6xx_it.c:355:6:MCE2_IRQHandler	4	static
/home/adamg/STApps/GS_Audio_N6/STM32N6-GettingStarted-Audio-main/Projects/GS/Src/stm32n6xx_it.c:359:6:MCE3_IRQHandler	4	static
/home/adamg/STApps/GS_Audio_N6/STM32N6-GettingStarted-Audio-main/Projects/GS/Src/stm32n6xx_it.c:363:6:MCE4_IRQHandler	4	static
/home/adamg/STApps/GS_Audio_N6/STM32N6-GettingStarted-Audio-main/Projects/GS/Src/stm32n6xx_it.c:367:6:ADC1_2_IRQHandler	4	static
/home/adamg/STApps/GS_Audio_N6/STM32N6-GettingStarted-Audio-main/Projects/GS/Src/stm32n6xx_it.c:371:6:CSI_IRQHandler	4	static
/home/adamg/STApps/GS_Audio_N6/STM32N6-GettingStarted-Audio-main/Projects/GS/Src/stm32n6xx_it.c:375:6:DCMIPP_IRQHandler	4	static
/home/adamg/STApps/GS_Audio_N6/STM32N6-GettingStarted-Audio-main/Projects/GS/Src/stm32n6xx_it.c:379:6:PAHB_ERR_IRQHandler	4	static
/home/adamg/STApps/GS_Audio_N6/STM32N6-GettingStarted-Audio-main/Projects/GS/Src/stm32n6xx_it.c:387:6:NPU1_IRQHandler	4	static
/home/adamg/STApps/GS_Audio_N6/STM32N6-GettingStarted-Audio-main/Projects/GS/Src/stm32n6xx_it.c:391:6:NPU2_IRQHandler	4	static
/home/adamg/STApps/GS_Audio_N6/STM32N6-GettingStarted-Audio-main/Projects/GS/Src/stm32n6xx_it.c:395:6:NPU3_IRQHandler	4	static
/home/adamg/STApps/GS_Audio_N6/STM32N6-GettingStarted-Audio-main/Projects/GS/Src/stm32n6xx_it.c:399:6:CACHEAXI_IRQHandler	4	static
/home/adamg/STApps/GS_Audio_N6/STM32N6-GettingStarted-Audio-main/Projects/GS/Src/stm32n6xx_it.c:403:6:LTDC_LO_IRQHandler	4	static
/home/adamg/STApps/GS_Audio_N6/STM32N6-GettingStarted-Audio-main/Projects/GS/Src/stm32n6xx_it.c:407:6:LTDC_LO_ERR_IRQHandler	4	static
/home/adamg/STApps/GS_Audio_N6/STM32N6-GettingStarted-Audio-main/Projects/GS/Src/stm32n6xx_it.c:411:6:DMA2D_IRQHandler	4	static
/home/adamg/STApps/GS_Audio_N6/STM32N6-GettingStarted-Audio-main/Projects/GS/Src/stm32n6xx_it.c:415:6:JPEG_IRQHandler	4	static
/home/adamg/STApps/GS_Audio_N6/STM32N6-GettingStarted-Audio-main/Projects/GS/Src/stm32n6xx_it.c:419:6:VENC_IRQHandler	4	static
/home/adamg/STApps/GS_Audio_N6/STM32N6-GettingStarted-Audio-main/Projects/GS/Src/stm32n6xx_it.c:423:6:GFXMMU_IRQHandler	4	static
/home/adamg/STApps/GS_Audio_N6/STM32N6-GettingStarted-Audio-main/Projects/GS/Src/stm32n6xx_it.c:427:6:GFXTIM_IRQHandler	4	static
/home/adamg/STApps/GS_Audio_N6/STM32N6-GettingStarted-Audio-main/Projects/GS/Src/stm32n6xx_it.c:431:6:GPU2D_IRQHandler	4	static
/home/adamg/STApps/GS_Audio_N6/STM32N6-GettingStarted-Audio-main/Projects/GS/Src/stm32n6xx_it.c:435:6:GPU2D_ER_IRQHandler	4	static
/home/adamg/STApps/GS_Audio_N6/STM32N6-GettingStarted-Audio-main/Projects/GS/Src/stm32n6xx_it.c:439:6:ICACHE_IRQHandler	4	static
/home/adamg/STApps/GS_Audio_N6/STM32N6-GettingStarted-Audio-main/Projects/GS/Src/stm32n6xx_it.c:443:6:HPDMA1_Channel0_IRQHandler	4	static
/home/adamg/STApps/GS_Audio_N6/STM32N6-GettingStarted-Audio-main/Projects/GS/Src/stm32n6xx_it.c:447:6:HPDMA1_Channel1_IRQHandler	4	static
/home/adamg/STApps/GS_Audio_N6/STM32N6-GettingStarted-Audio-main/Projects/GS/Src/stm32n6xx_it.c:451:6:HPDMA1_Channel2_IRQHandler	4	static
/home/adamg/STApps/GS_Audio_N6/STM32N6-GettingStarted-Audio-main/Projects/GS/Src/stm32n6xx_it.c:455:6:HPDMA1_Channel3_IRQHandler	4	static
/home/adamg/STApps/GS_Audio_N6/STM32N6-GettingStarted-Audio-main/Projects/GS/Src/stm32n6xx_it.c:459:6:HPDMA1_Channel4_IRQHandler	4	static
/home/adamg/STApps/GS_Audio_N6/STM32N6-GettingStarted-Audio-main/Projects/GS/Src/stm32n6xx_it.c:463:6:HPDMA1_Channel5_IRQHandler	4	static
/home/adamg/STApps/GS_Audio_N6/STM32N6-GettingStarted-Audio-main/Projects/GS/Src/stm32n6xx_it.c:467:6:HPDMA1_Channel6_IRQHandler	4	static
/home/adamg/STApps/GS_Audio_N6/STM32N6-GettingStarted-Audio-main/Projects/GS/Src/stm32n6xx_it.c:471:6:HPDMA1_Channel7_IRQHandler	4	static
/home/adamg/STApps/GS_Audio_N6/STM32N6-GettingStarted-Audio-main/Projects/GS/Src/stm32n6xx_it.c:475:6:HPDMA1_Channel8_IRQHandler	4	static
/home/adamg/STApps/GS_Audio_N6/STM32N6-GettingStarted-Audio-main/Projects/GS/Src/stm32n6xx_it.c:479:6:HPDMA1_Channel9_IRQHandler	4	static
/home/adamg/STApps/GS_Audio_N6/STM32N6-GettingStarted-Audio-main/Projects/GS/Src/stm32n6xx_it.c:483:6:HPDMA1_Channel10_IRQHandler	4	static
/home/adamg/STApps/GS_Audio_N6/STM32N6-GettingStarted-Audio-main/Projects/GS/Src/stm32n6xx_it.c:487:6:HPDMA1_Channel11_IRQHandler	4	static
/home/adamg/STApps/GS_Audio_N6/STM32N6-GettingStarted-Audio-main/Projects/GS/Src/stm32n6xx_it.c:491:6:HPDMA1_Channel12_IRQHandler	4	static
/home/adamg/STApps/GS_Audio_N6/STM32N6-GettingStarted-Audio-main/Projects/GS/Src/stm32n6xx_it.c:495:6:HPDMA1_Channel13_IRQHandler	4	static
/home/adamg/STApps/GS_Audio_N6/STM32N6-GettingStarted-Audio-main/Projects/GS/Src/stm32n6xx_it.c:499:6:HPDMA1_Channel14_IRQHandler	4	static
/home/adamg/STApps/GS_Audio_N6/STM32N6-GettingStarted-Audio-main/Projects/GS/Src/stm32n6xx_it.c:503:6:HPDMA1_Channel15_IRQHandler	4	static
/home/adamg/STApps/GS_Audio_N6/STM32N6-GettingStarted-Audio-main/Projects/GS/Src/stm32n6xx_it.c:511:6:GPDMA1_Channel1_IRQHandler	4	static
/home/adamg/STApps/GS_Audio_N6/STM32N6-GettingStarted-Audio-main/Projects/GS/Src/stm32n6xx_it.c:519:6:GPDMA1_Channel3_IRQHandler	4	static
/home/adamg/STApps/GS_Audio_N6/STM32N6-GettingStarted-Audio-main/Projects/GS/Src/stm32n6xx_it.c:523:6:GPDMA1_Channel4_IRQHandler	4	static
/home/adamg/STApps/GS_Audio_N6/STM32N6-GettingStarted-Audio-main/Projects/GS/Src/stm32n6xx_it.c:527:6:GPDMA1_Channel5_IRQHandler	4	static
/home/adamg/STApps/GS_Audio_N6/STM32N6-GettingStarted-Audio-main/Projects/GS/Src/stm32n6xx_it.c:531:6:GPDMA1_Channel6_IRQHandler	4	static
/home/adamg/STApps/GS_Audio_N6/STM32N6-GettingStarted-Audio-main/Projects/GS/Src/stm32n6xx_it.c:535:6:GPDMA1_Channel7_IRQHandler	4	static
/home/adamg/STApps/GS_Audio_N6/STM32N6-GettingStarted-Audio-main/Projects/GS/Src/stm32n6xx_it.c:539:6:GPDMA1_Channel8_IRQHandler	4	static
/home/adamg/STApps/GS_Audio_N6/STM32N6-GettingStarted-Audio-main/Projects/GS/Src/stm32n6xx_it.c:543:6:GPDMA1_Channel9_IRQHandler	4	static
/home/adamg/STApps/GS_Audio_N6/STM32N6-GettingStarted-Audio-main/Projects/GS/Src/stm32n6xx_it.c:547:6:GPDMA1_Channel10_IRQHandler	4	static
/home/adamg/STApps/GS_Audio_N6/STM32N6-GettingStarted-Audio-main/Projects/GS/Src/stm32n6xx_it.c:551:6:GPDMA1_Channel11_IRQHandler	4	static
/home/adamg/STApps/GS_Audio_N6/STM32N6-GettingStarted-Audio-main/Projects/GS/Src/stm32n6xx_it.c:555:6:GPDMA1_Channel12_IRQHandler	4	static
/home/adamg/STApps/GS_Audio_N6/STM32N6-GettingStarted-Audio-main/Projects/GS/Src/stm32n6xx_it.c:559:6:GPDMA1_Channel13_IRQHandler	4	static
/home/adamg/STApps/GS_Audio_N6/STM32N6-GettingStarted-Audio-main/Projects/GS/Src/stm32n6xx_it.c:563:6:GPDMA1_Channel14_IRQHandler	4	static
/home/adamg/STApps/GS_Audio_N6/STM32N6-GettingStarted-Audio-main/Projects/GS/Src/stm32n6xx_it.c:567:6:GPDMA1_Channel15_IRQHandler	4	static
/home/adamg/STApps/GS_Audio_N6/STM32N6-GettingStarted-Audio-main/Projects/GS/Src/stm32n6xx_it.c:571:6:I2C1_EV_IRQHandler	4	static
/home/adamg/STApps/GS_Audio_N6/STM32N6-GettingStarted-Audio-main/Projects/GS/Src/stm32n6xx_it.c:575:6:I2C1_ER_IRQHandler	4	static
/home/adamg/STApps/GS_Audio_N6/STM32N6-GettingStarted-Audio-main/Projects/GS/Src/stm32n6xx_it.c:579:6:I2C2_EV_IRQHandler	4	static
/home/adamg/STApps/GS_Audio_N6/STM32N6-GettingStarted-Audio-main/Projects/GS/Src/stm32n6xx_it.c:583:6:I2C2_ER_IRQHandler	4	static
/home/adamg/STApps/GS_Audio_N6/STM32N6-GettingStarted-Audio-main/Projects/GS/Src/stm32n6xx_it.c:587:6:I2C3_EV_IRQHandler	4	static
/home/adamg/STApps/GS_Audio_N6/STM32N6-GettingStarted-Audio-main/Projects/GS/Src/stm32n6xx_it.c:591:6:I2C3_ER_IRQHandler	4	static
/home/adamg/STApps/GS_Audio_N6/STM32N6-GettingStarted-Audio-main/Projects/GS/Src/stm32n6xx_it.c:595:6:I2C4_EV_IRQHandler	4	static
/home/adamg/STApps/GS_Audio_N6/STM32N6-GettingStarted-Audio-main/Projects/GS/Src/stm32n6xx_it.c:599:6:I2C4_ER_IRQHandler	4	static
/home/adamg/STApps/GS_Audio_N6/STM32N6-GettingStarted-Audio-main/Projects/GS/Src/stm32n6xx_it.c:603:6:I3C1_EV_IRQHandler	4	static
/home/adamg/STApps/GS_Audio_N6/STM32N6-GettingStarted-Audio-main/Projects/GS/Src/stm32n6xx_it.c:607:6:I3C1_ER_IRQHandler	4	static
/home/adamg/STApps/GS_Audio_N6/STM32N6-GettingStarted-Audio-main/Projects/GS/Src/stm32n6xx_it.c:611:6:I3C2_EV_IRQHandler	4	static
/home/adamg/STApps/GS_Audio_N6/STM32N6-GettingStarted-Audio-main/Projects/GS/Src/stm32n6xx_it.c:615:6:I3C2_ER_IRQHandler	4	static
/home/adamg/STApps/GS_Audio_N6/STM32N6-GettingStarted-Audio-main/Projects/GS/Src/stm32n6xx_it.c:619:6:TIM1_BRK_IRQHandler	4	static
/home/adamg/STApps/GS_Audio_N6/STM32N6-GettingStarted-Audio-main/Projects/GS/Src/stm32n6xx_it.c:623:6:TIM1_UP_IRQHandler	4	static
/home/adamg/STApps/GS_Audio_N6/STM32N6-GettingStarted-Audio-main/Projects/GS/Src/stm32n6xx_it.c:627:6:TIM1_TRG_COM_IRQHandler	4	static
/home/adamg/STApps/GS_Audio_N6/STM32N6-GettingStarted-Audio-main/Projects/GS/Src/stm32n6xx_it.c:631:6:TIM1_CC_IRQHandler	4	static
/home/adamg/STApps/GS_Audio_N6/STM32N6-GettingStarted-Audio-main/Projects/GS/Src/stm32n6xx_it.c:635:6:TIM2_IRQHandler	4	static
/home/adamg/STApps/GS_Audio_N6/STM32N6-GettingStarted-Audio-main/Projects/GS/Src/stm32n6xx_it.c:639:6:TIM3_IRQHandler	4	static
/home/adamg/STApps/GS_Audio_N6/STM32N6-GettingStarted-Audio-main/Projects/GS/Src/stm32n6xx_it.c:643:6:TIM4_IRQHandler	4	static
/home/adamg/STApps/GS_Audio_N6/STM32N6-GettingStarted-Audio-main/Projects/GS/Src/stm32n6xx_it.c:647:6:TIM5_IRQHandler	4	static
/home/adamg/STApps/GS_Audio_N6/STM32N6-GettingStarted-Audio-main/Projects/GS/Src/stm32n6xx_it.c:651:6:TIM6_IRQHandler	4	static
/home/adamg/STApps/GS_Audio_N6/STM32N6-GettingStarted-Audio-main/Projects/GS/Src/stm32n6xx_it.c:655:6:TIM7_IRQHandler	4	static
/home/adamg/STApps/GS_Audio_N6/STM32N6-GettingStarted-Audio-main/Projects/GS/Src/stm32n6xx_it.c:659:6:TIM8_BRK_IRQHandler	4	static
/home/adamg/STApps/GS_Audio_N6/STM32N6-GettingStarted-Audio-main/Projects/GS/Src/stm32n6xx_it.c:663:6:TIM8_UP_IRQHandler	4	static
/home/adamg/STApps/GS_Audio_N6/STM32N6-GettingStarted-Audio-main/Projects/GS/Src/stm32n6xx_it.c:667:6:TIM8_TRG_COM_IRQHandler	4	static
/home/adamg/STApps/GS_Audio_N6/STM32N6-GettingStarted-Audio-main/Projects/GS/Src/stm32n6xx_it.c:671:6:TIM8_CC_IRQHandler	4	static
/home/adamg/STApps/GS_Audio_N6/STM32N6-GettingStarted-Audio-main/Projects/GS/Src/stm32n6xx_it.c:675:6:TIM9_IRQHandler	4	static
/home/adamg/STApps/GS_Audio_N6/STM32N6-GettingStarted-Audio-main/Projects/GS/Src/stm32n6xx_it.c:679:6:TIM10_IRQHandler	4	static
/home/adamg/STApps/GS_Audio_N6/STM32N6-GettingStarted-Audio-main/Projects/GS/Src/stm32n6xx_it.c:683:6:TIM11_IRQHandler	4	static
/home/adamg/STApps/GS_Audio_N6/STM32N6-GettingStarted-Audio-main/Projects/GS/Src/stm32n6xx_it.c:687:6:TIM12_IRQHandler	4	static
/home/adamg/STApps/GS_Audio_N6/STM32N6-GettingStarted-Audio-main/Projects/GS/Src/stm32n6xx_it.c:691:6:TIM13_IRQHandler	4	static
/home/adamg/STApps/GS_Audio_N6/STM32N6-GettingStarted-Audio-main/Projects/GS/Src/stm32n6xx_it.c:695:6:TIM14_IRQHandler	4	static
/home/adamg/STApps/GS_Audio_N6/STM32N6-GettingStarted-Audio-main/Projects/GS/Src/stm32n6xx_it.c:699:6:TIM15_IRQHandler	4	static
/home/adamg/STApps/GS_Audio_N6/STM32N6-GettingStarted-Audio-main/Projects/GS/Src/stm32n6xx_it.c:703:6:TIM16_IRQHandler	4	static
/home/adamg/STApps/GS_Audio_N6/STM32N6-GettingStarted-Audio-main/Projects/GS/Src/stm32n6xx_it.c:707:6:TIM17_IRQHandler	4	static
/home/adamg/STApps/GS_Audio_N6/STM32N6-GettingStarted-Audio-main/Projects/GS/Src/stm32n6xx_it.c:711:6:TIM18_IRQHandler	4	static
/home/adamg/STApps/GS_Audio_N6/STM32N6-GettingStarted-Audio-main/Projects/GS/Src/stm32n6xx_it.c:715:6:LPTIM1_IRQHandler	4	static
/home/adamg/STApps/GS_Audio_N6/STM32N6-GettingStarted-Audio-main/Projects/GS/Src/stm32n6xx_it.c:719:6:LPTIM2_IRQHandler	4	static
/home/adamg/STApps/GS_Audio_N6/STM32N6-GettingStarted-Audio-main/Projects/GS/Src/stm32n6xx_it.c:723:6:LPTIM3_IRQHandler	4	static
/home/adamg/STApps/GS_Audio_N6/STM32N6-GettingStarted-Audio-main/Projects/GS/Src/stm32n6xx_it.c:727:6:LPTIM4_IRQHandler	4	static
/home/adamg/STApps/GS_Audio_N6/STM32N6-GettingStarted-Audio-main/Projects/GS/Src/stm32n6xx_it.c:731:6:LPTIM5_IRQHandler	4	static
/home/adamg/STApps/GS_Audio_N6/STM32N6-GettingStarted-Audio-main/Projects/GS/Src/stm32n6xx_it.c:735:6:ADF1_FLT0_IRQHandler	4	static
/home/adamg/STApps/GS_Audio_N6/STM32N6-GettingStarted-Audio-main/Projects/GS/Src/stm32n6xx_it.c:739:6:MDF1_FLT0_IRQHandler	4	static
/home/adamg/STApps/GS_Audio_N6/STM32N6-GettingStarted-Audio-main/Projects/GS/Src/stm32n6xx_it.c:743:6:MDF1_FLT1_IRQHandler	4	static
/home/adamg/STApps/GS_Audio_N6/STM32N6-GettingStarted-Audio-main/Projects/GS/Src/stm32n6xx_it.c:747:6:MDF1_FLT2_IRQHandler	4	static
/home/adamg/STApps/GS_Audio_N6/STM32N6-GettingStarted-Audio-main/Projects/GS/Src/stm32n6xx_it.c:751:6:MDF1_FLT3_IRQHandler	4	static
/home/adamg/STApps/GS_Audio_N6/STM32N6-GettingStarted-Audio-main/Projects/GS/Src/stm32n6xx_it.c:755:6:MDF1_FLT4_IRQHandler	4	static
/home/adamg/STApps/GS_Audio_N6/STM32N6-GettingStarted-Audio-main/Projects/GS/Src/stm32n6xx_it.c:759:6:MDF1_FLT5_IRQHandler	4	static
/home/adamg/STApps/GS_Audio_N6/STM32N6-GettingStarted-Audio-main/Projects/GS/Src/stm32n6xx_it.c:763:6:SAI1_A_IRQHandler	4	static
/home/adamg/STApps/GS_Audio_N6/STM32N6-GettingStarted-Audio-main/Projects/GS/Src/stm32n6xx_it.c:767:6:SAI1_B_IRQHandler	4	static
/home/adamg/STApps/GS_Audio_N6/STM32N6-GettingStarted-Audio-main/Projects/GS/Src/stm32n6xx_it.c:771:6:SAI2_A_IRQHandler	4	static
/home/adamg/STApps/GS_Audio_N6/STM32N6-GettingStarted-Audio-main/Projects/GS/Src/stm32n6xx_it.c:775:6:SAI2_B_IRQHandler	4	static
/home/adamg/STApps/GS_Audio_N6/STM32N6-GettingStarted-Audio-main/Projects/GS/Src/stm32n6xx_it.c:779:6:SPDIFRX1_IRQHandler	4	static
/home/adamg/STApps/GS_Audio_N6/STM32N6-GettingStarted-Audio-main/Projects/GS/Src/stm32n6xx_it.c:783:6:SPI1_IRQHandler	4	static
/home/adamg/STApps/GS_Audio_N6/STM32N6-GettingStarted-Audio-main/Projects/GS/Src/stm32n6xx_it.c:787:6:SPI2_IRQHandler	4	static
/home/adamg/STApps/GS_Audio_N6/STM32N6-GettingStarted-Audio-main/Projects/GS/Src/stm32n6xx_it.c:791:6:SPI3_IRQHandler	4	static
/home/adamg/STApps/GS_Audio_N6/STM32N6-GettingStarted-Audio-main/Projects/GS/Src/stm32n6xx_it.c:795:6:SPI4_IRQHandler	4	static
/home/adamg/STApps/GS_Audio_N6/STM32N6-GettingStarted-Audio-main/Projects/GS/Src/stm32n6xx_it.c:799:6:SPI5_IRQHandler	4	static
/home/adamg/STApps/GS_Audio_N6/STM32N6-GettingStarted-Audio-main/Projects/GS/Src/stm32n6xx_it.c:803:6:SPI6_IRQHandler	4	static
/home/adamg/STApps/GS_Audio_N6/STM32N6-GettingStarted-Audio-main/Projects/GS/Src/stm32n6xx_it.c:807:6:USART1_IRQHandler	4	static
/home/adamg/STApps/GS_Audio_N6/STM32N6-GettingStarted-Audio-main/Projects/GS/Src/stm32n6xx_it.c:811:6:USART2_IRQHandler	4	static
/home/adamg/STApps/GS_Audio_N6/STM32N6-GettingStarted-Audio-main/Projects/GS/Src/stm32n6xx_it.c:815:6:USART3_IRQHandler	4	static
/home/adamg/STApps/GS_Audio_N6/STM32N6-GettingStarted-Audio-main/Projects/GS/Src/stm32n6xx_it.c:819:6:UART4_IRQHandler	4	static
/home/adamg/STApps/GS_Audio_N6/STM32N6-GettingStarted-Audio-main/Projects/GS/Src/stm32n6xx_it.c:823:6:UART5_IRQHandler	4	static
/home/adamg/STApps/GS_Audio_N6/STM32N6-GettingStarted-Audio-main/Projects/GS/Src/stm32n6xx_it.c:827:6:USART6_IRQHandler	4	static
/home/adamg/STApps/GS_Audio_N6/STM32N6-GettingStarted-Audio-main/Projects/GS/Src/stm32n6xx_it.c:831:6:UART7_IRQHandler	4	static
/home/adamg/STApps/GS_Audio_N6/STM32N6-GettingStarted-Audio-main/Projects/GS/Src/stm32n6xx_it.c:835:6:UART8_IRQHandler	4	static
/home/adamg/STApps/GS_Audio_N6/STM32N6-GettingStarted-Audio-main/Projects/GS/Src/stm32n6xx_it.c:839:6:UART9_IRQHandler	4	static
/home/adamg/STApps/GS_Audio_N6/STM32N6-GettingStarted-Audio-main/Projects/GS/Src/stm32n6xx_it.c:843:6:USART10_IRQHandler	4	static
/home/adamg/STApps/GS_Audio_N6/STM32N6-GettingStarted-Audio-main/Projects/GS/Src/stm32n6xx_it.c:847:6:LPUART1_IRQHandler	4	static
/home/adamg/STApps/GS_Audio_N6/STM32N6-GettingStarted-Audio-main/Projects/GS/Src/stm32n6xx_it.c:851:6:XSPI1_IRQHandler	4	static
/home/adamg/STApps/GS_Audio_N6/STM32N6-GettingStarted-Audio-main/Projects/GS/Src/stm32n6xx_it.c:855:6:XSPI2_IRQHandler	4	static
/home/adamg/STApps/GS_Audio_N6/STM32N6-GettingStarted-Audio-main/Projects/GS/Src/stm32n6xx_it.c:859:6:XSPI3_IRQHandler	4	static
/home/adamg/STApps/GS_Audio_N6/STM32N6-GettingStarted-Audio-main/Projects/GS/Src/stm32n6xx_it.c:863:6:FMC_IRQHandler	4	static
/home/adamg/STApps/GS_Audio_N6/STM32N6-GettingStarted-Audio-main/Projects/GS/Src/stm32n6xx_it.c:867:6:SDMMC1_IRQHandler	4	static
/home/adamg/STApps/GS_Audio_N6/STM32N6-GettingStarted-Audio-main/Projects/GS/Src/stm32n6xx_it.c:871:6:SDMMC2_IRQHandler	4	static
/home/adamg/STApps/GS_Audio_N6/STM32N6-GettingStarted-Audio-main/Projects/GS/Src/stm32n6xx_it.c:875:6:UCPD1_IRQHandler	4	static
/home/adamg/STApps/GS_Audio_N6/STM32N6-GettingStarted-Audio-main/Projects/GS/Src/stm32n6xx_it.c:879:6:USB1_OTG_HS_IRQHandler	4	static
/home/adamg/STApps/GS_Audio_N6/STM32N6-GettingStarted-Audio-main/Projects/GS/Src/stm32n6xx_it.c:883:6:USB2_OTG_HS_IRQHandler	4	static
/home/adamg/STApps/GS_Audio_N6/STM32N6-GettingStarted-Audio-main/Projects/GS/Src/stm32n6xx_it.c:887:6:ETH1_IRQHandler	4	static
/home/adamg/STApps/GS_Audio_N6/STM32N6-GettingStarted-Audio-main/Projects/GS/Src/stm32n6xx_it.c:891:6:FDCAN1_IT0_IRQHandler	4	static
/home/adamg/STApps/GS_Audio_N6/STM32N6-GettingStarted-Audio-main/Projects/GS/Src/stm32n6xx_it.c:895:6:FDCAN1_IT1_IRQHandler	4	static
/home/adamg/STApps/GS_Audio_N6/STM32N6-GettingStarted-Audio-main/Projects/GS/Src/stm32n6xx_it.c:899:6:FDCAN2_IT0_IRQHandler	4	static
/home/adamg/STApps/GS_Audio_N6/STM32N6-GettingStarted-Audio-main/Projects/GS/Src/stm32n6xx_it.c:903:6:FDCAN2_IT1_IRQHandler	4	static
/home/adamg/STApps/GS_Audio_N6/STM32N6-GettingStarted-Audio-main/Projects/GS/Src/stm32n6xx_it.c:907:6:FDCAN3_IT0_IRQHandler	4	static
/home/adamg/STApps/GS_Audio_N6/STM32N6-GettingStarted-Audio-main/Projects/GS/Src/stm32n6xx_it.c:911:6:FDCAN3_IT1_IRQHandler	4	static
/home/adamg/STApps/GS_Audio_N6/STM32N6-GettingStarted-Audio-main/Projects/GS/Src/stm32n6xx_it.c:915:6:FDCAN_CU_IRQHandler	4	static
/home/adamg/STApps/GS_Audio_N6/STM32N6-GettingStarted-Audio-main/Projects/GS/Src/stm32n6xx_it.c:919:6:MDIOS_IRQHandler	4	static
/home/adamg/STApps/GS_Audio_N6/STM32N6-GettingStarted-Audio-main/Projects/GS/Src/stm32n6xx_it.c:923:6:DCMI_PSSI_IRQHandler	4	static
/home/adamg/STApps/GS_Audio_N6/STM32N6-GettingStarted-Audio-main/Projects/GS/Src/stm32n6xx_it.c:927:6:WAKEUP_PIN_IRQHandler	4	static
/home/adamg/STApps/GS_Audio_N6/STM32N6-GettingStarted-Audio-main/Projects/GS/Src/stm32n6xx_it.c:931:6:CTI_INT0_IRQHandler	4	static
/home/adamg/STApps/GS_Audio_N6/STM32N6-GettingStarted-Audio-main/Projects/GS/Src/stm32n6xx_it.c:935:6:CTI_INT1_IRQHandler	4	static
/home/adamg/STApps/GS_Audio_N6/STM32N6-GettingStarted-Audio-main/Projects/GS/Src/stm32n6xx_it.c:939:6:LTDC_UP_IRQHandler	4	static
/home/adamg/STApps/GS_Audio_N6/STM32N6-GettingStarted-Audio-main/Projects/GS/Src/stm32n6xx_it.c:943:6:LTDC_UP_ERR_IRQHandler	4	static
