/home/adamg/STApps/GS_Audio_N6/STM32N6-GettingStarted-Audio-main/Middlewares/ST/STM32_AI_AudioPreprocessing_Library/Src/feature_extraction.c:41:6:buf_to_float	32	static
/home/adamg/STApps/GS_Audio_N6/STM32N6-GettingStarted-Audio-main/Middlewares/ST/STM32_AI_AudioPreprocessing_Library/Src/feature_extraction.c:56:6:buf_to_float_normed	32	static
/home/adamg/STApps/GS_Audio_N6/STM32N6-GettingStarted-Audio-main/Middlewares/ST/STM32_AI_AudioPreprocessing_Library/Src/feature_extraction.c:75:6:SpectrogramColumn	56	static
/home/adamg/STApps/GS_Audio_N6/STM32N6-GettingStarted-Audio-main/Middlewares/ST/STM32_AI_AudioPreprocessing_Library/Src/feature_extraction.c:112:6:SpectrogramOneColumn	64	static
/home/adamg/STApps/GS_Audio_N6/STM32N6-GettingStarted-Audio-main/Middlewares/ST/STM32_AI_AudioPreprocessing_Library/Src/feature_extraction.c:152:6:MelSpectrogramColumn	40	static
/home/adamg/STApps/GS_Audio_N6/STM32N6-GettingStarted-Audio-main/Middlewares/ST/STM32_AI_AudioPreprocessing_Library/Src/feature_extraction.c:171:6:LogMelSpectrogramColumn	80	static
/home/adamg/STApps/GS_Audio_N6/STM32N6-GettingStarted-Audio-main/Middlewares/ST/STM32_AI_AudioPreprocessing_Library/Src/feature_extraction.c:225:6:audio_is16of32_fft	32	static
/home/adamg/STApps/GS_Audio_N6/STM32N6-GettingStarted-Audio-main/Middlewares/ST/STM32_AI_AudioPreprocessing_Library/Src/feature_extraction.c:250:6:LogMelSpectrogramColumn_q15_Q8	136	static,ignoring_inline_asm
/home/adamg/STApps/GS_Audio_N6/STM32N6-GettingStarted-Audio-main/Middlewares/ST/STM32_AI_AudioPreprocessing_Library/Src/feature_extraction.c:335:6:MfccColumn	32	static
/home/adamg/STApps/GS_Audio_N6/STM32N6-GettingStarted-Audio-main/Middlewares/ST/STM32_AI_AudioPreprocessing_Library/Src/feature_extraction.c:355:6:LogMelSpectrogramColumn_q15_os8_batch	40	static
