../Drivers/BSP/STM32N6570-DK/stm32n6570_discovery_xspi.c:1515:13:XSPI_NOR_MspInit	88	static
../Drivers/BSP/STM32N6570-DK/stm32n6570_discovery_xspi.c:1643:16:XSPI_NOR_ResetMemory	16	static
../Drivers/BSP/STM32N6570-DK/stm32n6570_discovery_xspi.c:1612:13:XSPI_NOR_MspDeInit	8	static
../Drivers/BSP/STM32N6570-DK/stm32n6570_discovery_xspi.c:2067:13:XSPI_RAM_MspDeInit	8	static
../Drivers/BSP/STM32N6570-DK/stm32n6570_discovery_xspi.c:1835:16:XSPI_NOR_ExitOPIMode	32	static
../Drivers/BSP/STM32N6570-DK/stm32n6570_discovery_xspi.c:1769:16:XSPI_NOR_EnterSOPIMode	32	static
../Drivers/BSP/STM32N6570-DK/stm32n6570_discovery_xspi.c:1696:16:XSPI_NOR_EnterDOPIMode	32	static
../Drivers/BSP/STM32N6570-DK/stm32n6570_discovery_xspi.c:1917:13:XSPI_RAM_MspInit	120	static
../Drivers/BSP/STM32N6570-DK/stm32n6570_discovery_xspi.c:338:26:MX_XSPI_NOR_Init	8	static
../Drivers/BSP/STM32N6570-DK/stm32n6570_discovery_xspi.c:456:9:BSP_XSPI_NOR_Read	32	static
../Drivers/BSP/STM32N6570-DK/stm32n6570_discovery_xspi.c:508:9:BSP_XSPI_NOR_Write	40	static
../Drivers/BSP/STM32N6570-DK/stm32n6570_discovery_xspi.c:607:9:BSP_XSPI_NOR_Erase_Block	32	static
../Drivers/BSP/STM32N6570-DK/stm32n6570_discovery_xspi.c:650:9:BSP_XSPI_NOR_Erase_Chip	16	static
../Drivers/BSP/STM32N6570-DK/stm32n6570_discovery_xspi.c:692:9:BSP_XSPI_NOR_GetStatus	16	static
../Drivers/BSP/STM32N6570-DK/stm32n6570_discovery_xspi.c:742:9:BSP_XSPI_NOR_GetInfo	8	static
../Drivers/BSP/STM32N6570-DK/stm32n6570_discovery_xspi.c:765:9:BSP_XSPI_NOR_EnableMemoryMappedMode	16	static
../Drivers/BSP/STM32N6570-DK/stm32n6570_discovery_xspi.c:817:9:BSP_XSPI_NOR_DisableMemoryMappedMode	8	static
../Drivers/BSP/STM32N6570-DK/stm32n6570_discovery_xspi.c:282:9:BSP_XSPI_NOR_DeInit	16	static
../Drivers/BSP/STM32N6570-DK/stm32n6570_discovery_xspi.c:853:9:BSP_XSPI_NOR_ReadID	8	static
../Drivers/BSP/STM32N6570-DK/stm32n6570_discovery_xspi.c:885:9:BSP_XSPI_NOR_ConfigFlash	16	static
../Drivers/BSP/STM32N6570-DK/stm32n6570_discovery_xspi.c:200:9:BSP_XSPI_NOR_Init	72	static,ignoring_inline_asm
../Drivers/BSP/STM32N6570-DK/stm32n6570_discovery_xspi.c:967:9:BSP_XSPI_NOR_SuspendErase	16	static
../Drivers/BSP/STM32N6570-DK/stm32n6570_discovery_xspi.c:1004:9:BSP_XSPI_NOR_ResumeErase	16	static
../Drivers/BSP/STM32N6570-DK/stm32n6570_discovery_xspi.c:1046:9:BSP_XSPI_NOR_EnterDeepPowerDown	8	static
../Drivers/BSP/STM32N6570-DK/stm32n6570_discovery_xspi.c:1076:9:BSP_XSPI_NOR_LeaveDeepPowerDown	8	static
../Drivers/BSP/STM32N6570-DK/stm32n6570_discovery_xspi.c:1241:26:MX_XSPI_RAM_Init	16	static
../Drivers/BSP/STM32N6570-DK/stm32n6570_discovery_xspi.c:1116:9:BSP_XSPI_RAM_Init	32	static
../Drivers/BSP/STM32N6570-DK/stm32n6570_discovery_xspi.c:1358:9:BSP_XSPI_RAM_Read	24	static
../Drivers/BSP/STM32N6570-DK/stm32n6570_discovery_xspi.c:1387:9:BSP_XSPI_RAM_Write	24	static
../Drivers/BSP/STM32N6570-DK/stm32n6570_discovery_xspi.c:1413:9:BSP_XSPI_RAM_EnableMemoryMappedMode	16	static
../Drivers/BSP/STM32N6570-DK/stm32n6570_discovery_xspi.c:1440:9:BSP_XSPI_RAM_DisableMemoryMappedMode	8	static
../Drivers/BSP/STM32N6570-DK/stm32n6570_discovery_xspi.c:1184:9:BSP_XSPI_RAM_DeInit	16	static
../Drivers/BSP/STM32N6570-DK/stm32n6570_discovery_xspi.c:1478:9:BSP_XSPI_RAM_ReadID	8	static
