../Drivers/BSP/STM32N6570-DK/stm32n6570_discovery_bus.c:1088:13:I2C_Compute_PRESC_SCLDEL_SDADEL	36	static
../Drivers/BSP/STM32N6570-DK/stm32n6570_discovery_bus.c:1173:17:I2C_Compute_SCLL_SCLH	72	static
../Drivers/BSP/STM32N6570-DK/stm32n6570_discovery_bus.c:1050:17:I2C_GetTiming	16	static
../Drivers/BSP/STM32N6570-DK/stm32n6570_discovery_bus.c:560:13:I2C1_MspInit	56	static
../Drivers/BSP/STM32N6570-DK/stm32n6570_discovery_bus.c:1253:13:I2C2_MspInit	64	static
../Drivers/BSP/STM32N6570-DK/stm32n6570_discovery_bus.c:608:13:I2C1_MspDeInit	32	static
../Drivers/BSP/STM32N6570-DK/stm32n6570_discovery_bus.c:1298:13:I2C2_MspDeInit	32	static
../Drivers/BSP/STM32N6570-DK/stm32n6570_discovery_bus.c:634:16:I2C1_WriteReg	24	static
../Drivers/BSP/STM32N6570-DK/stm32n6570_discovery_bus.c:1324:16:I2C2_WriteReg	24	static
../Drivers/BSP/STM32N6570-DK/stm32n6570_discovery_bus.c:653:16:I2C1_ReadReg	24	static
../Drivers/BSP/STM32N6570-DK/stm32n6570_discovery_bus.c:1343:16:I2C2_ReadReg	24	static
../Drivers/BSP/STM32N6570-DK/stm32n6570_discovery_bus.c:245:9:BSP_I2C1_DeInit	8	static
../Drivers/BSP/STM32N6570-DK/stm32n6570_discovery_bus.c:273:26:MX_I2C1_Init	8	static
../Drivers/BSP/STM32N6570-DK/stm32n6570_discovery_bus.c:194:9:BSP_I2C1_Init	8	static
../Drivers/BSP/STM32N6570-DK/stm32n6570_discovery_bus.c:319:9:BSP_I2C1_WriteReg	16	static
../Drivers/BSP/STM32N6570-DK/stm32n6570_discovery_bus.c:356:9:BSP_I2C1_ReadReg	16	static
../Drivers/BSP/STM32N6570-DK/stm32n6570_discovery_bus.c:393:9:BSP_I2C1_WriteReg16	16	static
../Drivers/BSP/STM32N6570-DK/stm32n6570_discovery_bus.c:430:9:BSP_I2C1_ReadReg16	16	static
../Drivers/BSP/STM32N6570-DK/stm32n6570_discovery_bus.c:466:9:BSP_I2C1_IsReady	8	static
../Drivers/BSP/STM32N6570-DK/stm32n6570_discovery_bus.c:719:9:BSP_I2C2_DeInit	8	static
../Drivers/BSP/STM32N6570-DK/stm32n6570_discovery_bus.c:747:26:MX_I2C2_Init	8	static
../Drivers/BSP/STM32N6570-DK/stm32n6570_discovery_bus.c:668:9:BSP_I2C2_Init	8	static
../Drivers/BSP/STM32N6570-DK/stm32n6570_discovery_bus.c:793:9:BSP_I2C2_WriteReg	16	static
../Drivers/BSP/STM32N6570-DK/stm32n6570_discovery_bus.c:830:9:BSP_I2C2_ReadReg	16	static
../Drivers/BSP/STM32N6570-DK/stm32n6570_discovery_bus.c:867:9:BSP_I2C2_WriteReg16	16	static
../Drivers/BSP/STM32N6570-DK/stm32n6570_discovery_bus.c:904:9:BSP_I2C2_ReadReg16	16	static
../Drivers/BSP/STM32N6570-DK/stm32n6570_discovery_bus.c:940:9:BSP_I2C2_IsReady	8	static
../Drivers/BSP/STM32N6570-DK/stm32n6570_discovery_bus.c:962:9:BSP_GetTick	8	static
