../../../../Drivers/STM32N6xx_HAL_Driver/Inc/stm32n6xx_ll_bus.h:785:22:LL_MEM_EnableClockLowPower	24	static
../../../../Drivers/STM32N6xx_HAL_Driver/Inc/stm32n6xx_ll_bus.h:1301:22:LL_AHB3_GRP1_EnableClockLowPower	24	static
../../../../Drivers/STM32N6xx_HAL_Driver/Inc/stm32n6xx_ll_bus.h:1407:22:LL_AHB4_GRP1_EnableClock	24	static
../../../../Drivers/STM32N6xx_HAL_Driver/Inc/stm32n6xx_ll_bus.h:1755:22:LL_AHB5_GRP1_EnableClock	24	static
../../../../Drivers/STM32N6xx_HAL_Driver/Inc/stm32n6xx_ll_bus.h:1945:22:LL_AHB5_GRP1_ForceReset	16	static
../../../../Drivers/STM32N6xx_HAL_Driver/Inc/stm32n6xx_ll_bus.h:1999:22:LL_AHB5_GRP1_ReleaseReset	16	static
../../../../Drivers/STM32N6xx_HAL_Driver/Inc/stm32n6xx_ll_bus.h:2065:22:LL_AHB5_GRP1_EnableClockLowPower	24	static
../../../../Drivers/STM32N6xx_HAL_Driver/Inc/stm32n6xx_ll_bus.h:2909:22:LL_APB2_GRP1_EnableClock	24	static
../../../../Drivers/STM32N6xx_HAL_Driver/Inc/stm32n6xx_ll_bus.h:3039:22:LL_APB2_GRP1_ForceReset	16	static
../../../../Drivers/STM32N6xx_HAL_Driver/Inc/stm32n6xx_ll_bus.h:3081:22:LL_APB2_GRP1_ReleaseReset	16	static
../../../../Drivers/STM32N6xx_HAL_Driver/Inc/stm32n6xx_ll_bus.h:3123:22:LL_APB2_GRP1_EnableClockLowPower	24	static
../../../../Drivers/STM32N6xx_HAL_Driver/Inc/stm32n6xx_ll_bus.h:3495:22:LL_APB4_GRP2_EnableClock	24	static
../../../../Drivers/STM32N6xx_HAL_Driver/Inc/stm32n6xx_ll_bus.h:3915:22:LL_MISC_EnableClockLowPower	24	static
/home/adamg/STApps/GS_Audio_N6/STM32N6-GettingStarted-Audio-main/Projects/Common/misc_toolbox.c:30:17:get_risaf_max_addr	24	static
/home/adamg/STApps/GS_Audio_N6/STM32N6-GettingStarted-Audio-main/Projects/Common/misc_toolbox.c:53:13:set_risaf_default	48	static
/home/adamg/STApps/GS_Audio_N6/STM32N6-GettingStarted-Audio-main/Projects/Common/misc_toolbox.c:70:13:fuse_hardware_conf	40	static
/home/adamg/STApps/GS_Audio_N6/STM32N6-GettingStarted-Audio-main/Projects/Common/misc_toolbox.c:117:6:set_clk_sleep_mode	8	static
/home/adamg/STApps/GS_Audio_N6/STM32N6-GettingStarted-Audio-main/Projects/Common/misc_toolbox.c:163:6:upscale_vddcore_level	8	static
/home/adamg/STApps/GS_Audio_N6/STM32N6-GettingStarted-Audio-main/Projects/Common/misc_toolbox.c:182:6:UART_Config	32	static
/home/adamg/STApps/GS_Audio_N6/STM32N6-GettingStarted-Audio-main/Projects/Common/misc_toolbox.c:230:6:NPU_Config	16	static
/home/adamg/STApps/GS_Audio_N6/STM32N6-GettingStarted-Audio-main/Projects/Common/misc_toolbox.c:259:6:RISAF_Config	8	static
/home/adamg/STApps/GS_Audio_N6/STM32N6-GettingStarted-Audio-main/Projects/Common/misc_toolbox.c:292:6:set_vector_table_addr	8	static,ignoring_inline_asm
/home/adamg/STApps/GS_Audio_N6/STM32N6-GettingStarted-Audio-main/Projects/Common/misc_toolbox.c:306:6:system_init_post	8	static
/home/adamg/STApps/GS_Audio_N6/STM32N6-GettingStarted-Audio-main/Projects/Common/misc_toolbox.c:326:6:fuse_vddio	8	static
